159.65.139.187 - - [12/Mar/2018:15:20:20 +0900] "GET /zx425/defaultf/login HTTP/1.1" 301 185 "-" "Mozilla/5.0 (Macintosh; Intel Mac OS X 10.13; rv:58.0) Gecko/20100101 Firefox/58.0" "-"
157.55.39.169 - - [12/Mar/2018:16:07:35 +0900] "GET / HTTP/1.1" 301 185 "-" "Mozilla/5.0 (compatible; bingbot/2.0; +http://www.bing.com/bingbot.htm)" "-"
54.162.74.182 - - [12/Mar/2018:19:47:09 +0900] "GET /robots.txt HTTP/1.1" 301 185 "-" "BUbiNG (+http://law.di.unimi.it/BUbiNG.html#wc)" "-"
216.244.83.210 - - [12/Mar/2018:22:30:33 +0900] "GET / HTTP/1.1" 301 185 "-" "sysscan/1.0 (https://github.com/robertdavidgraham/sysscan)" "-"
36.48.152.89 - - [13/Mar/2018:01:18:08 +0900] "GET / HTTP/1.1" 301 185 "-" "Mozilla/4.0 (compatible; Win32; WinHttp.WinHttpRequest.5)" "-"
86.100.128.92 - - [13/Mar/2018:01:45:10 +0900] "GET / HTTP/1.1" 301 185 "-" "-" "-"
89.216.113.17 - - [13/Mar/2018:01:45:26 +0900] "GET / HTTP/1.1" 301 185 "-" "-" "-"
159.65.139.187 - - [13/Mar/2018:01:58:26 +0900] "HEAD /Public/gec/web/img/lgoinbg1m2.jpg HTTP/1.1" 301 0 "-" "Mozilla/5.0 (Macintosh; Intel Mac OS X 10.13; rv:58.0) Gecko/20100101 Firefox/58.0" "-"
46.229.164.99 - - [13/Mar/2018:03:51:57 +0900] "GET /robots.txt HTTP/1.1" 301 185 "-" "Mozilla/5.0 (compatible; SemrushBot/1.2~bl; +http://www.semrush.com/bot.html)" "-"
216.244.83.210 - - [13/Mar/2018:04:55:06 +0900] "GET / HTTP/1.1" 301 185 "-" "sysscan/1.0 (https://github.com/robertdavidgraham/sysscan)" "-"
216.244.66.243 - - [13/Mar/2018:05:22:49 +0900] "GET /robots.txt HTTP/1.1" 301 185 "-" "Mozilla/5.0 (compatible; DotBot/1.1; http://www.opensiteexplorer.org/dotbot, help@moz.com)" "-"
64.74.215.166 - - [13/Mar/2018:06:03:43 +0900] "GET /index.htm HTTP/1.1" 301 185 "-" "Mozilla/5.0 (Windows NT 6.1) AppleWebKit/537.36 (KHTML, like Gecko) Chrome/56.0.2924.76 Safari/537.36" "-"
207.46.13.29 - - [13/Mar/2018:06:13:47 +0900] "GET / HTTP/1.1" 301 185 "-" "Mozilla/5.0 (compatible; bingbot/2.0; +http://www.bing.com/bingbot.htm)" "-"
89.19.24.154 - - [13/Mar/2018:07:55:28 +0900] "GET /cgi-bin/php HTTP/1.1" 301 185 "-" "-" "-"
89.19.24.154 - - [13/Mar/2018:07:55:28 +0900] "GET /cgi-bin/php5 HTTP/1.1" 301 185 "-" "-" "-"
89.19.24.154 - - [13/Mar/2018:07:55:29 +0900] "GET /cgi-bin/php-cgi HTTP/1.1" 301 185 "-" "-" "-"
89.19.24.154 - - [13/Mar/2018:07:55:29 +0900] "GET /cgi-bin/php.cgi HTTP/1.1" 301 185 "-" "-" "-"
89.19.24.154 - - [13/Mar/2018:07:55:29 +0900] "GET /cgi-bin/php4 HTTP/1.1" 301 185 "-" "-" "-"
89.19.24.154 - - [13/Mar/2018:07:55:30 +0900] "GET /cgi-bin/php5-cli HTTP/1.1" 301 185 "-" "-" "-"
89.19.24.154 - - [13/Mar/2018:07:55:30 +0900] "GET /cgi-bin/test.cgi HTTP/1.1" 301 185 "-" "-" "-"
89.19.24.154 - - [13/Mar/2018:07:55:30 +0900] "GET /cgi-sys/php5 HTTP/1.1" 301 185 "-" "-" "-"
159.65.139.187 - - [13/Mar/2018:10:29:05 +0900] "HEAD /Public/gec/web/img/lgoinbg1m2.jpg HTTP/1.1" 301 0 "-" "Mozilla/5.0 (Macintosh; Intel Mac OS X 10.13; rv:58.0) Gecko/20100101 Firefox/58.0" "-"
179.216.61.107 - - [13/Mar/2018:14:08:53 +0900] "GET /cgi/common.cgi HTTP/1.1" 301 185 "-" "Wget(linux)" "-"
179.216.61.107 - - [13/Mar/2018:14:08:57 +0900] "GET /stssys.htm HTTP/1.1" 301 185 "-" "Wget(linux)" "-"
179.216.61.107 - - [13/Mar/2018:14:09:01 +0900] "GET / HTTP/1.1" 301 185 "-" "Wget(linux)" "-"
196.52.43.91 - - [13/Mar/2018:16:04:45 +0900] "GET / HTTP/1.1" 301 185 "-" "Mozilla/5.0(WindowsNT6.1;rv:31.0)Gecko/20100101Firefox/31.0" "-"
216.244.66.243 - - [13/Mar/2018:16:20:00 +0900] "GET /robots.txt HTTP/1.1" 301 185 "-" "Mozilla/5.0 (compatible; DotBot/1.1; http://www.opensiteexplorer.org/dotbot, help@moz.com)" "-"
198.58.98.140 - - [13/Mar/2018:16:54:10 +0900] "GET / HTTP/1.1" 301 185 "-" "-" "-"
100.42.229.122 - - [13/Mar/2018:17:44:47 +0900] "HEAD /phpmyadmin/index.php HTTP/1.1" 301 0 "-" "-" "-"
183.129.160.229 - - [13/Mar/2018:18:01:37 +0900] "GET /wp-includes/SimplePie/ogi.exe HTTP/1.1" 301 185 "-" "Mozilla/5.0 (Macintosh; Intel Mac OS X 10.11; rv:47.0) Gecko/20100101 Firefox/47.0" "-"
183.129.160.229 - - [13/Mar/2018:18:01:37 +0900] "GET /wp-includes/js/nri.exe HTTP/1.1" 301 185 "-" "Mozilla/5.0 (Macintosh; Intel Mac OS X 10.11; rv:47.0) Gecko/20100101 Firefox/47.0" "-"
183.129.160.229 - - [13/Mar/2018:18:01:42 +0900] "GET /wp-includes/ HTTP/1.1" 301 185 "-" "Mozilla/5.0 (Macintosh; Intel Mac OS X 10.11; rv:47.0) Gecko/20100101 Firefox/47.0" "-"
159.65.139.187 - - [13/Mar/2018:19:05:51 +0900] "HEAD /SiteViews/Simplified/Index/Images/Home/f2.png HTTP/1.1" 301 0 "-" "Mozilla/5.0 (Macintosh; Intel Mac OS X 10.13; rv:58.0) Gecko/20100101 Firefox/58.0" "-"
172.104.23.69 - - [13/Mar/2018:19:54:41 +0900] "GET / HTTP/1.1" 301 185 "-" "-" "-"
78.211.5.52 - - [13/Mar/2018:20:37:10 +0900] "GET / HTTP/1.1" 301 185 "-" "-" "-"
157.55.39.22 - - [13/Mar/2018:21:19:38 +0900] "GET /robots.txt HTTP/1.1" 301 185 "-" "Mozilla/5.0 (compatible; bingbot/2.0; +http://www.bing.com/bingbot.htm)" "-"
207.46.13.29 - - [13/Mar/2018:21:19:44 +0900] "GET / HTTP/1.1" 301 185 "-" "Mozilla/5.0 (compatible; bingbot/2.0; +http://www.bing.com/bingbot.htm)" "-"
185.25.249.77 - - [13/Mar/2018:22:18:25 +0900] "GET / HTTP/1.1" 301 185 "-" "Mozilla/5.0 (compatible; Googlebot/2.1; +http://www.google.com/bot.html)" "-"
66.228.49.95 - - [13/Mar/2018:23:01:22 +0900] "GET / HTTP/1.1" 301 185 "-" "-" "-"
38.122.227.170 - - [14/Mar/2018:02:32:53 +0900] "GET / HTTP/1.1" 301 185 "-" "-" "-"
216.244.83.210 - - [14/Mar/2018:05:04:05 +0900] "GET / HTTP/1.1" 301 185 "-" "sysscan/1.0 (https://github.com/robertdavidgraham/sysscan)" "-"
199.16.157.182 - - [14/Mar/2018:06:53:45 +0900] "GET /robots.txt HTTP/1.1" 301 185 "-" "Twitterbot/1.0" "-"
199.16.157.182 - - [14/Mar/2018:06:53:45 +0900] "GET / HTTP/1.1" 301 185 "-" "Twitterbot/1.0" "-"
207.46.13.29 - - [14/Mar/2018:09:04:02 +0900] "GET / HTTP/1.1" 301 185 "-" "Mozilla/5.0 (compatible; bingbot/2.0; +http://www.bing.com/bingbot.htm)" "-"
209.126.136.4 - - [14/Mar/2018:09:35:31 +0900] "GET / HTTP/1.1" 301 185 "-" "Mozilla/5.0 (Windows NT 10.0; Win64; x64) AppleWebKit/537.36 (KHTML, like Gecko) Chrome/57.0.2987.133 Safari/537.36" "-"
71.6.202.198 - - [14/Mar/2018:11:13:01 +0900] "GET /ccvv HTTP/1.1" 301 185 "-" "Mozilla/5.0 (compatible; MSIE 9.0; Windows NT 6.1; WOW64)" "-"
34.232.52.153 - - [14/Mar/2018:11:16:55 +0900] "GET /robots.txt HTTP/1.1" 301 185 "-" "BUbiNG (+http://law.di.unimi.it/BUbiNG.html#wc)" "-"
34.232.52.153 - - [14/Mar/2018:11:17:27 +0900] "GET / HTTP/1.1" 301 185 "-" "BUbiNG (+http://law.di.unimi.it/BUbiNG.html#wc)" "-"
104.225.222.43 - - [14/Mar/2018:12:36:30 +0900] "GET / HTTP/1.1" 301 185 "-" "-" "-"
104.225.222.43 - - [14/Mar/2018:12:40:57 +0900] "GET /robots.txt HTTP/1.1" 301 185 "-" "Mozilla/5.0 (compatible; Nmap Scripting Engine; https://nmap.org/book/nse.html)" "-"
104.225.222.43 - - [14/Mar/2018:12:41:13 +0900] "PROPFIND / HTTP/1.1" 301 185 "-" "Mozilla/5.0 (compatible; Nmap Scripting Engine; https://nmap.org/book/nse.html)" "-"
104.225.222.43 - - [14/Mar/2018:12:41:21 +0900] "GET / HTTP/1.1" 301 185 "-" "Mozilla/5.0 (compatible; Nmap Scripting Engine; https://nmap.org/book/nse.html)" "-"
104.225.222.43 - - [14/Mar/2018:12:41:22 +0900] "GET /favicon.ico HTTP/1.1" 301 185 "-" "Mozilla/5.0 (compatible; Nmap Scripting Engine; https://nmap.org/book/nse.html)" "-"
104.225.222.43 - - [14/Mar/2018:12:41:29 +0900] "GET /.git/HEAD HTTP/1.1" 301 185 "-" "Mozilla/5.0 (compatible; Nmap Scripting Engine; https://nmap.org/book/nse.html)" "-"
104.225.222.43 - - [14/Mar/2018:12:41:30 +0900] "OPTIONS / HTTP/1.1" 301 185 "-" "Mozilla/5.0 (compatible; Nmap Scripting Engine; https://nmap.org/book/nse.html)" "-"
104.225.222.43 - - [14/Mar/2018:12:41:30 +0900] "MBHQ / HTTP/1.1" 301 185 "-" "Mozilla/5.0 (compatible; Nmap Scripting Engine; https://nmap.org/book/nse.html)" "-"
104.225.222.43 - - [14/Mar/2018:12:41:30 +0900] "GET / HTTP/1.1" 301 185 "-" "Mozilla/5.0 (compatible; Nmap Scripting Engine; https://nmap.org/book/nse.html)" "-"
104.225.222.43 - - [14/Mar/2018:12:41:31 +0900] "HEAD / HTTP/1.1" 301 0 "-" "Mozilla/5.0 (compatible; Nmap Scripting Engine; https://nmap.org/book/nse.html)" "-"
104.225.222.43 - - [14/Mar/2018:12:41:32 +0900] "POST / HTTP/1.1" 301 185 "-" "Mozilla/5.0 (compatible; Nmap Scripting Engine; https://nmap.org/book/nse.html)" "-"
104.225.222.43 - - [14/Mar/2018:12:41:32 +0900] "OPTIONS / HTTP/1.1" 301 185 "-" "Mozilla/5.0 (compatible; Nmap Scripting Engine; https://nmap.org/book/nse.html)" "-"
104.225.222.43 - - [14/Mar/2018:12:41:40 +0900] "OPTIONS / HTTP/1.1" 301 185 "-" "Mozilla/5.0 (compatible; Nmap Scripting Engine; https://nmap.org/book/nse.html)" "-"
104.225.222.43 - - [14/Mar/2018:12:41:41 +0900] "OPTIONS / HTTP/1.1" 301 185 "-" "Mozilla/5.0 (compatible; Nmap Scripting Engine; https://nmap.org/book/nse.html)" "-"
104.225.222.43 - - [14/Mar/2018:12:41:41 +0900] "OPTIONS / HTTP/1.1" 301 185 "-" "Mozilla/5.0 (compatible; Nmap Scripting Engine; https://nmap.org/book/nse.html)" "-"
104.225.222.43 - - [14/Mar/2018:12:41:41 +0900] "OPTIONS / HTTP/1.1" 301 185 "-" "Mozilla/5.0 (compatible; Nmap Scripting Engine; https://nmap.org/book/nse.html)" "-"
104.225.222.43 - - [14/Mar/2018:12:41:42 +0900] "OPTIONS / HTTP/1.1" 301 185 "-" "Mozilla/5.0 (compatible; Nmap Scripting Engine; https://nmap.org/book/nse.html)" "-"
104.225.222.43 - - [14/Mar/2018:12:41:42 +0900] "OPTIONS / HTTP/1.1" 301 185 "-" "Mozilla/5.0 (compatible; Nmap Scripting Engine; https://nmap.org/book/nse.html)" "-"
104.225.222.43 - - [14/Mar/2018:12:41:43 +0900] "OPTIONS / HTTP/1.1" 301 185 "-" "Mozilla/5.0 (compatible; Nmap Scripting Engine; https://nmap.org/book/nse.html)" "-"
104.225.222.43 - - [14/Mar/2018:12:41:43 +0900] "OPTIONS / HTTP/1.1" 301 185 "-" "Mozilla/5.0 (compatible; Nmap Scripting Engine; https://nmap.org/book/nse.html)" "-"
104.225.222.43 - - [14/Mar/2018:12:41:44 +0900] "OPTIONS / HTTP/1.1" 301 185 "-" "Mozilla/5.0 (compatible; Nmap Scripting Engine; https://nmap.org/book/nse.html)" "-"
104.225.222.43 - - [14/Mar/2018:12:41:57 +0900] "PROPFIND / HTTP/1.1" 301 185 "-" "Mozilla/5.0 (compatible; Nmap Scripting Engine; https://nmap.org/book/nse.html)" "-"
104.225.222.43 - - [14/Mar/2018:12:41:58 +0900] "\x16\x03\x01\x02\x00\x01\x00\x01\xFC\x03\x03\xEBS\xEB\xEB\x06*\xE9@\xBEG\x8Fi\xBA\x83\x9C\xB3$\xB2E\xBC\xDB\x97\x1E\xEC\x00Z\x87\xFFP\x11 p\x00\x00\xD8\x00\x05\x00\x04\x00\x02\x00\x01\x00\x16\x003\x009\x00:\x00\x18\x005\x00" 400 173 "-" "-" "-"
104.225.222.43 - - [14/Mar/2018:12:42:03 +0900] "GET /nmaplowercheck1520998708 HTTP/1.1" 301 185 "-" "Mozilla/5.0 (compatible; Nmap Scripting Engine; https://nmap.org/book/nse.html)" "-"
104.225.222.43 - - [14/Mar/2018:12:42:03 +0900] "GET /HNAP1 HTTP/1.1" 301 185 "-" "Mozilla/5.0 (compatible; Nmap Scripting Engine; https://nmap.org/book/nse.html)" "-"
104.225.222.43 - - [14/Mar/2018:12:42:08 +0900] "GET / HTTP/1.1" 301 185 "-" "Mozilla/5.0 (compatible; Nmap Scripting Engine; https://nmap.org/book/nse.html)" "-"
104.225.222.43 - - [14/Mar/2018:12:42:20 +0900] "OPTIONS / HTTP/1.1" 301 185 "-" "Mozilla/5.0 (compatible; Nmap Scripting Engine; https://nmap.org/book/nse.html)" "-"
104.225.222.43 - - [14/Mar/2018:12:42:21 +0900] "PROPFIND / HTTP/1.1" 301 185 "-" "Mozilla/5.0 (compatible; Nmap Scripting Engine; https://nmap.org/book/nse.html)" "-"
104.225.222.43 - - [14/Mar/2018:12:42:24 +0900] "POST / HTTP/1.1" 301 185 "-" "Mozilla/5.0 (compatible; Nmap Scripting Engine; https://nmap.org/book/nse.html)" "-"
141.212.122.81 - - [14/Mar/2018:12:54:37 +0900] "GET / HTTP/1.1" 301 185 "-" "Mozilla/5.0 zgrab/0.x" "-"
207.46.13.80 - - [14/Mar/2018:23:53:48 +0900] "GET / HTTP/1.1" 301 185 "-" "Mozilla/5.0 (compatible; bingbot/2.0; +http://www.bing.com/bingbot.htm)" "-"
129.78.110.124 - - [15/Mar/2018:00:37:28 +0900] "GET / HTTP/1.1" 301 185 "-" "-" "-"
172.104.108.109 - - [15/Mar/2018:02:47:25 +0900] "GET / HTTP/1.1" 301 185 "-" "Mozilla/5.0" "-"
104.214.66.185 - - [15/Mar/2018:03:01:31 +0900] "\xCC\xB7\xDC\xAE\xE1\xA5'u3H#QKO\xEA\xC2\x00\x00\x00\x00\x00\x00\x00\x00\x00\x00\x00\x00\x00\x00\x00\x00\x00\x00\x00\x00\x00\x00\x00\x00\x00\x00\x00\x00\x00\x00\x00\x00\x00\x00\x00\x00\x00\x00\x00\x00\x00\x00\x00\x00\x00\x00\x00\x00" 400 173 "-" "-" "-"
216.244.83.210 - - [15/Mar/2018:03:38:38 +0900] "GET / HTTP/1.1" 301 185 "-" "sysscan/1.0 (https://github.com/robertdavidgraham/sysscan)" "-"
52.3.250.31 - - [15/Mar/2018:03:48:10 +0900] "GET /robots.txt HTTP/1.1" 301 185 "-" "BUbiNG (+http://law.di.unimi.it/BUbiNG.html#wc)" "-"
52.3.250.31 - - [15/Mar/2018:03:48:42 +0900] "GET / HTTP/1.1" 301 185 "-" "BUbiNG (+http://law.di.unimi.it/BUbiNG.html#wc)" "-"
216.244.66.243 - - [15/Mar/2018:04:47:17 +0900] "GET /robots.txt HTTP/1.1" 301 185 "-" "Mozilla/5.0 (compatible; DotBot/1.1; http://www.opensiteexplorer.org/dotbot, help@moz.com)" "-"
169.229.3.91 - - [15/Mar/2018:09:50:16 +0900] "\xDE\xE9\xC6\xBC!\x169C\xD3\x8Dy\xBD\xAD\x84\x97\x9FY\x08)I\xAD" 400 173 "-" "-" "-"
46.229.164.102 - - [15/Mar/2018:10:14:36 +0900] "GET /robots.txt HTTP/1.1" 301 185 "-" "Mozilla/5.0 (compatible; SemrushBot/1.2~bl; +http://www.semrush.com/bot.html)" "-"
52.91.165.196 - - [15/Mar/2018:13:27:51 +0900] "GET /robots.txt HTTP/1.1" 301 185 "-" "BUbiNG (+http://law.di.unimi.it/BUbiNG.html#wc)" "-"
52.91.165.196 - - [15/Mar/2018:13:31:40 +0900] "GET / HTTP/1.1" 301 185 "-" "BUbiNG (+http://law.di.unimi.it/BUbiNG.html#wc)" "-"
167.99.64.167 - - [15/Mar/2018:15:52:31 +0900] "HEAD /PluginView/zx425/FrontContent/images/logo.png HTTP/1.1" 301 0 "-" "Mozilla/5.0 (Macintosh; Intel Mac OS X 10.13; rv:58.0) Gecko/20100101 Firefox/58.0" "-"
216.244.66.243 - - [15/Mar/2018:16:19:16 +0900] "GET /robots.txt HTTP/1.1" 301 185 "-" "Mozilla/5.0 (compatible; DotBot/1.1; http://www.opensiteexplorer.org/dotbot, help@moz.com)" "-"
139.162.108.53 - - [15/Mar/2018:16:26:56 +0900] "GET / HTTP/1.1" 301 185 "-" "Mozilla/5.0 (Windows NT 10.0; WOW64) AppleWebKit/537.36 (KHTML, like Gecko) Chrome/50.0.2661.102 Safari/537.36" "-"
157.55.39.82 - - [15/Mar/2018:18:37:16 +0900] "GET /robots.txt HTTP/1.1" 301 185 "-" "Mozilla/5.0 (compatible; bingbot/2.0; +http://www.bing.com/bingbot.htm)" "-"
104.225.223.144 - - [15/Mar/2018:19:46:44 +0900] "GET / HTTP/1.1" 301 185 "-" "Mozilla/5.0 (compatible; Nmap Scripting Engine; https://nmap.org/book/nse.html)" "-"
104.225.223.144 - - [15/Mar/2018:19:46:44 +0900] "PROPFIND / HTTP/1.1" 301 185 "-" "Mozilla/5.0 (compatible; Nmap Scripting Engine; https://nmap.org/book/nse.html)" "-"
104.225.223.144 - - [15/Mar/2018:19:46:50 +0900] "GET /favicon.ico HTTP/1.1" 301 185 "-" "Mozilla/5.0 (compatible; Nmap Scripting Engine; https://nmap.org/book/nse.html)" "-"
169.229.3.91 - - [15/Mar/2018:19:47:09 +0900] "2\x9E\xA0Wo^H\x1F\xFF\x1B\xC5\xC3\xCDa_\xA8\x1D\x07\x19\xCB~\x145b\xF5\xB0\x88\x8D\xAC\xBA\xBB\xA8<A\xAFd8Bo\x05{f\xD1X\xD4\x1Fn\xBB\xA8F49\xCE\x1F\xA3?\xE4o\xA1\xC7\xFF5\xB2x" 400 173 "-" "-" "-"
104.225.223.144 - - [15/Mar/2018:19:48:32 +0900] "OPTIONS / HTTP/1.1" 301 185 "-" "Mozilla/5.0 (compatible; Nmap Scripting Engine; https://nmap.org/book/nse.html)" "-"
104.225.223.144 - - [15/Mar/2018:19:48:35 +0900] "OPTIONS / HTTP/1.1" 301 185 "-" "Mozilla/5.0 (compatible; Nmap Scripting Engine; https://nmap.org/book/nse.html)" "-"
104.225.223.144 - - [15/Mar/2018:19:48:40 +0900] "OPTIONS / HTTP/1.1" 301 185 "-" "Mozilla/5.0 (compatible; Nmap Scripting Engine; https://nmap.org/book/nse.html)" "-"
104.225.223.144 - - [15/Mar/2018:19:48:50 +0900] "OPTIONS / HTTP/1.1" 301 185 "-" "Mozilla/5.0 (compatible; Nmap Scripting Engine; https://nmap.org/book/nse.html)" "-"
104.225.223.144 - - [15/Mar/2018:19:49:00 +0900] "OPTIONS / HTTP/1.1" 301 185 "-" "Mozilla/5.0 (compatible; Nmap Scripting Engine; https://nmap.org/book/nse.html)" "-"
104.225.223.144 - - [15/Mar/2018:19:49:10 +0900] "OPTIONS / HTTP/1.1" 301 185 "-" "Mozilla/5.0 (compatible; Nmap Scripting Engine; https://nmap.org/book/nse.html)" "-"
104.225.223.144 - - [15/Mar/2018:19:49:17 +0900] "OPTIONS / HTTP/1.1" 301 185 "-" "Mozilla/5.0 (compatible; Nmap Scripting Engine; https://nmap.org/book/nse.html)" "-"
104.225.223.144 - - [15/Mar/2018:19:49:25 +0900] "OPTIONS / HTTP/1.1" 301 185 "-" "Mozilla/5.0 (compatible; Nmap Scripting Engine; https://nmap.org/book/nse.html)" "-"
104.225.223.144 - - [15/Mar/2018:19:49:36 +0900] "OPTIONS / HTTP/1.1" 301 185 "-" "Mozilla/5.0 (compatible; Nmap Scripting Engine; https://nmap.org/book/nse.html)" "-"
104.225.223.144 - - [15/Mar/2018:19:52:33 +0900] "OPTIONS / HTTP/1.1" 301 185 "-" "Mozilla/5.0 (compatible; Nmap Scripting Engine; https://nmap.org/book/nse.html)" "-"
104.225.223.144 - - [15/Mar/2018:19:52:33 +0900] "PROPFIND / HTTP/1.1" 301 185 "-" "Mozilla/5.0 (compatible; Nmap Scripting Engine; https://nmap.org/book/nse.html)" "-"
104.225.223.144 - - [15/Mar/2018:19:52:55 +0900] "GET /robots.txt HTTP/1.1" 301 185 "-" "Mozilla/5.0 (compatible; Nmap Scripting Engine; https://nmap.org/book/nse.html)" "-"
104.225.223.144 - - [15/Mar/2018:19:52:59 +0900] "POST / HTTP/1.1" 301 185 "-" "Mozilla/5.0 (compatible; Nmap Scripting Engine; https://nmap.org/book/nse.html)" "-"
104.225.223.144 - - [15/Mar/2018:19:53:05 +0900] "GET /nmaplowercheck1521110799 HTTP/1.1" 301 185 "-" "Mozilla/5.0 (compatible; Nmap Scripting Engine; https://nmap.org/book/nse.html)" "-"
104.225.223.144 - - [15/Mar/2018:19:53:06 +0900] "GET /HNAP1 HTTP/1.1" 301 185 "-" "Mozilla/5.0 (compatible; Nmap Scripting Engine; https://nmap.org/book/nse.html)" "-"
104.225.223.144 - - [15/Mar/2018:19:53:08 +0900] "\x16\x03\x01\x02\x00\x01\x00\x01\xFC\x03\x03?\xF0\xAF\x1C24\xC9b\xF7\xAC0B" 400 173 "-" "-" "-"
104.225.223.144 - - [15/Mar/2018:19:53:16 +0900] "OPTIONS / HTTP/1.1" 301 185 "-" "Mozilla/5.0 (compatible; Nmap Scripting Engine; https://nmap.org/book/nse.html)" "-"
104.225.223.144 - - [15/Mar/2018:19:53:16 +0900] "LVAI / HTTP/1.1" 301 185 "-" "Mozilla/5.0 (compatible; Nmap Scripting Engine; https://nmap.org/book/nse.html)" "-"
104.225.223.144 - - [15/Mar/2018:19:53:17 +0900] "GET / HTTP/1.1" 301 185 "-" "Mozilla/5.0 (compatible; Nmap Scripting Engine; https://nmap.org/book/nse.html)" "-"
104.225.223.144 - - [15/Mar/2018:19:53:18 +0900] "HEAD / HTTP/1.1" 301 0 "-" "Mozilla/5.0 (compatible; Nmap Scripting Engine; https://nmap.org/book/nse.html)" "-"
104.225.223.144 - - [15/Mar/2018:19:53:19 +0900] "POST / HTTP/1.1" 301 185 "-" "Mozilla/5.0 (compatible; Nmap Scripting Engine; https://nmap.org/book/nse.html)" "-"
104.225.223.144 - - [15/Mar/2018:19:53:19 +0900] "OPTIONS / HTTP/1.1" 301 185 "-" "Mozilla/5.0 (compatible; Nmap Scripting Engine; https://nmap.org/book/nse.html)" "-"
207.46.13.80 - - [15/Mar/2018:19:55:52 +0900] "GET / HTTP/1.1" 301 185 "-" "Mozilla/5.0 (compatible; bingbot/2.0; +http://www.bing.com/bingbot.htm)" "-"
54.167.146.172 - - [15/Mar/2018:20:38:38 +0900] "GET /robots.txt HTTP/1.1" 301 185 "-" "BUbiNG (+http://law.di.unimi.it/BUbiNG.html#wc)" "-"
54.167.146.172 - - [15/Mar/2018:20:39:44 +0900] "GET / HTTP/1.1" 301 185 "-" "BUbiNG (+http://law.di.unimi.it/BUbiNG.html#wc)" "-"
70.42.131.170 - - [16/Mar/2018:00:14:27 +0900] "GET / HTTP/1.1" 301 185 "http://www.bing.com/search?q=amazon" "Mozilla/4.0 (compatible; MSIE 8.0; Windows NT 6.1; WOW64; Trident/4.0; SLCC2; .NET CLR 2.0.50727; .NET CLR 3.5.30729; .NET CLR 3.0.30729; Media Center PC 6.0; .NET4.0C; .NET4.0E; InfoPath.2)" "-"
139.162.108.53 - - [16/Mar/2018:01:00:29 +0900] "GET / HTTP/1.1" 301 185 "-" "Mozilla/5.0 (Windows NT 10.0; WOW64) AppleWebKit/537.36 (KHTML, like Gecko) Chrome/50.0.2661.102 Safari/537.36" "-"
134.119.216.241 - - [16/Mar/2018:03:19:44 +0900] "GET / HTTP/1.1" 301 185 "-" "Python-urllib/3.5" "-"
66.249.69.14 - - [16/Mar/2018:06:46:13 +0900] "GET /robots.txt HTTP/1.1" 301 185 "-" "Mozilla/5.0 (compatible; Googlebot/2.1; +http://www.google.com/bot.html)" "-"
66.249.69.14 - - [16/Mar/2018:06:46:14 +0900] "GET / HTTP/1.1" 301 185 "-" "Mozilla/5.0 (Linux; Android 6.0.1; Nexus 5X Build/MMB29P) AppleWebKit/537.36 (KHTML, like Gecko) Chrome/41.0.2272.96 Mobile Safari/537.36 (compatible; Googlebot/2.1; +http://www.google.com/bot.html)" "-"
157.55.39.22 - - [16/Mar/2018:08:09:41 +0900] "GET /robots.txt HTTP/1.1" 301 185 "-" "Mozilla/5.0 (compatible; bingbot/2.0; +http://www.bing.com/bingbot.htm)" "-"
207.46.13.80 - - [16/Mar/2018:08:09:44 +0900] "GET / HTTP/1.1" 301 185 "-" "Mozilla/5.0 (compatible; bingbot/2.0; +http://www.bing.com/bingbot.htm)" "-"
80.211.13.251 - - [16/Mar/2018:08:15:02 +0900] "GET /w00tw00t.at.blackhats.romanian.anti-sec:) HTTP/1.1" 301 185 "-" "ZmEu" "-"
80.211.13.251 - - [16/Mar/2018:08:15:02 +0900] "GET /phpmyadmin/scripts/setup.php HTTP/1.1" 301 185 "-" "ZmEu" "-"
80.211.13.251 - - [16/Mar/2018:08:15:03 +0900] "GET /phpMyAdmin/scripts/setup.php HTTP/1.1" 301 185 "-" "ZmEu" "-"
80.211.13.251 - - [16/Mar/2018:08:15:04 +0900] "GET /mysqladmin/scripts/setup.php HTTP/1.1" 301 185 "-" "ZmEu" "-"
80.211.13.251 - - [16/Mar/2018:08:15:04 +0900] "GET /PMA2012/ HTTP/1.1" 301 185 "-" "ZmEu" "-"
80.211.13.251 - - [16/Mar/2018:08:15:05 +0900] "GET /pma2012/ HTTP/1.1" 301 185 "-" "ZmEu" "-"
80.211.13.251 - - [16/Mar/2018:08:15:05 +0900] "GET /PMA2011/ HTTP/1.1" 301 185 "-" "ZmEu" "-"
80.211.13.251 - - [16/Mar/2018:08:15:06 +0900] "GET /pma2011/ HTTP/1.1" 301 185 "-" "ZmEu" "-"
80.211.13.251 - - [16/Mar/2018:08:15:07 +0900] "GET /phpmyadmin2/ HTTP/1.1" 301 185 "-" "ZmEu" "-"
80.211.13.251 - - [16/Mar/2018:08:15:07 +0900] "GET /phpmyadmin3/ HTTP/1.1" 301 185 "-" "ZmEu" "-"
80.211.13.251 - - [16/Mar/2018:08:15:08 +0900] "GET /phpmyadmin4/ HTTP/1.1" 301 185 "-" "ZmEu" "-"
80.211.13.251 - - [16/Mar/2018:08:15:08 +0900] "GET /pma/scripts/setup.php HTTP/1.1" 301 185 "-" "ZmEu" "-"
80.211.13.251 - - [16/Mar/2018:08:15:09 +0900] "GET /myadmin/scripts/setup.php HTTP/1.1" 301 185 "-" "ZmEu" "-"
80.211.13.251 - - [16/Mar/2018:08:15:10 +0900] "GET /MyAdmin/scripts/setup.php HTTP/1.1" 301 185 "-" "ZmEu" "-"
80.211.13.251 - - [16/Mar/2018:08:15:10 +0900] "GET /mysql/scripts/setup.php HTTP/1.1" 301 185 "-" "ZmEu" "-"
80.211.13.251 - - [16/Mar/2018:08:15:11 +0900] "GET /phpMyAdmin-2.10.0.0/scripts/setup.php HTTP/1.1" 301 185 "-" "ZmEu" "-"
80.211.13.251 - - [16/Mar/2018:08:15:11 +0900] "GET /phpMyAdmin-2.11.11/scripts/setup.php HTTP/1.1" 301 185 "-" "ZmEu" "-"
80.211.13.251 - - [16/Mar/2018:08:15:12 +0900] "GET /phpMyAdmin-2.11.11.3/scripts/setup.php HTTP/1.1" 301 185 "-" "ZmEu" "-"
80.211.13.251 - - [16/Mar/2018:08:15:13 +0900] "GET /phpMyAdmin-3.0.0.0-all-languages/scripts/setup.php HTTP/1.1" 301 185 "-" "ZmEu" "-"
80.211.13.251 - - [16/Mar/2018:08:15:13 +0900] "GET /dbadmin/scripts/setup.php HTTP/1.1" 301 185 "-" "ZmEu" "-"
80.211.13.251 - - [16/Mar/2018:08:15:14 +0900] "GET /db/scripts/setup.php HTTP/1.1" 301 185 "-" "ZmEu" "-"
80.211.13.251 - - [16/Mar/2018:08:15:14 +0900] "GET /scripts/setup.php HTTP/1.1" 301 185 "-" "ZmEu" "-"
80.211.13.251 - - [16/Mar/2018:08:15:15 +0900] "GET /phpMyAdmin-2/scripts/setup.php HTTP/1.1" 301 185 "-" "ZmEu" "-"
80.211.13.251 - - [16/Mar/2018:08:15:16 +0900] "GET /mysql/ HTTP/1.1" 301 185 "-" "ZmEu" "-"
52.86.37.140 - - [16/Mar/2018:09:04:48 +0900] "GET /robots.txt HTTP/1.1" 301 185 "-" "BUbiNG (+http://law.di.unimi.it/BUbiNG.html#wc)" "-"
52.86.37.140 - - [16/Mar/2018:09:04:54 +0900] "GET / HTTP/1.1" 301 185 "-" "BUbiNG (+http://law.di.unimi.it/BUbiNG.html#wc)" "-"
175.207.12.247 - - [16/Mar/2018:09:22:53 +0900] "GET / HTTP/1.1" 301 185 "-" "-" "-"
175.207.12.247 - - [16/Mar/2018:09:22:54 +0900] "HEAD / HTTP/1.1" 301 0 "-" "Mozilla/5.0 (compatible; Nmap Scripting Engine; http://nmap.org/book/nse.html)" "-"
175.207.12.247 - - [16/Mar/2018:09:22:54 +0900] "GET / HTTP/1.1" 301 185 "-" "Mozilla/5.0 (compatible; Nmap Scripting Engine; http://nmap.org/book/nse.html)" "-"
175.207.12.247 - - [16/Mar/2018:09:22:59 +0900] "\x16\x03\x01\x01u\x01\x00\x01q\x03\x03\xEE\xD8\xB2'\xEF\x13\xAA\xCC\xB9\xD0\x02\xD2\x1Fx\xB6o\x8C\x8A\xB5\xCD1\xF1\xFC\xBEF\xCC\x8B^wQ\xEA-\x00\x00\xC6\x00\x05\x00\x04\x00\x02\x00\x08\x00\x14\x00\x03\x00\x01\x00\x15\x00\x06\x00\x16\x00\x17\x003\x009\x00\x19\x00:\x00\x1A\x00\x18\x005\x00\x09\x00" 400 173 "-" "-" "-"
175.207.12.247 - - [16/Mar/2018:09:22:59 +0900] "\x16\x03\x01\x01u\x01\x00\x01q\x03\x03\x80!\xF2\x04\xDE\x85\xAE:$0bY\xCB\xF4\xEB\x07%\x95\x11:\xCA\x8A2*\x05\xEF\xC8y\x84\x17']\x00\x00\xC6\x00\x05\x00\x04\x00\x02\x00\x08\x00\x14\x00\x03\x00\x01\x00\x15\x00\x06\x00\x16\x00\x17\x003\x009\x00\x19\x00:\x00\x1A\x00\x18\x005\x00\x09\x00" 400 173 "-" "-" "-"
175.207.12.247 - - [16/Mar/2018:09:23:04 +0900] "GET / HTTP/1.1" 301 185 "-" "Mozilla/5.0 (X11; Linux x86_64) ApplheWebKit/537.11 (KHTML, like Gecko) Chrome/23.0.1271.64 Safari/537.11" "-"
196.52.43.119 - - [16/Mar/2018:10:22:55 +0900] "GET / HTTP/1.1" 301 185 "-" "Mozilla/5.0(WindowsNT6.1;rv:31.0)Gecko/20100101Firefox/31.0" "-"
47.52.175.242 - - [16/Mar/2018:17:05:06 +0900] "HEAD / HTTP/1.1" 301 0 "-" "python-requests/2.18.4" "-"
111.230.166.36 - - [16/Mar/2018:17:57:15 +0900] "GET / HTTP/1.1" 301 185 "-" "Mozilla/5.0 (Windows NT 6.2; rv:16.0) Gecko/20100101 Firefox/16.0" "-"
71.6.202.198 - - [16/Mar/2018:20:22:09 +0900] "GET /ccvv HTTP/1.1" 301 185 "-" "Mozilla/5.0 (compatible; MSIE 9.0; Windows NT 6.1; WOW64)" "-"
169.229.3.91 - - [16/Mar/2018:21:58:38 +0900] "S\xA6sW\xACY\x8C\xA8L\xE7\xAE\xA6n\xDE\xC8;%c\xA0\xE7\xF7\xD5\xF3@\xDC\x99\xF1\x15J\xDA\x0C\xD5\x05\xEFM\xC4\x04\xAF\x7F\xDFW:\x0F7o\xFB\xF8\xB0\xA9,\xAD(\x12\xEE\x10\xE7\x1A'\x88\x85\x05\xD3\x9A\x91" 400 173 "-" "-" "-"
123.249.79.11 - - [16/Mar/2018:22:17:10 +0900] "GET / HTTP/1.1" 301 185 "http://133.13.50.82:80" "Mozilla/4.0 (compatible; MSIE 9.0; Windows NT 6.1)" "-"
123.249.79.11 - - [16/Mar/2018:22:17:14 +0900] "GET / HTTP/1.1" 301 185 "http://133.13.50.82:80" "Mozilla/4.0 (compatible; MSIE 9.0; Windows NT 6.1)" "-"
40.77.167.83 - - [16/Mar/2018:22:40:21 +0900] "GET / HTTP/1.1" 301 185 "-" "Mozilla/5.0 (compatible; bingbot/2.0; +http://www.bing.com/bingbot.htm)" "-"
70.42.131.170 - - [17/Mar/2018:00:17:02 +0900] "GET / HTTP/1.1" 301 185 "http://www.bing.com/search?q=amazon" "Mozilla/4.0 (compatible; MSIE 8.0; Windows NT 6.1; WOW64; Trident/4.0; SLCC2; .NET CLR 2.0.50727; .NET CLR 3.5.30729; .NET CLR 3.0.30729; Media Center PC 6.0; .NET4.0C; .NET4.0E; InfoPath.2)" "-"
216.244.66.243 - - [17/Mar/2018:06:08:37 +0900] "GET /robots.txt HTTP/1.1" 301 185 "-" "Mozilla/5.0 (compatible; DotBot/1.1; http://www.opensiteexplorer.org/dotbot, help@moz.com)" "-"
223.105.4.250 - - [17/Mar/2018:06:22:14 +0900] "GET http://114.215.240.151:83/index.php HTTP/1.1" 301 185 "-" "Mozilla/5.0 (Windows NT 5.1) AppleWebKit/537.36 (KHTML, like Gecko) Chrome/46.0.2490.86 Safari/537.36" "-"
5.188.9.80 - - [17/Mar/2018:08:29:29 +0900] "GET /.git/config HTTP/1.1" 301 185 "-" "fasthttp" "-"
5.188.9.80 - - [17/Mar/2018:08:29:30 +0900] "GET /.svn/wc.db HTTP/1.1" 301 185 "-" "fasthttp" "-"
5.188.9.80 - - [17/Mar/2018:08:29:31 +0900] "GET /.hg/hgrc HTTP/1.1" 301 185 "-" "fasthttp" "-"
5.188.9.80 - - [17/Mar/2018:08:29:33 +0900] "GET /.ssh/id_rsa HTTP/1.1" 301 185 "-" "fasthttp" "-"
5.188.9.80 - - [17/Mar/2018:08:29:34 +0900] "GET /.ssh/id_dsa HTTP/1.1" 301 185 "-" "fasthttp" "-"
5.188.9.80 - - [17/Mar/2018:08:29:35 +0900] "GET /.ssh/id_ed25519 HTTP/1.1" 301 185 "-" "fasthttp" "-"
5.188.9.80 - - [17/Mar/2018:08:29:37 +0900] "GET /.ssh/id_ecdsa HTTP/1.1" 301 185 "-" "fasthttp" "-"
5.188.9.80 - - [17/Mar/2018:08:29:38 +0900] "GET /sftp_config.json HTTP/1.1" 301 185 "-" "fasthttp" "-"
5.188.9.80 - - [17/Mar/2018:08:29:39 +0900] "GET /.idea/WebServers.xml HTTP/1.1" 301 185 "-" "fasthttp" "-"
5.188.9.80 - - [17/Mar/2018:08:29:41 +0900] "GET /.DS_Store HTTP/1.1" 301 185 "-" "fasthttp" "-"
181.214.87.229 - - [17/Mar/2018:09:18:14 +0900] "GET / HTTP/1.1" 301 185 "-" "-" "-"
207.46.13.29 - - [17/Mar/2018:11:07:10 +0900] "GET / HTTP/1.1" 301 185 "-" "Mozilla/5.0 (compatible; bingbot/2.0; +http://www.bing.com/bingbot.htm)" "-"
172.104.108.109 - - [17/Mar/2018:12:41:36 +0900] "GET / HTTP/1.1" 301 185 "-" "Mozilla/5.0" "-"
64.233.172.137 - - [17/Mar/2018:14:07:09 +0900] "GET / HTTP/1.1" 301 185 "-" "Mozilla/5.0 (X11; Linux x86_64) AppleWebKit/537.36 (KHTML, like Gecko) Chrome/49.0.2623.75 Safari/537.36 Google Favicon" "240f:e0:73ed:1:31a8:467f:3108:617d"
207.46.13.99 - - [17/Mar/2018:14:27:09 +0900] "GET /robots.txt HTTP/1.1" 301 185 "-" "Mozilla/5.0 (compatible; bingbot/2.0; +http://www.bing.com/bingbot.htm)" "-"
207.46.13.99 - - [17/Mar/2018:14:51:04 +0900] "GET /robots.txt HTTP/1.1" 301 185 "-" "Mozilla/5.0 (compatible; bingbot/2.0; +http://www.bing.com/bingbot.htm)" "-"
167.99.64.167 - - [17/Mar/2018:16:15:56 +0900] "HEAD /assets/captcha/images/refresh.png HTTP/1.1" 301 0 "-" "Mozilla/5.0 (Macintosh; Intel Mac OS X 10.13; rv:58.0) Gecko/20100101 Firefox/58.0" "-"
216.244.66.243 - - [17/Mar/2018:17:22:34 +0900] "GET /robots.txt HTTP/1.1" 301 185 "-" "Mozilla/5.0 (compatible; DotBot/1.1; http://www.opensiteexplorer.org/dotbot, help@moz.com)" "-"
46.229.164.100 - - [17/Mar/2018:20:11:39 +0900] "GET /robots.txt HTTP/1.1" 301 185 "-" "Mozilla/5.0 (compatible; SemrushBot/1.2~bl; +http://www.semrush.com/bot.html)" "-"
38.122.227.170 - - [17/Mar/2018:22:38:58 +0900] "GET / HTTP/1.1" 301 185 "-" "-" "-"
216.244.83.210 - - [17/Mar/2018:23:47:31 +0900] "GET / HTTP/1.1" 301 185 "-" "sysscan/1.0 (https://github.com/robertdavidgraham/sysscan)" "-"
70.42.131.170 - - [18/Mar/2018:00:00:15 +0900] "GET /.git/config HTTP/1.1" 301 185 "http://www.bing.com/search?q=amazon" "Mozilla/4.0 (compatible; MSIE 8.0; Windows NT 6.1; WOW64; Trident/4.0; SLCC2; .NET CLR 2.0.50727; .NET CLR 3.5.30729; .NET CLR 3.0.30729; Media Center PC 6.0; .NET4.0C; .NET4.0E; InfoPath.2)" "-"
70.42.131.170 - - [18/Mar/2018:00:06:25 +0900] "GET / HTTP/1.1" 301 185 "http://www.bing.com/search?q=amazon" "Mozilla/4.0 (compatible; MSIE 8.0; Windows NT 6.1; WOW64; Trident/4.0; SLCC2; .NET CLR 2.0.50727; .NET CLR 3.5.30729; .NET CLR 3.0.30729; Media Center PC 6.0; .NET4.0C; .NET4.0E; InfoPath.2)" "-"
207.46.13.29 - - [18/Mar/2018:00:28:47 +0900] "GET / HTTP/1.1" 301 185 "-" "Mozilla/5.0 (compatible; bingbot/2.0; +http://www.bing.com/bingbot.htm)" "-"
169.229.3.91 - - [18/Mar/2018:00:46:21 +0900] "\x14}\xE9\x10\x084\x13G\xC5\x04\x86f\xEB\x82\x16\xEF\x22\x84!5\xBF$\x86\x9C\xA5\x0B\xA4\x8F\xD2\xF1\xCD\xED\xFA\xD2!(\xD55\xEC\xB8r\xAB\xEE_i`4Vmf\xB6j\xD5}~\xE3\xCD\xE4\x9Co\x1F\xEF\xBA\x8A" 400 173 "-" "-" "-"
216.244.83.210 - - [18/Mar/2018:01:05:56 +0900] "GET / HTTP/1.1" 301 185 "-" "sysscan/1.0 (https://github.com/robertdavidgraham/sysscan)" "-"
70.42.131.170 - - [18/Mar/2018:05:36:41 +0900] "GET / HTTP/1.1" 301 185 "http://www.bing.com/search?q=amazon" "Mozilla/4.0 (compatible; MSIE 8.0; Windows NT 6.1; WOW64; Trident/4.0; SLCC2; .NET CLR 2.0.50727; .NET CLR 3.5.30729; .NET CLR 3.0.30729; Media Center PC 6.0; .NET4.0C; .NET4.0E; InfoPath.2)" "-"
5.188.9.80 - - [18/Mar/2018:05:56:46 +0900] "GET /.ssh/id_rsa HTTP/1.1" 301 185 "-" "fasthttp" "-"
5.188.9.80 - - [18/Mar/2018:05:56:46 +0900] "GET /.ssh/id_dsa HTTP/1.1" 301 185 "-" "fasthttp" "-"
5.188.9.80 - - [18/Mar/2018:05:56:47 +0900] "GET /.ssh/id_ed25519 HTTP/1.1" 301 185 "-" "fasthttp" "-"
5.188.9.80 - - [18/Mar/2018:05:56:47 +0900] "GET /.ssh/id_ecdsa HTTP/1.1" 301 185 "-" "fasthttp" "-"
5.188.9.80 - - [18/Mar/2018:05:56:47 +0900] "GET /sftp_config.json HTTP/1.1" 301 185 "-" "fasthttp" "-"
5.188.9.80 - - [18/Mar/2018:05:56:48 +0900] "GET /.idea/WebServers.xml HTTP/1.1" 301 185 "-" "fasthttp" "-"
5.188.9.80 - - [18/Mar/2018:05:56:48 +0900] "GET /.DS_Store HTTP/1.1" 301 185 "-" "fasthttp" "-"
5.188.9.80 - - [18/Mar/2018:05:56:48 +0900] "GET /wp-login.php HTTP/1.1" 301 185 "-" "fasthttp" "-"
5.188.9.80 - - [18/Mar/2018:05:56:49 +0900] "GET /wp/wp-login.php HTTP/1.1" 301 185 "-" "fasthttp" "-"
5.188.9.80 - - [18/Mar/2018:05:56:49 +0900] "GET /wordpress/wp-login.php HTTP/1.1" 301 185 "-" "fasthttp" "-"
5.188.9.80 - - [18/Mar/2018:05:56:49 +0900] "GET /blog/wp-login.php HTTP/1.1" 301 185 "-" "fasthttp" "-"
5.188.9.80 - - [18/Mar/2018:05:56:49 +0900] "GET /wp-admin/install.php HTTP/1.1" 301 185 "-" "fasthttp" "-"
5.188.9.80 - - [18/Mar/2018:05:56:50 +0900] "GET /wp/wp-admin/install.php HTTP/1.1" 301 185 "-" "fasthttp" "-"
5.188.9.80 - - [18/Mar/2018:05:56:50 +0900] "GET /wordpress/wp-admin/install.php HTTP/1.1" 301 185 "-" "fasthttp" "-"
5.188.9.80 - - [18/Mar/2018:05:56:50 +0900] "GET /blog/wp-admin/install.php HTTP/1.1" 301 185 "-" "fasthttp" "-"
5.188.9.80 - - [18/Mar/2018:05:56:51 +0900] "GET /.git/config HTTP/1.1" 301 185 "-" "fasthttp" "-"
5.188.9.80 - - [18/Mar/2018:05:56:51 +0900] "GET /.svn/wc.db HTTP/1.1" 301 185 "-" "fasthttp" "-"
5.188.9.80 - - [18/Mar/2018:05:56:51 +0900] "GET /.hg/hgrc HTTP/1.1" 301 185 "-" "fasthttp" "-"
5.188.9.80 - - [18/Mar/2018:05:56:52 +0900] "GET /wp-config.php.bak HTTP/1.1" 301 185 "-" "fasthttp" "-"
5.188.9.80 - - [18/Mar/2018:05:56:52 +0900] "GET /.wp-config.php.swp HTTP/1.1" 301 185 "-" "fasthttp" "-"
5.188.9.80 - - [18/Mar/2018:05:56:52 +0900] "GET /wp-config.php~ HTTP/1.1" 301 185 "-" "fasthttp" "-"
5.188.9.80 - - [18/Mar/2018:05:56:53 +0900] "GET /#wp-config.php# HTTP/1.1" 301 185 "-" "fasthttp" "-"
5.188.9.80 - - [18/Mar/2018:05:56:53 +0900] "GET /wp/wp-config.php.bak HTTP/1.1" 301 185 "-" "fasthttp" "-"
5.188.9.80 - - [18/Mar/2018:05:56:53 +0900] "GET /wp/.wp-config.php.swp HTTP/1.1" 301 185 "-" "fasthttp" "-"
5.188.9.80 - - [18/Mar/2018:05:56:54 +0900] "GET /wp/wp-config.php~ HTTP/1.1" 301 185 "-" "fasthttp" "-"
5.188.9.80 - - [18/Mar/2018:05:56:54 +0900] "GET /wp/#wp-config.php# HTTP/1.1" 301 185 "-" "fasthttp" "-"
5.188.9.80 - - [18/Mar/2018:05:56:54 +0900] "GET /wordpress/wp-config.php.bak HTTP/1.1" 301 185 "-" "fasthttp" "-"
5.188.9.80 - - [18/Mar/2018:05:56:54 +0900] "GET /wordpress/.wp-config.php.swp HTTP/1.1" 301 185 "-" "fasthttp" "-"
5.188.9.80 - - [18/Mar/2018:05:56:55 +0900] "GET /wordpress/wp-config.php~ HTTP/1.1" 301 185 "-" "fasthttp" "-"
5.188.9.80 - - [18/Mar/2018:05:56:55 +0900] "GET /wordpress/#wp-config.php# HTTP/1.1" 301 185 "-" "fasthttp" "-"
5.188.9.80 - - [18/Mar/2018:05:56:55 +0900] "GET /blog/wp-config.php.bak HTTP/1.1" 301 185 "-" "fasthttp" "-"
5.188.9.80 - - [18/Mar/2018:05:56:56 +0900] "GET /blog/.wp-config.php.swp HTTP/1.1" 301 185 "-" "fasthttp" "-"
5.188.9.80 - - [18/Mar/2018:05:56:56 +0900] "GET /blog/wp-config.php~ HTTP/1.1" 301 185 "-" "fasthttp" "-"
5.188.9.80 - - [18/Mar/2018:05:56:56 +0900] "GET /blog/#wp-config.php# HTTP/1.1" 301 185 "-" "fasthttp" "-"
146.185.239.24 - - [18/Mar/2018:07:45:47 +0900] "\x03\x00\x00*%\xE0\x00\x00\x00\x00\x00Cookie: mstshash=Test" 400 173 "-" "-" "-"
146.185.239.24 - - [18/Mar/2018:07:45:48 +0900] "\x03\x00\x00*%\xE0\x00\x00\x00\x00\x00Cookie: mstshash=Test" 400 173 "-" "-" "-"
176.32.33.238 - - [18/Mar/2018:08:21:24 +0900] "GET / HTTP/1.1" 301 185 "-" "masscan/1.0 (https://github.com/robertdavidgraham/masscan)" "-"
113.63.93.2 - - [18/Mar/2018:09:58:15 +0900] "GET /winbox.png HTTP/1.1" 301 185 "-" "-" "-"
157.55.39.22 - - [18/Mar/2018:12:34:12 +0900] "GET /robots.txt HTTP/1.1" 301 185 "-" "Mozilla/5.0 (compatible; bingbot/2.0; +http://www.bing.com/bingbot.htm)" "-"
157.55.39.149 - - [18/Mar/2018:12:34:14 +0900] "GET / HTTP/1.1" 301 185 "-" "Mozilla/5.0 (compatible; bingbot/2.0; +http://www.bing.com/bingbot.htm)" "-"
80.82.77.33 - - [18/Mar/2018:13:09:56 +0900] "GET / HTTP/1.1" 301 185 "-" "Mozilla/5.0 (Windows NT 6.1) AppleWebKit/537.36 (KHTML, like Gecko) Chrome/41.0.2228.0 Safari/537.36" "-"
80.82.77.33 - - [18/Mar/2018:13:09:57 +0900] "GET /robots.txt HTTP/1.1" 301 185 "-" "-" "-"
80.82.77.33 - - [18/Mar/2018:13:09:58 +0900] "GET /sitemap.xml HTTP/1.1" 301 185 "-" "-" "-"
80.82.77.33 - - [18/Mar/2018:13:09:58 +0900] "GET /.well-known/security.txt HTTP/1.1" 301 185 "-" "-" "-"
80.82.77.33 - - [18/Mar/2018:13:10:02 +0900] "GET /favicon.ico HTTP/1.1" 301 185 "-" "python-requests/2.13.0" "-"
43.240.66.47 - - [18/Mar/2018:14:04:40 +0900] "GET /cgi-bin/php HTTP/1.1" 301 185 "-" "-" "-"
43.240.66.47 - - [18/Mar/2018:14:04:40 +0900] "GET /cgi-bin/php5 HTTP/1.1" 301 185 "-" "-" "-"
43.240.66.47 - - [18/Mar/2018:14:04:40 +0900] "GET /cgi-bin/php-cgi HTTP/1.1" 301 185 "-" "-" "-"
43.240.66.47 - - [18/Mar/2018:14:04:41 +0900] "GET /cgi-bin/php.cgi HTTP/1.1" 301 185 "-" "-" "-"
43.240.66.47 - - [18/Mar/2018:14:04:41 +0900] "GET /cgi-bin/php4 HTTP/1.1" 301 185 "-" "-" "-"
43.240.66.47 - - [18/Mar/2018:14:04:41 +0900] "GET /cgi-bin/php5-cli HTTP/1.1" 301 185 "-" "-" "-"
43.240.66.47 - - [18/Mar/2018:14:04:41 +0900] "GET /cgi-bin/test.cgi HTTP/1.1" 301 185 "-" "-" "-"
43.240.66.47 - - [18/Mar/2018:14:04:41 +0900] "GET /cgi-sys/php5 HTTP/1.1" 301 185 "-" "-" "-"
123.249.79.23 - - [18/Mar/2018:16:14:16 +0900] "GET / HTTP/1.1" 301 185 "http://133.13.50.82:80" "Mozilla/4.0 (compatible; MSIE 9.0; Windows NT 6.1)" "-"
123.249.79.23 - - [18/Mar/2018:16:14:17 +0900] "GET / HTTP/1.1" 301 185 "http://133.13.50.82:80" "Mozilla/4.0 (compatible; MSIE 9.0; Windows NT 6.1)" "-"
169.229.3.91 - - [18/Mar/2018:18:03:21 +0900] "V,\xB5.\xA9\xD3J\xD1Xj]\xAC\xAE|)\x8A\x22\xAF`\xEC/\xFD\x1C\xE0\x8E8\x0E\xFA\xF6yEb\xF0\xC8\x167\xD0\x01\x11\x9F:\x84\x06\xDEqN\xA4x\xD2\x1C\x85\x85.CH\xDA\xE5\xEE\x1B\xD6\xA7F\xFA\xE4" 400 173 "-" "-" "-"
141.212.122.144 - - [18/Mar/2018:19:02:38 +0900] "GET /x HTTP/1.1" 400 173 "-" "Telesphoreo" "-"
139.162.119.197 - - [18/Mar/2018:21:45:38 +0900] "GET / HTTP/1.1" 301 185 "-" "Mozilla/5.0 (Windows NT 10.0; WOW64) AppleWebKit/537.36 (KHTML, like Gecko) Chrome/50.0.2661.102 Safari/537.36" "-"
84.240.31.107 - - [18/Mar/2018:21:50:40 +0900] "GET / HTTP/1.1" 301 185 "-" "-" "-"
70.42.131.170 - - [18/Mar/2018:22:11:11 +0900] "GET / HTTP/1.1" 301 185 "-" "Mozilla/4.0 (compatible; MSIE 8.0; Windows NT 6.1; WOW64; Trident/4.0; SLCC2; .NET CLR 2.0.50727; .NET CLR 3.5.30729; .NET CLR 3.0.30729; Media Center PC 6.0; .NET4.0C; .NET4.0E; InfoPath.2)" "-"
70.42.131.170 - - [18/Mar/2018:22:11:11 +0900] "GET / HTTP/1.1" 301 185 "http://www.bing.com/search?q=amazon" "Mozilla/4.0 (compatible; MSIE 8.0; Windows NT 6.1; WOW64; Trident/4.0; SLCC2; .NET CLR 2.0.50727; .NET CLR 3.5.30729; .NET CLR 3.0.30729; Media Center PC 6.0; .NET4.0C; .NET4.0E; InfoPath.2)" "-"
216.244.83.210 - - [18/Mar/2018:22:22:40 +0900] "GET / HTTP/1.1" 301 185 "-" "sysscan/1.0 (https://github.com/robertdavidgraham/sysscan)" "-"
70.42.131.170 - - [18/Mar/2018:23:33:29 +0900] "GET / HTTP/1.1" 301 185 "http://www.bing.com/search?q=amazon" "Mozilla/4.0 (compatible; MSIE 8.0; Windows NT 6.1; WOW64; Trident/4.0; SLCC2; .NET CLR 2.0.50727; .NET CLR 3.5.30729; .NET CLR 3.0.30729; Media Center PC 6.0; .NET4.0C; .NET4.0E; InfoPath.2)" "-"
40.77.167.117 - - [19/Mar/2018:01:52:37 +0900] "GET / HTTP/1.1" 301 185 "-" "Mozilla/5.0 (compatible; bingbot/2.0; +http://www.bing.com/bingbot.htm)" "-"
70.42.131.170 - - [19/Mar/2018:03:54:54 +0900] "GET /.git/config HTTP/1.1" 301 185 "http://www.bing.com/search?q=amazon" "Mozilla/4.0 (compatible; MSIE 8.0; Windows NT 6.1; WOW64; Trident/4.0; SLCC2; .NET CLR 2.0.50727; .NET CLR 3.5.30729; .NET CLR 3.0.30729; Media Center PC 6.0; .NET4.0C; .NET4.0E; InfoPath.2)" "-"
70.42.131.170 - - [19/Mar/2018:04:00:59 +0900] "GET / HTTP/1.1" 301 185 "http://www.bing.com/search?q=amazon" "Mozilla/4.0 (compatible; MSIE 8.0; Windows NT 6.1; WOW64; Trident/4.0; SLCC2; .NET CLR 2.0.50727; .NET CLR 3.5.30729; .NET CLR 3.0.30729; Media Center PC 6.0; .NET4.0C; .NET4.0E; InfoPath.2)" "-"
178.73.215.171 - - [19/Mar/2018:05:35:09 +0900] "GET / HTTP/1.1" 301 185 "-" "-" "-"
172.104.108.109 - - [19/Mar/2018:07:46:11 +0900] "GET / HTTP/1.1" 301 185 "-" "Mozilla/5.0" "-"
216.244.66.243 - - [19/Mar/2018:08:46:36 +0900] "GET /robots.txt HTTP/1.1" 301 185 "-" "Mozilla/5.0 (compatible; DotBot/1.1; http://www.opensiteexplorer.org/dotbot, help@moz.com)" "-"
58.71.202.41 - - [19/Mar/2018:16:22:36 +0900] "GET / HTTP/1.1" 301 185 "-" "-" "-"
118.200.171.244 - - [19/Mar/2018:17:16:19 +0900] "GET / HTTP/1.1" 301 185 "-" "-" "-"
213.23.12.149 - - [19/Mar/2018:18:23:00 +0900] "GET /w00tw00t.at.blackhats.romanian.anti-sec:) HTTP/1.1" 301 185 "-" "ZmEu" "-"
213.23.12.149 - - [19/Mar/2018:18:23:01 +0900] "GET /phpMyAdmin/scripts/setup.php HTTP/1.1" 301 185 "-" "ZmEu" "-"
213.23.12.149 - - [19/Mar/2018:18:23:01 +0900] "GET /phpmyadmin/scripts/setup.php HTTP/1.1" 301 185 "-" "ZmEu" "-"
213.23.12.149 - - [19/Mar/2018:18:23:02 +0900] "GET /pma/scripts/setup.php HTTP/1.1" 301 185 "-" "ZmEu" "-"
213.23.12.149 - - [19/Mar/2018:18:23:03 +0900] "GET /myadmin/scripts/setup.php HTTP/1.1" 301 185 "-" "ZmEu" "-"
213.23.12.149 - - [19/Mar/2018:18:23:03 +0900] "GET /MyAdmin/scripts/setup.php HTTP/1.1" 301 185 "-" "ZmEu" "-"
216.244.66.243 - - [19/Mar/2018:19:26:38 +0900] "GET /robots.txt HTTP/1.1" 301 185 "-" "Mozilla/5.0 (compatible; DotBot/1.1; http://www.opensiteexplorer.org/dotbot, help@moz.com)" "-"
207.46.13.26 - - [19/Mar/2018:19:43:40 +0900] "GET / HTTP/1.1" 301 185 "-" "Mozilla/5.0 (compatible; bingbot/2.0; +http://www.bing.com/bingbot.htm)" "-"
169.229.3.91 - - [19/Mar/2018:21:19:22 +0900] "\xD3m\xD3\x98\x05\x89}\x8BBOc\x9B,\x92,g\xA2\xA1\x13\x95\xED\xB9\xA5\x92\xEC\xF0v^\xE4\x1D\x87=\xDB\xA61\xA7\xD0l-\xB9\xDB\x01\x81\xFD\x0C\xA3\x0C\xBD\xCA\x18z\xE8\xF8\xDF\xBCi\xAA\xA41n3wN\x5C" 400 173 "-" "-" "-"
70.42.131.170 - - [19/Mar/2018:23:39:41 +0900] "GET / HTTP/1.1" 301 185 "http://www.bing.com/search?q=amazon" "Mozilla/4.0 (compatible; MSIE 8.0; Windows NT 6.1; WOW64; Trident/4.0; SLCC2; .NET CLR 2.0.50727; .NET CLR 3.5.30729; .NET CLR 3.0.30729; Media Center PC 6.0; .NET4.0C; .NET4.0E; InfoPath.2)" "-"
70.42.131.170 - - [19/Mar/2018:23:46:29 +0900] "GET /.git/config HTTP/1.1" 301 185 "http://www.bing.com/search?q=amazon" "Mozilla/4.0 (compatible; MSIE 8.0; Windows NT 6.1; WOW64; Trident/4.0; SLCC2; .NET CLR 2.0.50727; .NET CLR 3.5.30729; .NET CLR 3.0.30729; Media Center PC 6.0; .NET4.0C; .NET4.0E; InfoPath.2)" "-"
46.229.164.99 - - [20/Mar/2018:00:59:29 +0900] "GET /robots.txt HTTP/1.1" 301 185 "-" "Mozilla/5.0 (compatible; SemrushBot/1.2~bl; +http://www.semrush.com/bot.html)" "-"
167.99.64.167 - - [20/Mar/2018:02:50:12 +0900] "HEAD /images/wwfBackground.jpg HTTP/1.1" 301 0 "-" "Mozilla/5.0 (Macintosh; Intel Mac OS X 10.13; rv:58.0) Gecko/20100101 Firefox/58.0" "-"
117.50.7.159 - - [20/Mar/2018:04:11:59 +0900] "GET / HTTP/1.1" 301 185 "-" "-" "-"
207.46.13.26 - - [20/Mar/2018:07:51:17 +0900] "GET / HTTP/1.1" 301 185 "-" "Mozilla/5.0 (compatible; bingbot/2.0; +http://www.bing.com/bingbot.htm)" "-"
66.249.71.57 - - [20/Mar/2018:07:55:51 +0900] "GET /robots.txt HTTP/1.1" 301 185 "-" "Mozilla/5.0 (compatible; Googlebot/2.1; +http://www.google.com/bot.html)" "-"
66.249.71.53 - - [20/Mar/2018:07:55:51 +0900] "GET / HTTP/1.1" 301 185 "-" "Mozilla/5.0 (compatible; Googlebot/2.1; +http://www.google.com/bot.html)" "-"
52.207.207.202 - - [20/Mar/2018:09:46:00 +0900] "GET /robots.txt HTTP/1.1" 301 185 "-" "BUbiNG (+http://law.di.unimi.it/BUbiNG.html#wc)" "-"
52.207.207.202 - - [20/Mar/2018:10:08:42 +0900] "GET / HTTP/1.1" 301 185 "-" "BUbiNG (+http://law.di.unimi.it/BUbiNG.html#wc)" "-"
66.249.71.55 - - [20/Mar/2018:10:28:31 +0900] "GET / HTTP/1.1" 301 185 "-" "Mozilla/5.0 (Linux; Android 6.0.1; Nexus 5X Build/MMB29P) AppleWebKit/537.36 (KHTML, like Gecko) Chrome/41.0.2272.96 Mobile Safari/537.36 (compatible; Googlebot/2.1; +http://www.google.com/bot.html)" "-"
38.142.99.26 - - [20/Mar/2018:11:48:50 +0900] "GET / HTTP/1.1" 301 185 "-" "-" "-"
223.105.4.250 - - [20/Mar/2018:13:07:21 +0900] "GET http://112.124.116.170:83/index.php HTTP/1.1" 301 185 "-" "Mozilla/5.0 (Windows NT 6.1; WOW64) AppleWebKit/537.36 (KHTML, like Gecko) Chrome/38.0.2125.122 Safari/537.36 SE 2.X MetaSr 1.0" "-"
213.202.230.144 - - [20/Mar/2018:13:53:26 +0900] "\x03\x00\x00/*\xE0\x00\x00\x00\x00\x00Cookie: mstshash=Administr" 400 173 "-" "-" "-"
176.32.33.238 - - [20/Mar/2018:14:50:37 +0900] "GET / HTTP/1.1" 301 185 "-" "masscan/1.0 (https://github.com/robertdavidgraham/masscan)" "-"
66.249.71.55 - - [20/Mar/2018:15:43:53 +0900] "GET / HTTP/1.1" 301 185 "-" "Mozilla/5.0 (compatible; Googlebot/2.1; +http://www.google.com/bot.html)" "-"
141.212.122.160 - - [20/Mar/2018:19:13:01 +0900] "GET / HTTP/1.1" 301 185 "-" "Mozilla/5.0 zgrab/0.x" "-"
46.243.189.60 - - [20/Mar/2018:19:33:25 +0900] "GET /muieblackcat HTTP/1.1" 301 185 "-" "-" "-"
46.243.189.60 - - [20/Mar/2018:19:33:25 +0900] "GET //phpMyAdmin/scripts/setup.php HTTP/1.1" 301 185 "-" "-" "-"
46.243.189.60 - - [20/Mar/2018:19:33:26 +0900] "GET //phpmyadmin/scripts/setup.php HTTP/1.1" 301 185 "-" "-" "-"
46.243.189.60 - - [20/Mar/2018:19:33:26 +0900] "GET //pma/scripts/setup.php HTTP/1.1" 301 185 "-" "-" "-"
46.243.189.60 - - [20/Mar/2018:19:33:27 +0900] "GET //myadmin/scripts/setup.php HTTP/1.1" 301 185 "-" "-" "-"
46.243.189.60 - - [20/Mar/2018:19:33:27 +0900] "GET //MyAdmin/scripts/setup.php HTTP/1.1" 301 185 "-" "-" "-"
66.249.77.6 - - [20/Mar/2018:22:03:09 +0900] "GET /robots.txt HTTP/1.1" 301 185 "-" "Mozilla/5.0 (compatible; Googlebot/2.1; +http://www.google.com/bot.html)" "-"
66.249.77.6 - - [20/Mar/2018:22:03:09 +0900] "GET / HTTP/1.1" 301 185 "-" "Mozilla/5.0 (Linux; Android 6.0.1; Nexus 5X Build/MMB29P) AppleWebKit/537.36 (KHTML, like Gecko) Chrome/41.0.2272.96 Mobile Safari/537.36 (compatible; Googlebot/2.1; +http://www.google.com/bot.html)" "-"
157.55.39.27 - - [20/Mar/2018:22:18:09 +0900] "GET /robots.txt HTTP/1.1" 301 185 "-" "Mozilla/5.0 (compatible; bingbot/2.0; +http://www.bing.com/bingbot.htm)" "-"
157.55.39.67 - - [20/Mar/2018:22:18:34 +0900] "GET / HTTP/1.1" 301 185 "-" "Mozilla/5.0 (compatible; bingbot/2.0; +http://www.bing.com/bingbot.htm)" "-"
70.42.131.170 - - [20/Mar/2018:22:35:33 +0900] "GET /w00tw00t.at.blackhats.romanian.anti-sec:%29 HTTP/1.1" 301 185 "-" "Mozilla/4.0 (compatible; MSIE 8.0; Windows NT 6.1; WOW64; Trident/4.0; SLCC2; .NET CLR 2.0.50727; .NET CLR 3.5.30729; .NET CLR 3.0.30729; Media Center PC 6.0; .NET4.0C; .NET4.0E; InfoPath.2)" "-"
70.42.131.170 - - [20/Mar/2018:22:35:33 +0900] "GET /w00tw00t.at.blackhats.romanian.anti-sec:%29 HTTP/1.1" 301 185 "http://www.bing.com/search?q=amazon" "Mozilla/4.0 (compatible; MSIE 8.0; Windows NT 6.1; WOW64; Trident/4.0; SLCC2; .NET CLR 2.0.50727; .NET CLR 3.5.30729; .NET CLR 3.0.30729; Media Center PC 6.0; .NET4.0C; .NET4.0E; InfoPath.2)" "-"
91.200.12.179 - - [20/Mar/2018:23:41:18 +0900] "\x03\x00\x00/*\xE0\x00\x00\x00\x00\x00Cookie: mstshash=Administr" 400 173 "-" "-" "-"
70.42.131.170 - - [21/Mar/2018:00:08:13 +0900] "GET / HTTP/1.1" 301 185 "http://www.bing.com/search?q=amazon" "Mozilla/4.0 (compatible; MSIE 8.0; Windows NT 6.1; WOW64; Trident/4.0; SLCC2; .NET CLR 2.0.50727; .NET CLR 3.5.30729; .NET CLR 3.0.30729; Media Center PC 6.0; .NET4.0C; .NET4.0E; InfoPath.2)" "-"
70.42.131.170 - - [21/Mar/2018:00:17:25 +0900] "GET /w00tw00t.at.blackhats.romanian.anti-sec:%29 HTTP/1.1" 301 185 "http://www.bing.com/search?q=amazon" "Mozilla/4.0 (compatible; MSIE 8.0; Windows NT 6.1; WOW64; Trident/4.0; SLCC2; .NET CLR 2.0.50727; .NET CLR 3.5.30729; .NET CLR 3.0.30729; Media Center PC 6.0; .NET4.0C; .NET4.0E; InfoPath.2)" "-"
71.6.202.198 - - [21/Mar/2018:00:22:25 +0900] "GET /ccvv HTTP/1.1" 301 185 "-" "Mozilla/5.0 (compatible; MSIE 9.0; Windows NT 6.1; WOW64)" "-"
66.249.71.53 - - [21/Mar/2018:02:27:35 +0900] "GET / HTTP/1.1" 301 185 "-" "Mozilla/5.0 (compatible; Googlebot/2.1; +http://www.google.com/bot.html)" "-"
180.76.15.144 - - [21/Mar/2018:04:38:22 +0900] "GET /robots.txt HTTP/1.1" 301 185 "-" "Mozilla/5.0 (Windows NT 5.1; rv:6.0.2) Gecko/20100101 Firefox/6.0.2" "-"
180.76.15.22 - - [21/Mar/2018:04:38:22 +0900] "GET /robots.txt HTTP/1.1" 301 185 "-" "Mozilla/5.0 (Windows NT 5.1; rv:6.0.2) Gecko/20100101 Firefox/6.0.2" "-"
180.76.15.163 - - [21/Mar/2018:04:43:54 +0900] "GET /preview_evaluation/33 HTTP/1.1" 301 185 "-" "Mozilla/5.0 (compatible; Baiduspider/2.0; +http://www.baidu.com/search/spider.html)" "-"
139.162.119.197 - - [21/Mar/2018:04:47:25 +0900] "GET / HTTP/1.1" 301 185 "-" "Mozilla/5.0 (Windows NT 10.0; WOW64) AppleWebKit/537.36 (KHTML, like Gecko) Chrome/50.0.2661.102 Safari/537.36" "-"
70.42.131.170 - - [21/Mar/2018:05:54:29 +0900] "GET / HTTP/1.1" 301 185 "http://www.bing.com/search?q=amazon" "Mozilla/4.0 (compatible; MSIE 8.0; Windows NT 6.1; WOW64; Trident/4.0; SLCC2; .NET CLR 2.0.50727; .NET CLR 3.5.30729; .NET CLR 3.0.30729; Media Center PC 6.0; .NET4.0C; .NET4.0E; InfoPath.2)" "-"
70.42.131.170 - - [21/Mar/2018:06:01:07 +0900] "GET /.git/config HTTP/1.1" 301 185 "http://www.bing.com/search?q=amazon" "Mozilla/4.0 (compatible; MSIE 8.0; Windows NT 6.1; WOW64; Trident/4.0; SLCC2; .NET CLR 2.0.50727; .NET CLR 3.5.30729; .NET CLR 3.0.30729; Media Center PC 6.0; .NET4.0C; .NET4.0E; InfoPath.2)" "-"
38.142.98.218 - - [21/Mar/2018:08:06:32 +0900] "GET / HTTP/1.1" 301 185 "-" "-" "-"
207.46.13.5 - - [21/Mar/2018:10:44:02 +0900] "GET / HTTP/1.1" 301 185 "-" "Mozilla/5.0 (compatible; bingbot/2.0; +http://www.bing.com/bingbot.htm)" "-"
218.2.97.66 - - [21/Mar/2018:11:17:52 +0900] "GET / HTTP/1.1" 301 185 "-" "Mozilla/5.0 zgrab/0.x" "-"
209.126.136.4 - - [21/Mar/2018:11:18:41 +0900] "GET / HTTP/1.1" 301 185 "-" "Mozilla/5.0 (Windows NT 10.0; Win64; x64) AppleWebKit/537.36 (KHTML, like Gecko) Chrome/57.0.2987.133 Safari/537.36" "-"
185.222.210.29 - - [21/Mar/2018:12:23:34 +0900] "PROPFIND / HTTP/1.1" 301 185 "-" "-" "-"
176.32.33.238 - - [21/Mar/2018:12:38:34 +0900] "GET / HTTP/1.1" 301 185 "-" "masscan/1.0 (https://github.com/robertdavidgraham/masscan)" "-"
196.52.43.55 - - [21/Mar/2018:12:43:03 +0900] "GET / HTTP/1.1" 301 185 "-" "Mozilla/5.0(WindowsNT6.1;rv:31.0)Gecko/20100101Firefox/31.0" "-"
111.230.166.36 - - [21/Mar/2018:13:12:16 +0900] "GET / HTTP/1.1" 301 185 "-" "?????????????????????????????????1" "-"
183.131.83.112 - - [21/Mar/2018:15:46:28 +0900] "GET /manager/html HTTP/1.1" 301 185 "-" "Mozilla/3.0 (compatible; Indy Library)" "-"
104.225.223.148 - - [21/Mar/2018:17:05:18 +0900] "GET / HTTP/1.1" 301 185 "-" "-" "-"
35.205.181.129 - - [21/Mar/2018:17:07:08 +0900] "GET / HTTP/1.1" 301 185 "-" "Mozilla/5.0 zgrab/0.x" "-"
104.225.223.148 - - [21/Mar/2018:17:11:32 +0900] "GET / HTTP/1.1" 301 185 "-" "Mozilla/5.0 (compatible; Nmap Scripting Engine; https://nmap.org/book/nse.html)" "-"
