126.211.1.215 - - [17/Jan/2018:12:09:20 +0900] "GET /preview_evaluation/7 HTTP/1.1" 200 12642 "-" "Dalvik/2.1.0 (Linux; U; Android 6.0.1; 506SH Build/S0024)"
202.7.31.230 - - [17/Jan/2018:13:50:49 +0900] "GET /preview_evaluation/52 HTTP/1.1" 200 10585 "https://www.google.co.jp/" "Mozilla/5.0 (Windows NT 6.1; rv:57.0) Gecko/20100101 Firefox/57.0"
202.7.31.230 - - [17/Jan/2018:13:50:50 +0900] "GET /s/image/favicon.png HTTP/1.1" 200 175287 "-" "Mozilla/5.0 (Windows NT 6.1; rv:57.0) Gecko/20100101 Firefox/57.0"
157.55.39.43 - - [17/Jan/2018:14:22:30 +0900] "GET / HTTP/1.1" 200 6551 "-" "Mozilla/5.0 (compatible; bingbot/2.0; +http://www.bing.com/bingbot.htm)"
139.162.113.204 - - [17/Jan/2018:14:25:05 +0900] "GET / HTTP/1.1" 200 6551 "-" "Mozilla/5.0 (Windows NT 10.0; WOW64) AppleWebKit/537.36 (KHTML, like Gecko) Chrome/50.0.2661.102 Safari/537.36"
202.232.133.36 - - [17/Jan/2018:14:38:09 +0900] "GET /preview_evaluation/10 HTTP/1.1" 200 10573 "https://www.google.co.jp/url?sa=t&rct=j&q=&esrc=s&source=web&cd=30&ved=0ahUKEwjC69X6oN7YAhUJvrwKHVQlCLM4FBAWCFQwCQ&url=https%3A%2F%2Fwebrepo.nal.ie.u-ryukyu.ac.jp%2Fpreview_evaluation%2F10&usg=AOvVaw05T1xdZHA8K1noLDIn3nnm" "Mozilla/5.0 (Windows NT 6.1; Trident/7.0; rv:11.0) like Gecko"
202.232.133.36 - - [17/Jan/2018:14:38:10 +0900] "GET /s/image/favicon.png HTTP/1.1" 200 175287 "-" "Mozilla/5.0 (Windows NT 6.1; Trident/7.0; rv:11.0) like Gecko"
126.211.1.215 - - [17/Jan/2018:15:23:54 +0900] "GET /preview_evaluation/7 HTTP/1.1" 200 12657 "-" "Dalvik/2.1.0 (Linux; U; Android 6.0.1; 506SH Build/S0024)"
85.93.20.2 - - [17/Jan/2018:15:41:14 +0900] "\x03\x00\x00/*\xE0\x00\x00\x00\x00\x00Cookie: mstshash=Administr" 400 166 "-" "-"
80.82.77.139 - - [17/Jan/2018:17:07:09 +0900] "GET / HTTP/1.1" 200 6557 "-" "Mozilla/5.0 (X11; Linux x86_64) AppleWebKit/537.36 (KHTML, like Gecko) Chrome/34.0.1847.137 Safari/537.36"
80.82.77.139 - - [17/Jan/2018:17:07:13 +0900] "" 400 0 "-" "-"
80.82.77.139 - - [17/Jan/2018:17:07:14 +0900] "" 400 0 "-" "-"
80.82.77.139 - - [17/Jan/2018:17:07:16 +0900] "" 400 0 "-" "-"
80.82.77.139 - - [17/Jan/2018:17:07:20 +0900] "quit" 400 166 "-" "-"
133.13.48.134 - - [17/Jan/2018:20:02:01 +0900] "GET /r/register_page HTTP/1.1" 303 0 "https://webrepo.nal.ie.u-ryukyu.ac.jp/preview_evaluation/52" "Mozilla/5.0 (Macintosh; Intel Mac OS X 10_13_2) AppleWebKit/537.36 (KHTML, like Gecko) Chrome/63.0.3239.132 Safari/537.36"
133.13.48.134 - - [17/Jan/2018:20:02:01 +0900] "GET /signin_select HTTP/1.1" 303 0 "https://webrepo.nal.ie.u-ryukyu.ac.jp/preview_evaluation/52" "Mozilla/5.0 (Macintosh; Intel Mac OS X 10_13_2) AppleWebKit/537.36 (KHTML, like Gecko) Chrome/63.0.3239.132 Safari/537.36"
133.13.48.134 - - [17/Jan/2018:20:02:01 +0900] "GET /google_OAuth HTTP/1.1" 303 0 "https://webrepo.nal.ie.u-ryukyu.ac.jp/preview_evaluation/52" "Mozilla/5.0 (Macintosh; Intel Mac OS X 10_13_2) AppleWebKit/537.36 (KHTML, like Gecko) Chrome/63.0.3239.132 Safari/537.36"
133.13.48.134 - - [17/Jan/2018:20:02:02 +0900] "GET /oauth2callback_google?state=X8p1HcTMpjwr3CZk&code=4/6DYuRBtLtg-0dFoev53vvJwqTfHm9RG2wY1Tl2FSpUY HTTP/1.1" 303 0 "https://webrepo.nal.ie.u-ryukyu.ac.jp/preview_evaluation/52" "Mozilla/5.0 (Macintosh; Intel Mac OS X 10_13_2) AppleWebKit/537.36 (KHTML, like Gecko) Chrome/63.0.3239.132 Safari/537.36"
133.13.48.134 - - [17/Jan/2018:20:02:02 +0900] "GET /r/register_page HTTP/1.1" 200 5754 "https://webrepo.nal.ie.u-ryukyu.ac.jp/preview_evaluation/52" "Mozilla/5.0 (Macintosh; Intel Mac OS X 10_13_2) AppleWebKit/537.36 (KHTML, like Gecko) Chrome/63.0.3239.132 Safari/537.36"
133.13.48.134 - - [17/Jan/2018:20:02:41 +0900] "POST /r/register_page HTTP/1.1" 303 0 "https://webrepo.nal.ie.u-ryukyu.ac.jp/r/register_page" "Mozilla/5.0 (Macintosh; Intel Mac OS X 10_13_2) AppleWebKit/537.36 (KHTML, like Gecko) Chrome/63.0.3239.132 Safari/537.36"
133.13.48.134 - - [17/Jan/2018:20:02:41 +0900] "GET /r/input_evaluation/56 HTTP/1.1" 200 11133 "https://webrepo.nal.ie.u-ryukyu.ac.jp/r/register_page" "Mozilla/5.0 (Macintosh; Intel Mac OS X 10_13_2) AppleWebKit/537.36 (KHTML, like Gecko) Chrome/63.0.3239.132 Safari/537.36"
133.13.48.134 - - [17/Jan/2018:20:05:59 +0900] "POST /r/input_evaluation/56 HTTP/1.1" 303 0 "https://webrepo.nal.ie.u-ryukyu.ac.jp/r/input_evaluation/56" "Mozilla/5.0 (Macintosh; Intel Mac OS X 10_13_2) AppleWebKit/537.36 (KHTML, like Gecko) Chrome/63.0.3239.132 Safari/537.36"
133.13.48.134 - - [17/Jan/2018:20:05:59 +0900] "GET /preview_evaluation/56 HTTP/1.1" 200 10259 "https://webrepo.nal.ie.u-ryukyu.ac.jp/r/input_evaluation/56" "Mozilla/5.0 (Macintosh; Intel Mac OS X 10_13_2) AppleWebKit/537.36 (KHTML, like Gecko) Chrome/63.0.3239.132 Safari/537.36"
133.13.48.134 - - [17/Jan/2018:20:06:11 +0900] "GET /r/edit_page_cate/56 HTTP/1.1" 200 5568 "https://webrepo.nal.ie.u-ryukyu.ac.jp/preview_evaluation/56" "Mozilla/5.0 (Macintosh; Intel Mac OS X 10_13_2) AppleWebKit/537.36 (KHTML, like Gecko) Chrome/63.0.3239.132 Safari/537.36"
133.13.48.134 - - [17/Jan/2018:20:06:16 +0900] "POST /r/edit_page_cate/56 HTTP/1.1" 303 0 "https://webrepo.nal.ie.u-ryukyu.ac.jp/r/edit_page_cate/56" "Mozilla/5.0 (Macintosh; Intel Mac OS X 10_13_2) AppleWebKit/537.36 (KHTML, like Gecko) Chrome/63.0.3239.132 Safari/537.36"
133.13.48.134 - - [17/Jan/2018:20:06:16 +0900] "GET /preview_evaluation/56 HTTP/1.1" 200 10259 "https://webrepo.nal.ie.u-ryukyu.ac.jp/r/edit_page_cate/56" "Mozilla/5.0 (Macintosh; Intel Mac OS X 10_13_2) AppleWebKit/537.36 (KHTML, like Gecko) Chrome/63.0.3239.132 Safari/537.36"
199.59.150.181 - - [17/Jan/2018:20:07:47 +0900] "GET /preview_evaluation/56 HTTP/1.1" 200 10266 "-" "Twitterbot/1.0"
144.76.23.171 - - [17/Jan/2018:20:08:20 +0900] "GET /robots.txt HTTP/1.1" 404 23 "-" "Mozilla/5.0 (Windows; U; Windows NT 5.1; en-US; rv:1.9.0.1) Gecko/2008070208 Firefox/3.0.0"
144.76.23.171 - - [17/Jan/2018:20:08:22 +0900] "GET /preview_evaluation/56 HTTP/1.1" 200 10259 "-" "Mozilla/5.0 (Windows; U; Windows NT 5.1; en-US; rv:1.9.0.1) Gecko/2008070208 Firefox/3.0.0"
136.243.154.102 - - [17/Jan/2018:20:09:08 +0900] "HEAD /preview_evaluation/56 HTTP/1.1" 405 0 "-" "MetaURI API/2.0 +metauri.com"
136.243.154.102 - - [17/Jan/2018:20:09:10 +0900] "GET /preview_evaluation/56 HTTP/1.1" 200 10266 "-" "MetaURI API/2.0 +metauri.com"
54.36.149.177 - - [17/Jan/2018:20:09:11 +0900] "GET /preview_evaluation/56 HTTP/1.1" 200 10259 "-" "Mozilla/5.0 (compatible; AhrefsBot/5.2; News; +http://ahrefs.com/robot/)"
74.6.168.234 - - [17/Jan/2018:20:10:41 +0900] "GET /robots.txt HTTP/1.1" 404 23 "-" "Mozilla/5.0 (compatible; Yahoo! Slurp; http://help.yahoo.com/help/us/ysearch/slurp)"
74.6.168.234 - - [17/Jan/2018:20:10:42 +0900] "HEAD /preview_evaluation/56 HTTP/1.1" 405 0 "-" "Mozilla/5.0 (compatible; Yahoo! Slurp; http://help.yahoo.com/help/us/ysearch/slurp)"
17.142.154.157 - - [17/Jan/2018:20:17:07 +0900] "GET /robots.txt HTTP/1.1" 404 23 "-" "Mozilla/5.0 (Macintosh; Intel Mac OS X 10_10_1) AppleWebKit/600.2.5 (KHTML, like Gecko) Version/8.0.2 Safari/600.2.5 (Applebot/0.1; +http://www.apple.com/go/applebot)"
17.142.154.157 - - [17/Jan/2018:20:17:07 +0900] "GET /preview_evaluation/56 HTTP/1.1" 200 10259 "-" "Mozilla/5.0 (Macintosh; Intel Mac OS X 10_10_1) AppleWebKit/600.2.5 (KHTML, like Gecko) Version/8.0.2 Safari/600.2.5 (Applebot/0.1; +http://www.apple.com/go/applebot)"
216.218.206.67 - - [17/Jan/2018:23:25:32 +0900] "GET / HTTP/1.1" 200 6551 "-" "-"
89.248.172.16 - - [18/Jan/2018:00:17:49 +0900] "GET / HTTP/1.1" 200 6557 "-" "Mozilla/5.0 (X11; Linux x86_64) AppleWebKit/537.36 (KHTML, like Gecko) Chrome/34.0.1847.137 Safari/537.36"
89.248.172.16 - - [18/Jan/2018:00:18:00 +0900] "" 400 0 "-" "-"
89.248.172.16 - - [18/Jan/2018:00:18:03 +0900] "" 400 0 "-" "-"
89.248.172.16 - - [18/Jan/2018:00:18:06 +0900] "" 400 0 "-" "-"
89.248.172.16 - - [18/Jan/2018:00:18:11 +0900] "quit" 400 166 "-" "-"
70.42.131.170 - - [18/Jan/2018:01:00:28 +0900] "GET / HTTP/1.1" 200 6551 "http://www.bing.com/search?q=amazon" "Mozilla/4.0 (compatible; MSIE 8.0; Windows NT 6.1; WOW64; Trident/4.0; SLCC2; .NET CLR 2.0.50727; .NET CLR 3.5.30729; .NET CLR 3.0.30729; Media Center PC 6.0; .NET4.0C; .NET4.0E; InfoPath.2)"
46.229.164.98 - - [18/Jan/2018:02:30:37 +0900] "GET /robots.txt HTTP/1.1" 404 23 "-" "Mozilla/5.0 (compatible; SemrushBot/1.2~bl; +http://www.semrush.com/bot.html)"
40.77.167.57 - - [18/Jan/2018:02:41:35 +0900] "GET / HTTP/1.1" 200 6557 "-" "Mozilla/5.0 (compatible; bingbot/2.0; +http://www.bing.com/bingbot.htm)"
70.42.131.170 - - [18/Jan/2018:02:58:12 +0900] "GET /phpmyadmin/index.php HTTP/1.1" 404 23 "http://www.bing.com/search?q=amazon" "Mozilla/4.0 (compatible; MSIE 8.0; Windows NT 6.1; WOW64; Trident/4.0; SLCC2; .NET CLR 2.0.50727; .NET CLR 3.5.30729; .NET CLR 3.0.30729; Media Center PC 6.0; .NET4.0C; .NET4.0E; InfoPath.2)"
70.42.131.170 - - [18/Jan/2018:04:30:54 +0900] "GET /muieblackcat HTTP/1.1" 404 23 "http://www.bing.com/search?q=amazon" "Mozilla/4.0 (compatible; MSIE 8.0; Windows NT 6.1; WOW64; Trident/4.0; SLCC2; .NET CLR 2.0.50727; .NET CLR 3.5.30729; .NET CLR 3.0.30729; Media Center PC 6.0; .NET4.0C; .NET4.0E; InfoPath.2)"
70.42.131.170 - - [18/Jan/2018:05:06:00 +0900] "GET /invoker/jmxinvokerservlet HTTP/1.1" 404 23 "http://www.bing.com/search?q=amazon" "Mozilla/4.0 (compatible; MSIE 8.0; Windows NT 6.1; WOW64; Trident/4.0; SLCC2; .NET CLR 2.0.50727; .NET CLR 3.5.30729; .NET CLR 3.0.30729; Media Center PC 6.0; .NET4.0C; .NET4.0E; InfoPath.2)"
139.162.113.204 - - [18/Jan/2018:08:06:06 +0900] "GET / HTTP/1.1" 200 6557 "-" "Mozilla/5.0 (Windows NT 10.0; WOW64) AppleWebKit/537.36 (KHTML, like Gecko) Chrome/50.0.2661.102 Safari/537.36"
70.42.131.170 - - [18/Jan/2018:08:16:12 +0900] "GET /phpmyadmin/index.php HTTP/1.1" 404 23 "http://www.bing.com/search?q=amazon" "Mozilla/4.0 (compatible; MSIE 8.0; Windows NT 6.1; WOW64; Trident/4.0; SLCC2; .NET CLR 2.0.50727; .NET CLR 3.5.30729; .NET CLR 3.0.30729; Media Center PC 6.0; .NET4.0C; .NET4.0E; InfoPath.2)"
70.42.131.170 - - [18/Jan/2018:08:25:54 +0900] "GET /xxzy HTTP/1.1" 404 23 "http://www.bing.com/search?q=amazon" "Mozilla/4.0 (compatible; MSIE 8.0; Windows NT 6.1; WOW64; Trident/4.0; SLCC2; .NET CLR 2.0.50727; .NET CLR 3.5.30729; .NET CLR 3.0.30729; Media Center PC 6.0; .NET4.0C; .NET4.0E; InfoPath.2)"
70.42.131.170 - - [18/Jan/2018:08:42:25 +0900] "GET /security.txt HTTP/1.1" 404 23 "http://www.bing.com/search?q=amazon" "Mozilla/4.0 (compatible; MSIE 8.0; Windows NT 6.1; WOW64; Trident/4.0; SLCC2; .NET CLR 2.0.50727; .NET CLR 3.5.30729; .NET CLR 3.0.30729; Media Center PC 6.0; .NET4.0C; .NET4.0E; InfoPath.2)"
212.129.39.185 - - [18/Jan/2018:09:21:57 +0900] "GET /a2billing/common/javascript/misc.js HTTP/1.1" 404 23 "-" "python-requests/2.18.4"
70.42.131.170 - - [18/Jan/2018:09:37:19 +0900] "GET /cgi/common.cgi HTTP/1.1" 404 23 "http://www.bing.com/search?q=amazon" "Mozilla/4.0 (compatible; MSIE 8.0; Windows NT 6.1; WOW64; Trident/4.0; SLCC2; .NET CLR 2.0.50727; .NET CLR 3.5.30729; .NET CLR 3.0.30729; Media Center PC 6.0; .NET4.0C; .NET4.0E; InfoPath.2)"
66.249.75.70 - - [18/Jan/2018:09:50:00 +0900] "GET /robots.txt HTTP/1.1" 404 23 "-" "Mozilla/5.0 (compatible; Googlebot/2.1; +http://www.google.com/bot.html)"
66.249.75.66 - - [18/Jan/2018:09:50:00 +0900] "GET /page_list?genre=*&media=%E6%96%87%E7%AB%A0 HTTP/1.1" 200 32550 "-" "Mozilla/5.0 (compatible; Googlebot/2.1; +http://www.google.com/bot.html)"
66.249.75.68 - - [18/Jan/2018:09:52:41 +0900] "GET /r/input_evaluation/56 HTTP/1.1" 303 0 "-" "Mozilla/5.0 (compatible; Googlebot/2.1; +http://www.google.com/bot.html)"
66.249.75.66 - - [18/Jan/2018:09:52:42 +0900] "GET /signin_select HTTP/1.1" 303 0 "-" "Mozilla/5.0 (compatible; Googlebot/2.1; +http://www.google.com/bot.html)"
66.249.75.68 - - [18/Jan/2018:09:52:42 +0900] "GET /google_OAuth HTTP/1.1" 303 0 "-" "Mozilla/5.0 (compatible; Googlebot/2.1; +http://www.google.com/bot.html)"
70.42.131.170 - - [18/Jan/2018:10:22:50 +0900] "GET /invoker/jmxinvokerservlet HTTP/1.1" 404 23 "http://www.bing.com/search?q=amazon" "Mozilla/4.0 (compatible; MSIE 8.0; Windows NT 6.1; WOW64; Trident/4.0; SLCC2; .NET CLR 2.0.50727; .NET CLR 3.5.30729; .NET CLR 3.0.30729; Media Center PC 6.0; .NET4.0C; .NET4.0E; InfoPath.2)"
133.13.48.142 - - [18/Jan/2018:15:20:30 +0900] "GET /r/register_page HTTP/1.1" 200 5760 "https://webrepo.nal.ie.u-ryukyu.ac.jp/preview_evaluation/56" "Mozilla/5.0 (Macintosh; Intel Mac OS X 10_13_2) AppleWebKit/537.36 (KHTML, like Gecko) Chrome/63.0.3239.132 Safari/537.36"
133.13.48.142 - - [18/Jan/2018:15:21:18 +0900] "POST /r/register_page HTTP/1.1" 303 0 "https://webrepo.nal.ie.u-ryukyu.ac.jp/r/register_page" "Mozilla/5.0 (Macintosh; Intel Mac OS X 10_13_2) AppleWebKit/537.36 (KHTML, like Gecko) Chrome/63.0.3239.132 Safari/537.36"
133.13.48.142 - - [18/Jan/2018:15:21:18 +0900] "GET /r/input_evaluation/57 HTTP/1.1" 200 11140 "https://webrepo.nal.ie.u-ryukyu.ac.jp/r/register_page" "Mozilla/5.0 (Macintosh; Intel Mac OS X 10_13_2) AppleWebKit/537.36 (KHTML, like Gecko) Chrome/63.0.3239.132 Safari/537.36"
133.13.48.142 - - [18/Jan/2018:15:21:23 +0900] "GET /page_list?genre=*&media=%E6%96%87%E7%AB%A0 HTTP/1.1" 200 33279 "https://webrepo.nal.ie.u-ryukyu.ac.jp/r/input_evaluation/57" "Mozilla/5.0 (Macintosh; Intel Mac OS X 10_13_2) AppleWebKit/537.36 (KHTML, like Gecko) Chrome/63.0.3239.132 Safari/537.36"
133.13.48.142 - - [18/Jan/2018:15:21:30 +0900] "GET /preview_evaluation/57 HTTP/1.1" 200 7981 "https://webrepo.nal.ie.u-ryukyu.ac.jp/page_list?genre=*&media=%E6%96%87%E7%AB%A0" "Mozilla/5.0 (Macintosh; Intel Mac OS X 10_13_2) AppleWebKit/537.36 (KHTML, like Gecko) Chrome/63.0.3239.132 Safari/537.36"
133.13.239.181 - - [18/Jan/2018:16:45:28 +0900] "GET / HTTP/1.1" 200 6557 "-" "Mozilla/5.0 (Macintosh; Intel Mac OS X 10_11_6) AppleWebKit/537.36 (KHTML, like Gecko) Chrome/63.0.3239.132 Safari/537.36"
133.13.239.181 - - [18/Jan/2018:16:45:28 +0900] "GET /s/image/favicon.png HTTP/1.1" 200 175287 "https://webrepo.nal.ie.u-ryukyu.ac.jp/" "Mozilla/5.0 (Macintosh; Intel Mac OS X 10_11_6) AppleWebKit/537.36 (KHTML, like Gecko) Chrome/63.0.3239.132 Safari/537.36"
207.46.13.78 - - [18/Jan/2018:17:06:34 +0900] "GET / HTTP/1.1" 200 6557 "-" "Mozilla/5.0 (compatible; bingbot/2.0; +http://www.bing.com/bingbot.htm)"
133.13.48.134 - - [18/Jan/2018:18:12:27 +0900] "GET /preview_evaluation/57/ HTTP/1.1" 404 23 "-" "Mozilla/5.0 (Macintosh; Intel Mac OS X 10_13_2) AppleWebKit/537.36 (KHTML, like Gecko) Chrome/63.0.3239.132 Safari/537.36"
133.13.48.134 - - [18/Jan/2018:18:12:27 +0900] "GET /favicon.ico HTTP/1.1" 404 23 "https://webrepo.nal.ie.u-ryukyu.ac.jp/preview_evaluation/57/" "Mozilla/5.0 (Macintosh; Intel Mac OS X 10_13_2) AppleWebKit/537.36 (KHTML, like Gecko) Chrome/63.0.3239.132 Safari/537.36"
133.13.48.134 - - [18/Jan/2018:18:24:30 +0900] "GET /preview_evaluation/57 HTTP/1.1" 200 7975 "https://webrepo.nal.ie.u-ryukyu.ac.jp/page_list?genre=*&media=%E6%96%87%E7%AB%A0" "Mozilla/5.0 (Macintosh; Intel Mac OS X 10_13_2) AppleWebKit/537.36 (KHTML, like Gecko) Chrome/63.0.3239.132 Safari/537.36"
133.13.48.134 - - [18/Jan/2018:18:24:30 +0900] "GET /s/image/favicon.png HTTP/1.1" 200 175287 "https://webrepo.nal.ie.u-ryukyu.ac.jp/preview_evaluation/57" "Mozilla/5.0 (Macintosh; Intel Mac OS X 10_13_2) AppleWebKit/537.36 (KHTML, like Gecko) Chrome/63.0.3239.132 Safari/537.36"
122.214.241.68 - - [18/Jan/2018:20:08:20 +0900] "GET /preview_evaluation/52 HTTP/1.1" 200 10585 "https://www.google.co.jp/" "Mozilla/5.0 (Windows NT 6.1) AppleWebKit/537.36 (KHTML, like Gecko) Chrome/63.0.3239.132 Safari/537.36"
122.214.241.68 - - [18/Jan/2018:20:08:21 +0900] "GET /s/image/favicon.png HTTP/1.1" 200 175287 "https://webrepo.nal.ie.u-ryukyu.ac.jp/preview_evaluation/52" "Mozilla/5.0 (Windows NT 6.1) AppleWebKit/537.36 (KHTML, like Gecko) Chrome/63.0.3239.132 Safari/537.36"
157.55.39.48 - - [18/Jan/2018:21:17:08 +0900] "GET /robots.txt HTTP/1.1" 404 23 "-" "Mozilla/5.0 (compatible; bingbot/2.0; +http://www.bing.com/bingbot.htm)"
133.13.48.134 - - [18/Jan/2018:22:08:11 +0900] "GET /preview_evaluation/57 HTTP/1.1" 200 8889 "https://webrepo.nal.ie.u-ryukyu.ac.jp/page_list?genre=*&media=%E6%96%87%E7%AB%A0" "Mozilla/5.0 (Macintosh; Intel Mac OS X 10_13_2) AppleWebKit/537.36 (KHTML, like Gecko) Chrome/63.0.3239.132 Safari/537.36"
133.13.48.134 - - [18/Jan/2018:22:08:12 +0900] "GET /s/image/favicon.png HTTP/1.1" 200 175287 "https://webrepo.nal.ie.u-ryukyu.ac.jp/preview_evaluation/57" "Mozilla/5.0 (Macintosh; Intel Mac OS X 10_13_2) AppleWebKit/537.36 (KHTML, like Gecko) Chrome/63.0.3239.132 Safari/537.36"
218.229.96.218 - - [18/Jan/2018:22:16:32 +0900] "GET /preview_evaluation/55 HTTP/1.1" 200 11798 "https://www.google.co.jp/" "Mozilla/5.0 (Macintosh; Intel Mac OS X 10_13_2) AppleWebKit/537.36 (KHTML, like Gecko) Chrome/63.0.3239.132 Safari/537.36"
218.229.96.218 - - [18/Jan/2018:22:16:34 +0900] "GET /s/image/favicon.png HTTP/1.1" 200 175287 "https://webrepo.nal.ie.u-ryukyu.ac.jp/preview_evaluation/55" "Mozilla/5.0 (Macintosh; Intel Mac OS X 10_13_2) AppleWebKit/537.36 (KHTML, like Gecko) Chrome/63.0.3239.132 Safari/537.36"
216.218.206.67 - - [18/Jan/2018:23:03:38 +0900] "GET / HTTP/1.1" 200 6557 "-" "-"
70.42.131.170 - - [19/Jan/2018:00:06:24 +0900] "GET /cgi/common.cgi HTTP/1.1" 404 23 "http://www.bing.com/search?q=amazon" "Mozilla/4.0 (compatible; MSIE 8.0; Windows NT 6.1; WOW64; Trident/4.0; SLCC2; .NET CLR 2.0.50727; .NET CLR 3.5.30729; .NET CLR 3.0.30729; Media Center PC 6.0; .NET4.0C; .NET4.0E; InfoPath.2)"
70.42.131.170 - - [19/Jan/2018:03:37:03 +0900] "GET /muieblackcat HTTP/1.1" 404 23 "http://www.bing.com/search?q=amazon" "Mozilla/4.0 (compatible; MSIE 8.0; Windows NT 6.1; WOW64; Trident/4.0; SLCC2; .NET CLR 2.0.50727; .NET CLR 3.5.30729; .NET CLR 3.0.30729; Media Center PC 6.0; .NET4.0C; .NET4.0E; InfoPath.2)"
70.42.131.170 - - [19/Jan/2018:04:03:42 +0900] "GET / HTTP/1.1" 200 6557 "http://www.bing.com/search?q=amazon" "Mozilla/4.0 (compatible; MSIE 8.0; Windows NT 6.1; WOW64; Trident/4.0; SLCC2; .NET CLR 2.0.50727; .NET CLR 3.5.30729; .NET CLR 3.0.30729; Media Center PC 6.0; .NET4.0C; .NET4.0E; InfoPath.2)"
46.229.164.100 - - [19/Jan/2018:04:09:51 +0900] "GET /robots.txt HTTP/1.1" 404 23 "-" "Mozilla/5.0 (compatible; SemrushBot/1.2~bl; +http://www.semrush.com/bot.html)"
70.42.131.170 - - [19/Jan/2018:04:51:48 +0900] "GET /phpmyadmin/index.php HTTP/1.1" 404 23 "http://www.bing.com/search?q=amazon" "Mozilla/4.0 (compatible; MSIE 8.0; Windows NT 6.1; WOW64; Trident/4.0; SLCC2; .NET CLR 2.0.50727; .NET CLR 3.5.30729; .NET CLR 3.0.30729; Media Center PC 6.0; .NET4.0C; .NET4.0E; InfoPath.2)"
70.42.131.170 - - [19/Jan/2018:05:26:07 +0900] "GET /wls-wsat/coordinatorporttype HTTP/1.1" 404 23 "http://www.bing.com/search?q=amazon" "Mozilla/4.0 (compatible; MSIE 8.0; Windows NT 6.1; WOW64; Trident/4.0; SLCC2; .NET CLR 2.0.50727; .NET CLR 3.5.30729; .NET CLR 3.0.30729; Media Center PC 6.0; .NET4.0C; .NET4.0E; InfoPath.2)"
70.42.131.170 - - [19/Jan/2018:06:16:49 +0900] "GET /invoker/jmxinvokerservlet HTTP/1.1" 404 23 "http://www.bing.com/search?q=amazon" "Mozilla/4.0 (compatible; MSIE 8.0; Windows NT 6.1; WOW64; Trident/4.0; SLCC2; .NET CLR 2.0.50727; .NET CLR 3.5.30729; .NET CLR 3.0.30729; Media Center PC 6.0; .NET4.0C; .NET4.0E; InfoPath.2)"
182.119.193.245 - - [19/Jan/2018:06:39:18 +0900] "GET / HTTP/1.0" 200 6538 "-" "-"
70.42.131.170 - - [19/Jan/2018:07:17:19 +0900] "GET /phpmyadmin/index.php HTTP/1.1" 404 23 "http://www.bing.com/search?q=amazon" "Mozilla/4.0 (compatible; MSIE 8.0; Windows NT 6.1; WOW64; Trident/4.0; SLCC2; .NET CLR 2.0.50727; .NET CLR 3.5.30729; .NET CLR 3.0.30729; Media Center PC 6.0; .NET4.0C; .NET4.0E; InfoPath.2)"
126.186.150.133 - - [19/Jan/2018:08:07:05 +0900] "GET /preview_evaluation/10 HTTP/1.1" 200 11480 "http://search.yahoo.co.jp/" "Mozilla/5.0 (Linux; Android 6.0; 501SO Build/32.1.D.0.436; wv) AppleWebKit/537.36 (KHTML, like Gecko) Version/4.0 Chrome/63.0.3239.111 Mobile Safari/537.36 i-filter/sbm-safety"
126.186.150.133 - - [19/Jan/2018:08:07:08 +0900] "GET /s/image/favicon.png HTTP/1.1" 200 175287 "https://webrepo.nal.ie.u-ryukyu.ac.jp/preview_evaluation/10" "Mozilla/5.0 (Linux; Android 6.0; 501SO Build/32.1.D.0.436; wv) AppleWebKit/537.36 (KHTML, like Gecko) Version/4.0 Chrome/63.0.3239.111 Mobile Safari/537.36 i-filter/sbm-safety"
70.42.131.170 - - [19/Jan/2018:08:47:02 +0900] "GET / HTTP/1.1" 200 6557 "http://www.bing.com/search?q=amazon" "Mozilla/4.0 (compatible; MSIE 8.0; Windows NT 6.1; WOW64; Trident/4.0; SLCC2; .NET CLR 2.0.50727; .NET CLR 3.5.30729; .NET CLR 3.0.30729; Media Center PC 6.0; .NET4.0C; .NET4.0E; InfoPath.2)"
5.101.40.8 - - [19/Jan/2018:10:34:15 +0900] "\x03\x00\x00/*\xE0\x00\x00\x00\x00\x00Cookie: mstshash=Administr" 400 166 "-" "-"
70.42.131.170 - - [19/Jan/2018:10:45:41 +0900] "GET /phpmyadmin/index.php HTTP/1.1" 404 23 "http://www.bing.com/search?q=amazon" "Mozilla/4.0 (compatible; MSIE 8.0; Windows NT 6.1; WOW64; Trident/4.0; SLCC2; .NET CLR 2.0.50727; .NET CLR 3.5.30729; .NET CLR 3.0.30729; Media Center PC 6.0; .NET4.0C; .NET4.0E; InfoPath.2)"
124.45.192.106 - - [19/Jan/2018:11:24:36 +0900] "GET /preview_evaluation/52 HTTP/1.1" 200 11492 "https://www.google.co.jp/" "Mozilla/5.0 (iPad; CPU OS 11_2_1 like Mac OS X) AppleWebKit/604.4.7 (KHTML, like Gecko) Version/11.0 Mobile/15C153 Safari/604.1"
157.55.39.2 - - [19/Jan/2018:11:34:51 +0900] "GET /robots.txt HTTP/1.1" 404 23 "-" "Mozilla/5.0 (compatible; bingbot/2.0; +http://www.bing.com/bingbot.htm)"
40.77.167.42 - - [19/Jan/2018:11:35:14 +0900] "GET / HTTP/1.1" 200 6551 "-" "Mozilla/5.0 (compatible; bingbot/2.0; +http://www.bing.com/bingbot.htm)"
1.75.244.78 - - [19/Jan/2018:11:47:47 +0900] "GET /preview_evaluation/52 HTTP/1.1" 200 11492 "https://t.co/QcfT1fGGuv?amp=1" "Mozilla/5.0 (iPhone; CPU iPhone OS 11_2_2 like Mac OS X) AppleWebKit/604.4.7 (KHTML, like Gecko) Version/11.0 Mobile/15C202 Safari/604.1"
70.42.131.170 - - [19/Jan/2018:12:21:19 +0900] "GET /muieblackcat HTTP/1.1" 404 23 "http://www.bing.com/search?q=amazon" "Mozilla/4.0 (compatible; MSIE 8.0; Windows NT 6.1; WOW64; Trident/4.0; SLCC2; .NET CLR 2.0.50727; .NET CLR 3.5.30729; .NET CLR 3.0.30729; Media Center PC 6.0; .NET4.0C; .NET4.0E; InfoPath.2)"
70.42.131.170 - - [19/Jan/2018:12:57:39 +0900] "GET /invoker/jmxinvokerservlet HTTP/1.1" 404 23 "http://www.bing.com/search?q=amazon" "Mozilla/4.0 (compatible; MSIE 8.0; Windows NT 6.1; WOW64; Trident/4.0; SLCC2; .NET CLR 2.0.50727; .NET CLR 3.5.30729; .NET CLR 3.0.30729; Media Center PC 6.0; .NET4.0C; .NET4.0E; InfoPath.2)"
223.105.4.249 - - [19/Jan/2018:13:22:33 +0900] "GET http://114.215.207.183:83/index.php HTTP/1.1" 400 264 "-" "Mozilla/5.0 (Windows NT 6.1; WOW64; rv:42.0) Gecko/20100101 Firefox/42.0"
133.13.48.134 - - [19/Jan/2018:13:32:14 +0900] "GET / HTTP/1.1" 200 6551 "https://webrepo.nal.ie.u-ryukyu.ac.jp/preview_evaluation/57" "Mozilla/5.0 (Macintosh; Intel Mac OS X 10_13_2) AppleWebKit/537.36 (KHTML, like Gecko) Chrome/63.0.3239.132 Safari/537.36"
207.241.225.244 - - [19/Jan/2018:13:32:46 +0900] "GET /robots.txt HTTP/1.1" 404 23 "-" "Mozilla/5.0 (compatible; archive.org_bot; Wayback Machine Live Record; +http://archive.org/details/archive.org_bot)"
133.13.48.134 - - [19/Jan/2018:13:32:52 +0900] "GET /about HTTP/1.1" 200 5397 "https://webrepo.nal.ie.u-ryukyu.ac.jp/" "Mozilla/5.0 (Macintosh; Intel Mac OS X 10_13_2) AppleWebKit/537.36 (KHTML, like Gecko) Chrome/63.0.3239.132 Safari/537.36"
160.16.235.118 - - [19/Jan/2018:13:33:12 +0900] "GET /robots.txt HTTP/1.0" 404 23 "-" "Mozilla/5.0 (Windows NT 10.0; Win64; x64) AppleWebKit/537.36 (KHTML, like Gecko) Chrome/42.0.2311.135 Safari/537.36 Edge/12.10240"
160.16.235.118 - - [19/Jan/2018:13:33:12 +0900] "GET /robots.txt HTTP/1.0" 404 23 "-" "Mozilla/5.0 (Windows NT 10.0; Win64; x64) AppleWebKit/537.36 (KHTML, like Gecko) Chrome/42.0.2311.135 Safari/537.36 Edge/12.10240"
160.16.235.118 - - [19/Jan/2018:13:33:13 +0900] "GET / HTTP/1.0" 200 6538 "-" "Mozilla/5.0 (Windows NT 10.0; Win64; x64) AppleWebKit/537.36 (KHTML, like Gecko) Chrome/42.0.2311.135 Safari/537.36 Edge/12.10240"
160.16.235.118 - - [19/Jan/2018:13:33:13 +0900] "GET / HTTP/1.1" 200 6551 "-" "Mozilla/5.0 (Unknown; Linux x86_64) AppleWebKit/538.1 (KHTML, like Gecko) PhantomJS/2.1.1 Safari/538.1"
160.16.235.118 - - [19/Jan/2018:13:33:17 +0900] "GET /s/image/favicon.png HTTP/1.1" 200 175287 "https://webrepo.nal.ie.u-ryukyu.ac.jp/" "Mozilla/5.0 (Unknown; Linux x86_64) AppleWebKit/538.1 (KHTML, like Gecko) PhantomJS/2.1.1 Safari/538.1"
160.16.235.118 - - [19/Jan/2018:13:33:58 +0900] "GET /robots.txt HTTP/1.0" 404 23 "-" "Mozilla/5.0 (Windows NT 10.0; Win64; x64) AppleWebKit/537.36 (KHTML, like Gecko) Chrome/42.0.2311.135 Safari/537.36 Edge/12.10240"
160.16.235.118 - - [19/Jan/2018:13:33:59 +0900] "GET /robots.txt HTTP/1.0" 404 23 "-" "Mozilla/5.0 (Windows NT 10.0; Win64; x64) AppleWebKit/537.36 (KHTML, like Gecko) Chrome/42.0.2311.135 Safari/537.36 Edge/12.10240"
160.16.235.118 - - [19/Jan/2018:13:33:59 +0900] "GET /about HTTP/1.0" 200 5384 "-" "Mozilla/5.0 (Windows NT 10.0; Win64; x64) AppleWebKit/537.36 (KHTML, like Gecko) Chrome/42.0.2311.135 Safari/537.36 Edge/12.10240"
160.16.235.118 - - [19/Jan/2018:13:33:59 +0900] "GET /about HTTP/1.1" 200 5397 "-" "Mozilla/5.0 (Unknown; Linux x86_64) AppleWebKit/538.1 (KHTML, like Gecko) PhantomJS/2.1.1 Safari/538.1"
133.13.48.134 - - [19/Jan/2018:13:34:14 +0900] "GET /term_of_service HTTP/1.1" 200 9916 "https://webrepo.nal.ie.u-ryukyu.ac.jp/about" "Mozilla/5.0 (Macintosh; Intel Mac OS X 10_13_2) AppleWebKit/537.36 (KHTML, like Gecko) Chrome/63.0.3239.132 Safari/537.36"
133.13.48.134 - - [19/Jan/2018:13:34:48 +0900] "GET /about HTTP/1.1" 200 5397 "https://webrepo.nal.ie.u-ryukyu.ac.jp/term_of_service" "Mozilla/5.0 (Macintosh; Intel Mac OS X 10_13_2) AppleWebKit/537.36 (KHTML, like Gecko) Chrome/63.0.3239.132 Safari/537.36"
133.13.48.134 - - [19/Jan/2018:13:35:44 +0900] "GET / HTTP/1.1" 200 6551 "https://webrepo.nal.ie.u-ryukyu.ac.jp/term_of_service" "Mozilla/5.0 (Macintosh; Intel Mac OS X 10_13_2) AppleWebKit/537.36 (KHTML, like Gecko) Chrome/63.0.3239.132 Safari/537.36"
207.241.230.163 - - [19/Jan/2018:13:36:46 +0900] "HEAD / HTTP/1.1" 405 0 "-" "Python-urllib/2.7"
207.241.230.163 - - [19/Jan/2018:13:36:47 +0900] "GET / HTTP/1.1" 200 6551 "-" "Python-urllib/2.7"
207.241.225.236 - - [19/Jan/2018:13:36:56 +0900] "GET / HTTP/1.1" 200 6551 "*/https://webrepo.nal.ie.u-ryukyu.ac.jp/" "Mozilla/5.0 (Macintosh; Intel Mac OS X 10_13_2) AppleWebKit/537.36 (KHTML, like Gecko) Chrome/63.0.3239.132 Safari/537.36"
207.241.226.216 - - [19/Jan/2018:13:37:01 +0900] "HEAD /s/image/favicon.png HTTP/1.1" 200 0 "-" "Python-urllib/2.7"
207.241.225.246 - - [19/Jan/2018:13:37:02 +0900] "GET /s/image/favicon.png HTTP/1.1" 200 175287 "https://webrepo.nal.ie.u-ryukyu.ac.jp/" "Mozilla/5.0 (Macintosh; Intel Mac OS X 10_13_2) AppleWebKit/537.36 (KHTML, like Gecko) Chrome/63.0.3239.132 Safari/537.36"
133.13.48.134 - - [19/Jan/2018:13:39:43 +0900] "GET /about HTTP/1.1" 200 5397 "https://webrepo.nal.ie.u-ryukyu.ac.jp/" "Mozilla/5.0 (Macintosh; Intel Mac OS X 10_13_2) AppleWebKit/537.36 (KHTML, like Gecko) Chrome/63.0.3239.132 Safari/537.36"
133.13.48.134 - - [19/Jan/2018:13:44:18 +0900] "GET /about HTTP/1.1" 200 5399 "https://webrepo.nal.ie.u-ryukyu.ac.jp/" "Mozilla/5.0 (Macintosh; Intel Mac OS X 10_13_2) AppleWebKit/537.36 (KHTML, like Gecko) Chrome/63.0.3239.132 Safari/537.36"
133.13.48.134 - - [19/Jan/2018:13:44:18 +0900] "GET /s/image/favicon.png HTTP/1.1" 200 175287 "https://webrepo.nal.ie.u-ryukyu.ac.jp/about" "Mozilla/5.0 (Macintosh; Intel Mac OS X 10_13_2) AppleWebKit/537.36 (KHTML, like Gecko) Chrome/63.0.3239.132 Safari/537.36"
207.241.229.161 - - [19/Jan/2018:13:46:21 +0900] "HEAD /about HTTP/1.1" 405 0 "-" "Python-urllib/2.7"
207.241.229.161 - - [19/Jan/2018:13:46:22 +0900] "GET /about HTTP/1.1" 200 5399 "-" "Python-urllib/2.7"
207.241.225.235 - - [19/Jan/2018:13:46:25 +0900] "GET /about HTTP/1.1" 200 5399 "https://webrepo.nal.ie.u-ryukyu.ac.jp/about" "Mozilla/5.0 (Macintosh; Intel Mac OS X 10_13_2) AppleWebKit/537.36 (KHTML, like Gecko) Chrome/63.0.3239.132 Safari/537.36"
133.13.48.134 - - [19/Jan/2018:13:48:21 +0900] "GET /about HTTP/1.1" 200 5397 "https://webrepo.nal.ie.u-ryukyu.ac.jp/" "Mozilla/5.0 (Macintosh; Intel Mac OS X 10_13_2) AppleWebKit/537.36 (KHTML, like Gecko) Chrome/63.0.3239.132 Safari/537.36"
133.13.48.134 - - [19/Jan/2018:13:48:21 +0900] "GET /s/image/favicon.png HTTP/1.1" 200 175287 "https://webrepo.nal.ie.u-ryukyu.ac.jp/about" "Mozilla/5.0 (Macintosh; Intel Mac OS X 10_13_2) AppleWebKit/537.36 (KHTML, like Gecko) Chrome/63.0.3239.132 Safari/537.36"
133.13.48.134 - - [19/Jan/2018:14:21:33 +0900] "GET / HTTP/1.1" 200 6551 "https://webrepo.nal.ie.u-ryukyu.ac.jp/about" "Mozilla/5.0 (Macintosh; Intel Mac OS X 10_13_2) AppleWebKit/537.36 (KHTML, like Gecko) Chrome/63.0.3239.132 Safari/537.36"
133.13.48.134 - - [19/Jan/2018:15:45:23 +0900] "GET /page_list?genre=*&media=%E6%96%87%E7%AB%A0 HTTP/1.1" 200 33279 "https://webrepo.nal.ie.u-ryukyu.ac.jp/" "Mozilla/5.0 (Macintosh; Intel Mac OS X 10_13_2) AppleWebKit/537.36 (KHTML, like Gecko) Chrome/63.0.3239.132 Safari/537.36"
133.13.48.134 - - [19/Jan/2018:15:45:28 +0900] "GET /preview_evaluation/57 HTTP/1.1" 200 8889 "https://webrepo.nal.ie.u-ryukyu.ac.jp/page_list?genre=*&media=%E6%96%87%E7%AB%A0" "Mozilla/5.0 (Macintosh; Intel Mac OS X 10_13_2) AppleWebKit/537.36 (KHTML, like Gecko) Chrome/63.0.3239.132 Safari/537.36"
133.13.48.134 - - [19/Jan/2018:15:45:43 +0900] "GET /r/edit_page_cate/57 HTTP/1.1" 200 5564 "https://webrepo.nal.ie.u-ryukyu.ac.jp/preview_evaluation/57" "Mozilla/5.0 (Macintosh; Intel Mac OS X 10_13_2) AppleWebKit/537.36 (KHTML, like Gecko) Chrome/63.0.3239.132 Safari/537.36"
133.13.48.134 - - [19/Jan/2018:15:45:48 +0900] "GET /r/input_evaluation/57 HTTP/1.1" 200 11133 "https://webrepo.nal.ie.u-ryukyu.ac.jp/preview_evaluation/57" "Mozilla/5.0 (Macintosh; Intel Mac OS X 10_13_2) AppleWebKit/537.36 (KHTML, like Gecko) Chrome/63.0.3239.132 Safari/537.36"
133.13.48.134 - - [19/Jan/2018:15:57:10 +0900] "POST /r/input_evaluation/57 HTTP/1.1" 303 0 "https://webrepo.nal.ie.u-ryukyu.ac.jp/r/input_evaluation/57" "Mozilla/5.0 (Macintosh; Intel Mac OS X 10_13_2) AppleWebKit/537.36 (KHTML, like Gecko) Chrome/63.0.3239.132 Safari/537.36"
133.13.48.134 - - [19/Jan/2018:15:57:10 +0900] "GET /preview_evaluation/57 HTTP/1.1" 200 11510 "https://webrepo.nal.ie.u-ryukyu.ac.jp/r/input_evaluation/57" "Mozilla/5.0 (Macintosh; Intel Mac OS X 10_13_2) AppleWebKit/537.36 (KHTML, like Gecko) Chrome/63.0.3239.132 Safari/537.36"
133.13.48.134 - - [19/Jan/2018:15:57:16 +0900] "GET /preview_evaluation/57 HTTP/1.1" 200 11517 "https://webrepo.nal.ie.u-ryukyu.ac.jp/r/input_evaluation/57" "Mozilla/5.0 (Macintosh; Intel Mac OS X 10_13_2) AppleWebKit/537.36 (KHTML, like Gecko) Chrome/63.0.3239.132 Safari/537.36"
133.13.48.134 - - [19/Jan/2018:15:57:17 +0900] "GET /s/image/favicon.png HTTP/1.1" 200 175287 "https://webrepo.nal.ie.u-ryukyu.ac.jp/preview_evaluation/57" "Mozilla/5.0 (Macintosh; Intel Mac OS X 10_13_2) AppleWebKit/537.36 (KHTML, like Gecko) Chrome/63.0.3239.132 Safari/537.36"
133.13.48.134 - - [19/Jan/2018:15:57:18 +0900] "GET /preview_evaluation/57 HTTP/1.1" 200 11517 "https://webrepo.nal.ie.u-ryukyu.ac.jp/r/input_evaluation/57" "Mozilla/5.0 (Macintosh; Intel Mac OS X 10_13_2) AppleWebKit/537.36 (KHTML, like Gecko) Chrome/63.0.3239.132 Safari/537.36"
133.13.48.134 - - [19/Jan/2018:15:57:18 +0900] "GET /s/image/favicon.png HTTP/1.1" 200 175287 "https://webrepo.nal.ie.u-ryukyu.ac.jp/preview_evaluation/57" "Mozilla/5.0 (Macintosh; Intel Mac OS X 10_13_2) AppleWebKit/537.36 (KHTML, like Gecko) Chrome/63.0.3239.132 Safari/537.36"
133.13.48.134 - - [19/Jan/2018:15:57:27 +0900] "GET /page_list?genre=*&media=%E6%96%87%E7%AB%A0 HTTP/1.1" 200 33310 "https://webrepo.nal.ie.u-ryukyu.ac.jp/preview_evaluation/57" "Mozilla/5.0 (Macintosh; Intel Mac OS X 10_13_2) AppleWebKit/537.36 (KHTML, like Gecko) Chrome/63.0.3239.132 Safari/537.36"
133.13.48.134 - - [19/Jan/2018:15:57:29 +0900] "GET /preview_evaluation/1 HTTP/1.1" 200 11291 "https://webrepo.nal.ie.u-ryukyu.ac.jp/page_list?genre=*&media=%E6%96%87%E7%AB%A0" "Mozilla/5.0 (Macintosh; Intel Mac OS X 10_13_2) AppleWebKit/537.36 (KHTML, like Gecko) Chrome/63.0.3239.132 Safari/537.36"
133.13.48.134 - - [19/Jan/2018:16:01:40 +0900] "GET /preview_evaluation/1 HTTP/1.1" 200 11285 "https://webrepo.nal.ie.u-ryukyu.ac.jp/page_list?genre=*&media=%E6%96%87%E7%AB%A0" "Mozilla/5.0 (Macintosh; Intel Mac OS X 10_13_2) AppleWebKit/537.36 (KHTML, like Gecko) Chrome/63.0.3239.132 Safari/537.36"
133.13.48.134 - - [19/Jan/2018:16:01:44 +0900] "GET /preview_evaluation/57 HTTP/1.1" 200 11511 "https://webrepo.nal.ie.u-ryukyu.ac.jp/page_list?genre=*&media=%E6%96%87%E7%AB%A0" "Mozilla/5.0 (Macintosh; Intel Mac OS X 10_13_2) AppleWebKit/537.36 (KHTML, like Gecko) Chrome/63.0.3239.132 Safari/537.36"
133.13.48.134 - - [19/Jan/2018:16:01:54 +0900] "GET /preview_evaluation/1 HTTP/1.1" 200 11285 "https://webrepo.nal.ie.u-ryukyu.ac.jp/page_list?genre=*&media=%E6%96%87%E7%AB%A0" "Mozilla/5.0 (Macintosh; Intel Mac OS X 10_13_2) AppleWebKit/537.36 (KHTML, like Gecko) Chrome/63.0.3239.132 Safari/537.36"
133.13.48.134 - - [19/Jan/2018:16:02:02 +0900] "GET /preview_evaluation/57 HTTP/1.1" 200 11511 "https://webrepo.nal.ie.u-ryukyu.ac.jp/page_list?genre=*&media=%E6%96%87%E7%AB%A0" "Mozilla/5.0 (Macintosh; Intel Mac OS X 10_13_2) AppleWebKit/537.36 (KHTML, like Gecko) Chrome/63.0.3239.132 Safari/537.36"
133.13.48.134 - - [19/Jan/2018:16:13:47 +0900] "GET /preview_evaluation/57 HTTP/1.1" 200 11518 "https://webrepo.nal.ie.u-ryukyu.ac.jp/page_list?genre=*&media=%E6%96%87%E7%AB%A0" "Mozilla/5.0 (Macintosh; Intel Mac OS X 10_13_2) AppleWebKit/537.36 (KHTML, like Gecko) Chrome/63.0.3239.132 Safari/537.36"
133.13.48.134 - - [19/Jan/2018:16:13:47 +0900] "GET /s/image/favicon.png HTTP/1.1" 200 175287 "https://webrepo.nal.ie.u-ryukyu.ac.jp/preview_evaluation/57" "Mozilla/5.0 (Macintosh; Intel Mac OS X 10_13_2) AppleWebKit/537.36 (KHTML, like Gecko) Chrome/63.0.3239.132 Safari/537.36"
133.13.48.134 - - [19/Jan/2018:16:13:50 +0900] "GET /preview_evaluation/57 HTTP/1.1" 200 11518 "https://webrepo.nal.ie.u-ryukyu.ac.jp/page_list?genre=*&media=%E6%96%87%E7%AB%A0" "Mozilla/5.0 (Macintosh; Intel Mac OS X 10_13_2) AppleWebKit/537.36 (KHTML, like Gecko) Chrome/63.0.3239.132 Safari/537.36"
133.13.48.134 - - [19/Jan/2018:16:13:51 +0900] "GET /s/image/favicon.png HTTP/1.1" 200 175287 "https://webrepo.nal.ie.u-ryukyu.ac.jp/preview_evaluation/57" "Mozilla/5.0 (Macintosh; Intel Mac OS X 10_13_2) AppleWebKit/537.36 (KHTML, like Gecko) Chrome/63.0.3239.132 Safari/537.36"
133.13.48.134 - - [19/Jan/2018:16:39:46 +0900] "GET /page_list?genre=*&media=%E6%96%87%E7%AB%A0 HTTP/1.1" 200 33310 "https://webrepo.nal.ie.u-ryukyu.ac.jp/preview_evaluation/57" "Mozilla/5.0 (Macintosh; Intel Mac OS X 10_13_2) AppleWebKit/537.36 (KHTML, like Gecko) Chrome/63.0.3239.132 Safari/537.36"
133.13.48.134 - - [19/Jan/2018:16:40:21 +0900] "GET /preview_evaluation/16 HTTP/1.1" 200 11179 "https://webrepo.nal.ie.u-ryukyu.ac.jp/page_list?genre=*&media=%E6%96%87%E7%AB%A0" "Mozilla/5.0 (Macintosh; Intel Mac OS X 10_13_2) AppleWebKit/537.36 (KHTML, like Gecko) Chrome/63.0.3239.132 Safari/537.36"
133.13.48.134 - - [19/Jan/2018:17:36:36 +0900] "GET /preview_evaluation/57 HTTP/1.1" 200 11550 "https://webrepo.nal.ie.u-ryukyu.ac.jp/page_list?genre=*&media=%E6%96%87%E7%AB%A0" "Mozilla/5.0 (Macintosh; Intel Mac OS X 10_13_2) AppleWebKit/537.36 (KHTML, like Gecko) Chrome/63.0.3239.132 Safari/537.36"
133.13.48.134 - - [19/Jan/2018:17:36:37 +0900] "GET /s/image/favicon.png HTTP/1.1" 200 175287 "https://webrepo.nal.ie.u-ryukyu.ac.jp/preview_evaluation/57" "Mozilla/5.0 (Macintosh; Intel Mac OS X 10_13_2) AppleWebKit/537.36 (KHTML, like Gecko) Chrome/63.0.3239.132 Safari/537.36"
133.13.48.134 - - [19/Jan/2018:17:36:40 +0900] "GET /preview_evaluation/57 HTTP/1.1" 200 11543 "https://webrepo.nal.ie.u-ryukyu.ac.jp/page_list?genre=*&media=%E6%96%87%E7%AB%A0" "Mozilla/5.0 (Macintosh; Intel Mac OS X 10_13_2) AppleWebKit/537.36 (KHTML, like Gecko) Chrome/63.0.3239.132 Safari/537.36"
133.13.48.134 - - [19/Jan/2018:17:36:40 +0900] "GET /s/image/favicon.png HTTP/1.1" 200 175287 "https://webrepo.nal.ie.u-ryukyu.ac.jp/preview_evaluation/57" "Mozilla/5.0 (Macintosh; Intel Mac OS X 10_13_2) AppleWebKit/537.36 (KHTML, like Gecko) Chrome/63.0.3239.132 Safari/537.36"
133.13.48.134 - - [19/Jan/2018:17:36:42 +0900] "GET /preview_evaluation/57 HTTP/1.1" 200 11550 "https://webrepo.nal.ie.u-ryukyu.ac.jp/page_list?genre=*&media=%E6%96%87%E7%AB%A0" "Mozilla/5.0 (Macintosh; Intel Mac OS X 10_13_2) AppleWebKit/537.36 (KHTML, like Gecko) Chrome/63.0.3239.132 Safari/537.36"
133.13.48.134 - - [19/Jan/2018:17:36:42 +0900] "GET /s/image/favicon.png HTTP/1.1" 200 175287 "https://webrepo.nal.ie.u-ryukyu.ac.jp/preview_evaluation/57" "Mozilla/5.0 (Macintosh; Intel Mac OS X 10_13_2) AppleWebKit/537.36 (KHTML, like Gecko) Chrome/63.0.3239.132 Safari/537.36"
133.13.48.134 - - [19/Jan/2018:17:36:43 +0900] "GET /preview_evaluation/57 HTTP/1.1" 200 11543 "https://webrepo.nal.ie.u-ryukyu.ac.jp/page_list?genre=*&media=%E6%96%87%E7%AB%A0" "Mozilla/5.0 (Macintosh; Intel Mac OS X 10_13_2) AppleWebKit/537.36 (KHTML, like Gecko) Chrome/63.0.3239.132 Safari/537.36"
133.13.48.134 - - [19/Jan/2018:17:36:44 +0900] "GET /s/image/favicon.png HTTP/1.1" 200 175287 "https://webrepo.nal.ie.u-ryukyu.ac.jp/preview_evaluation/57" "Mozilla/5.0 (Macintosh; Intel Mac OS X 10_13_2) AppleWebKit/537.36 (KHTML, like Gecko) Chrome/63.0.3239.132 Safari/537.36"
133.13.48.134 - - [19/Jan/2018:17:36:48 +0900] "GET /page_list?genre=*&media=%E6%96%87%E7%AB%A0 HTTP/1.1" 200 33279 "https://webrepo.nal.ie.u-ryukyu.ac.jp/preview_evaluation/57" "Mozilla/5.0 (Macintosh; Intel Mac OS X 10_13_2) AppleWebKit/537.36 (KHTML, like Gecko) Chrome/63.0.3239.132 Safari/537.36"
133.13.48.134 - - [19/Jan/2018:17:36:50 +0900] "GET /preview_evaluation/8 HTTP/1.1" 200 11336 "https://webrepo.nal.ie.u-ryukyu.ac.jp/page_list?genre=*&media=%E6%96%87%E7%AB%A0" "Mozilla/5.0 (Macintosh; Intel Mac OS X 10_13_2) AppleWebKit/537.36 (KHTML, like Gecko) Chrome/63.0.3239.132 Safari/537.36"
133.13.48.134 - - [19/Jan/2018:17:36:59 +0900] "GET /preview_evaluation/12 HTTP/1.1" 200 11858 "https://webrepo.nal.ie.u-ryukyu.ac.jp/page_list?genre=*&media=%E6%96%87%E7%AB%A0" "Mozilla/5.0 (Macintosh; Intel Mac OS X 10_13_2) AppleWebKit/537.36 (KHTML, like Gecko) Chrome/63.0.3239.132 Safari/537.36"
133.13.48.134 - - [19/Jan/2018:21:18:58 +0900] "GET /page_list?genre=*&media=%E6%96%87%E7%AB%A0 HTTP/1.1" 200 33310 "https://webrepo.nal.ie.u-ryukyu.ac.jp/preview_evaluation/12" "Mozilla/5.0 (Macintosh; Intel Mac OS X 10_13_2) AppleWebKit/537.36 (KHTML, like Gecko) Chrome/63.0.3239.132 Safari/537.36"
133.13.48.134 - - [19/Jan/2018:21:19:02 +0900] "GET /preview_evaluation/1 HTTP/1.1" 200 11317 "https://webrepo.nal.ie.u-ryukyu.ac.jp/page_list?genre=*&media=%E6%96%87%E7%AB%A0" "Mozilla/5.0 (Macintosh; Intel Mac OS X 10_13_2) AppleWebKit/537.36 (KHTML, like Gecko) Chrome/63.0.3239.132 Safari/537.36"
46.229.164.100 - - [19/Jan/2018:22:18:14 +0900] "GET /robots.txt HTTP/1.1" 404 23 "-" "Mozilla/5.0 (compatible; SemrushBot/1.2~bl; +http://www.semrush.com/bot.html)"
164.52.6.150 - - [19/Jan/2018:22:20:59 +0900] "GET / HTTP/1.1" 200 6557 "-" "Mozilla/5.0 (Windows NT 6.1; WOW64; rv:52.0) Gecko/20100101 Firefox/52.0"
74.82.47.4 - - [19/Jan/2018:23:24:15 +0900] "GET / HTTP/1.1" 200 6557 "-" "-"
212.129.39.185 - - [19/Jan/2018:23:30:41 +0900] "GET /a2billing/common/javascript/misc.js HTTP/1.1" 404 23 "-" "python-requests/2.18.4"
70.42.131.170 - - [19/Jan/2018:23:57:49 +0900] "GET /cgi/common.cgi HTTP/1.1" 404 23 "http://www.bing.com/search?q=amazon" "Mozilla/4.0 (compatible; MSIE 8.0; Windows NT 6.1; WOW64; Trident/4.0; SLCC2; .NET CLR 2.0.50727; .NET CLR 3.5.30729; .NET CLR 3.0.30729; Media Center PC 6.0; .NET4.0C; .NET4.0E; InfoPath.2)"
207.46.13.2 - - [20/Jan/2018:00:37:48 +0900] "GET / HTTP/1.1" 200 6557 "-" "Mozilla/5.0 (compatible; bingbot/2.0; +http://www.bing.com/bingbot.htm)"
139.162.78.135 - - [20/Jan/2018:01:08:01 +0900] "GET / HTTP/1.1" 200 6551 "-" "Mozilla/5.0 (Windows NT 10.0; WOW64) AppleWebKit/537.36 (KHTML, like Gecko) Chrome/45.0.2454.101 Safari/537.36"
164.132.91.13 - - [20/Jan/2018:01:27:00 +0900] "GET / HTTP/1.1" 200 6557 "-" "Mozilla/5.0 (Windows NT 6.1; Win64; x64; rv:25.0) Gecko/20100101"
180.32.5.94 - - [20/Jan/2018:01:45:12 +0900] "GET / HTTP/1.1" 200 6551 "-" "Mozilla/5.0 (Windows NT 10.0; Win64; x64) AppleWebKit/537.36 (KHTML, like Gecko) Chrome/63.0.3239.132 Safari/537.36"
180.32.5.94 - - [20/Jan/2018:02:11:40 +0900] "GET /page_list?genre=*&media=%E6%96%87%E7%AB%A0 HTTP/1.1" 200 33310 "https://webrepo.nal.ie.u-ryukyu.ac.jp/" "Mozilla/5.0 (Windows NT 10.0; Win64; x64) AppleWebKit/537.36 (KHTML, like Gecko) Chrome/63.0.3239.132 Safari/537.36"
180.32.5.94 - - [20/Jan/2018:02:11:42 +0900] "GET /preview_evaluation/1 HTTP/1.1" 200 11317 "https://webrepo.nal.ie.u-ryukyu.ac.jp/page_list?genre=*&media=%E6%96%87%E7%AB%A0" "Mozilla/5.0 (Windows NT 10.0; Win64; x64) AppleWebKit/537.36 (KHTML, like Gecko) Chrome/63.0.3239.132 Safari/537.36"
180.32.5.94 - - [20/Jan/2018:02:11:52 +0900] "GET /page_list?genre=*&media=%E6%96%87%E7%AB%A0 HTTP/1.1" 200 33279 "https://webrepo.nal.ie.u-ryukyu.ac.jp/preview_evaluation/1" "Mozilla/5.0 (Windows NT 10.0; Win64; x64) AppleWebKit/537.36 (KHTML, like Gecko) Chrome/63.0.3239.132 Safari/537.36"
180.32.5.94 - - [20/Jan/2018:02:11:54 +0900] "GET /preview_evaluation/2 HTTP/1.1" 200 11584 "https://webrepo.nal.ie.u-ryukyu.ac.jp/page_list?genre=*&media=%E6%96%87%E7%AB%A0" "Mozilla/5.0 (Windows NT 10.0; Win64; x64) AppleWebKit/537.36 (KHTML, like Gecko) Chrome/63.0.3239.132 Safari/537.36"
70.42.131.170 - - [20/Jan/2018:04:04:17 +0900] "GET / HTTP/1.1" 200 6551 "http://www.bing.com/search?q=amazon" "Mozilla/4.0 (compatible; MSIE 8.0; Windows NT 6.1; WOW64; Trident/4.0; SLCC2; .NET CLR 2.0.50727; .NET CLR 3.5.30729; .NET CLR 3.0.30729; Media Center PC 6.0; .NET4.0C; .NET4.0E; InfoPath.2)"
157.55.39.96 - - [20/Jan/2018:04:21:54 +0900] "GET /preview_evaluation/34 HTTP/1.1" 200 11389 "-" "Mozilla/5.0 (iPhone; CPU iPhone OS 7_0 like Mac OS X) AppleWebKit/537.51.1 (KHTML, like Gecko) Version/7.0 Mobile/11A465 Safari/9537.53 (compatible; bingbot/2.0; +http://www.bing.com/bingbot.htm)"
133.6.30.100 - - [20/Jan/2018:04:25:52 +0900] "GET / HTTP/1.1" 200 6557 "https://t.co/7JNwpFTVJH?amp=1" "Mozilla/5.0 (Linux; Android 6.0.1; SGP612 Build/23.5.A.1.291) AppleWebKit/537.36 (KHTML, like Gecko) Chrome/61.0.3163.98 Safari/537.36"
133.6.30.100 - - [20/Jan/2018:04:25:53 +0900] "GET /s/image/favicon.png HTTP/1.1" 200 175287 "https://webrepo.nal.ie.u-ryukyu.ac.jp/" "Mozilla/5.0 (Linux; Android 6.0.1; SGP612 Build/23.5.A.1.291) AppleWebKit/537.36 (KHTML, like Gecko) Chrome/61.0.3163.98 Safari/537.36"
60.191.38.78 - - [20/Jan/2018:05:10:29 +0900] "GET / HTTP/1.1" 200 6557 "-" "Mozilla/5.0 (Macintosh; Intel Mac OS X 10.11; rv:47.0) Gecko/20100101 Firefox/47.0"
70.42.131.170 - - [20/Jan/2018:05:11:38 +0900] "GET /phpmyadmin/index.php HTTP/1.1" 404 23 "http://www.bing.com/search?q=amazon" "Mozilla/4.0 (compatible; MSIE 8.0; Windows NT 6.1; WOW64; Trident/4.0; SLCC2; .NET CLR 2.0.50727; .NET CLR 3.5.30729; .NET CLR 3.0.30729; Media Center PC 6.0; .NET4.0C; .NET4.0E; InfoPath.2)"
70.42.131.170 - - [20/Jan/2018:05:36:26 +0900] "GET /wls-wsat/coordinatorporttype HTTP/1.1" 404 23 "http://www.bing.com/search?q=amazon" "Mozilla/4.0 (compatible; MSIE 8.0; Windows NT 6.1; WOW64; Trident/4.0; SLCC2; .NET CLR 2.0.50727; .NET CLR 3.5.30729; .NET CLR 3.0.30729; Media Center PC 6.0; .NET4.0C; .NET4.0E; InfoPath.2)"
70.42.131.170 - - [20/Jan/2018:06:07:13 +0900] "GET /muieblackcat HTTP/1.1" 404 23 "http://www.bing.com/search?q=amazon" "Mozilla/4.0 (compatible; MSIE 8.0; Windows NT 6.1; WOW64; Trident/4.0; SLCC2; .NET CLR 2.0.50727; .NET CLR 3.5.30729; .NET CLR 3.0.30729; Media Center PC 6.0; .NET4.0C; .NET4.0E; InfoPath.2)"
46.229.164.100 - - [20/Jan/2018:06:27:04 +0900] "GET /robots.txt HTTP/1.1" 404 23 "-" "Mozilla/5.0 (compatible; SemrushBot/1.2~bl; +http://www.semrush.com/bot.html)"
70.42.131.170 - - [20/Jan/2018:06:27:09 +0900] "GET /invoker/jmxinvokerservlet HTTP/1.1" 404 23 "http://www.bing.com/search?q=amazon" "Mozilla/4.0 (compatible; MSIE 8.0; Windows NT 6.1; WOW64; Trident/4.0; SLCC2; .NET CLR 2.0.50727; .NET CLR 3.5.30729; .NET CLR 3.0.30729; Media Center PC 6.0; .NET4.0C; .NET4.0E; InfoPath.2)"
70.42.131.170 - - [20/Jan/2018:06:50:06 +0900] "GET /cgi/common.cgi HTTP/1.1" 404 23 "http://www.bing.com/search?q=amazon" "Mozilla/4.0 (compatible; MSIE 8.0; Windows NT 6.1; WOW64; Trident/4.0; SLCC2; .NET CLR 2.0.50727; .NET CLR 3.5.30729; .NET CLR 3.0.30729; Media Center PC 6.0; .NET4.0C; .NET4.0E; InfoPath.2)"
66.249.66.5 - - [20/Jan/2018:07:06:52 +0900] "GET /robots.txt HTTP/1.1" 404 23 "-" "Mozilla/5.0 (compatible; Googlebot/2.1; +http://www.google.com/bot.html)"
66.249.66.7 - - [20/Jan/2018:07:06:53 +0900] "GET /.well-known/assetlinks.json HTTP/1.1" 404 23 "-" "Mozilla/5.0 (compatible; Googlebot/2.1; +http://www.google.com/bot.html)"
77.177.185.41 - - [20/Jan/2018:07:30:22 +0900] "GET /preview_evaluation/50 HTTP/1.1" 200 11335 "https://www.google.de/" "Mozilla/5.0 (iPhone; CPU iPhone OS 11_2_2 like Mac OS X) AppleWebKit/604.4.7 (KHTML, like Gecko) Version/11.0 Mobile/15C202 Safari/604.1"
66.249.66.9 - - [20/Jan/2018:09:08:33 +0900] "GET /.well-known/apple-app-site-association HTTP/1.1" 404 23 "-" "Mozilla/5.0 (compatible; Googlebot/2.1; +http://www.google.com/bot.html)"
70.42.131.170 - - [20/Jan/2018:10:00:28 +0900] "GET /muieblackcat HTTP/1.1" 404 23 "http://www.bing.com/search?q=amazon" "Mozilla/4.0 (compatible; MSIE 8.0; Windows NT 6.1; WOW64; Trident/4.0; SLCC2; .NET CLR 2.0.50727; .NET CLR 3.5.30729; .NET CLR 3.0.30729; Media Center PC 6.0; .NET4.0C; .NET4.0E; InfoPath.2)"
70.42.131.170 - - [20/Jan/2018:10:25:06 +0900] "GET / HTTP/1.1" 200 6551 "http://www.bing.com/search?q=amazon" "Mozilla/4.0 (compatible; MSIE 8.0; Windows NT 6.1; WOW64; Trident/4.0; SLCC2; .NET CLR 2.0.50727; .NET CLR 3.5.30729; .NET CLR 3.0.30729; Media Center PC 6.0; .NET4.0C; .NET4.0E; InfoPath.2)"
66.249.66.9 - - [20/Jan/2018:10:29:34 +0900] "GET /apple-app-site-association HTTP/1.1" 404 23 "-" "Mozilla/5.0 (compatible; Googlebot/2.1; +http://www.google.com/bot.html)"
66.249.66.5 - - [20/Jan/2018:10:54:51 +0900] "GET /robots.txt HTTP/1.1" 404 23 "-" "Mozilla/5.0 (compatible; Googlebot/2.1; +http://www.google.com/bot.html)"
66.249.66.204 - - [20/Jan/2018:10:54:53 +0900] "GET / HTTP/1.1" 200 6557 "-" "Mozilla/5.0 (Linux; Android 6.0.1; Nexus 5X Build/MMB29P) AppleWebKit/537.36 (KHTML, like Gecko) Chrome/41.0.2272.96 Mobile Safari/537.36 (compatible; Googlebot/2.1; +http://www.google.com/bot.html)"
70.42.131.170 - - [20/Jan/2018:11:09:44 +0900] "GET /phpmyadmin/index.php HTTP/1.1" 404 23 "http://www.bing.com/search?q=amazon" "Mozilla/4.0 (compatible; MSIE 8.0; Windows NT 6.1; WOW64; Trident/4.0; SLCC2; .NET CLR 2.0.50727; .NET CLR 3.5.30729; .NET CLR 3.0.30729; Media Center PC 6.0; .NET4.0C; .NET4.0E; InfoPath.2)"
70.42.131.170 - - [20/Jan/2018:11:44:02 +0900] "GET /wls-wsat/coordinatorporttype HTTP/1.1" 404 23 "http://www.bing.com/search?q=amazon" "Mozilla/4.0 (compatible; MSIE 8.0; Windows NT 6.1; WOW64; Trident/4.0; SLCC2; .NET CLR 2.0.50727; .NET CLR 3.5.30729; .NET CLR 3.0.30729; Media Center PC 6.0; .NET4.0C; .NET4.0E; InfoPath.2)"
70.42.131.170 - - [20/Jan/2018:12:39:19 +0900] "GET /invoker/jmxinvokerservlet HTTP/1.1" 404 23 "http://www.bing.com/search?q=amazon" "Mozilla/4.0 (compatible; MSIE 8.0; Windows NT 6.1; WOW64; Trident/4.0; SLCC2; .NET CLR 2.0.50727; .NET CLR 3.5.30729; .NET CLR 3.0.30729; Media Center PC 6.0; .NET4.0C; .NET4.0E; InfoPath.2)"
46.229.164.100 - - [20/Jan/2018:13:24:08 +0900] "GET /robots.txt HTTP/1.1" 404 23 "-" "Mozilla/5.0 (compatible; SemrushBot/1.2~bl; +http://www.semrush.com/bot.html)"
207.46.13.77 - - [20/Jan/2018:14:44:51 +0900] "GET / HTTP/1.1" 200 6551 "-" "Mozilla/5.0 (compatible; bingbot/2.0; +http://www.bing.com/bingbot.htm)"
133.13.48.134 - - [20/Jan/2018:15:28:22 +0900] "GET /preview_evaluation/1 HTTP/1.1" 200 11520 "https://webrepo.nal.ie.u-ryukyu.ac.jp/page_list?genre=*&media=%E6%96%87%E7%AB%A0" "Mozilla/5.0 (Macintosh; Intel Mac OS X 10_13_2) AppleWebKit/537.36 (KHTML, like Gecko) Chrome/63.0.3239.132 Safari/537.36"
133.13.48.134 - - [20/Jan/2018:15:28:24 +0900] "GET /s/image/favicon.png HTTP/1.1" 200 175287 "https://webrepo.nal.ie.u-ryukyu.ac.jp/preview_evaluation/1" "Mozilla/5.0 (Macintosh; Intel Mac OS X 10_13_2) AppleWebKit/537.36 (KHTML, like Gecko) Chrome/63.0.3239.132 Safari/537.36"
133.13.48.134 - - [20/Jan/2018:15:43:02 +0900] "GET /r/mypage HTTP/1.1" 200 4115 "https://webrepo.nal.ie.u-ryukyu.ac.jp/preview_evaluation/1" "Mozilla/5.0 (Macintosh; Intel Mac OS X 10_13_2) AppleWebKit/537.36 (KHTML, like Gecko) Chrome/63.0.3239.132 Safari/537.36"
133.13.48.134 - - [20/Jan/2018:15:43:06 +0900] "GET /r/my_eval_list HTTP/1.1" 200 55411 "https://webrepo.nal.ie.u-ryukyu.ac.jp/r/mypage" "Mozilla/5.0 (Macintosh; Intel Mac OS X 10_13_2) AppleWebKit/537.36 (KHTML, like Gecko) Chrome/63.0.3239.132 Safari/537.36"
66.249.64.80 - - [20/Jan/2018:15:44:49 +0900] "GET / HTTP/1.1" 200 6557 "-" "Mozilla/5.0 (compatible; Googlebot/2.1; +http://www.google.com/bot.html)"
210.14.78.91 - - [20/Jan/2018:16:45:06 +0900] "GET / HTTP/1.1" 200 6557 "-" "Mozilla/5.0 zgrab/0.x"
66.249.64.76 - - [20/Jan/2018:16:50:55 +0900] "GET /about HTTP/1.1" 200 5403 "-" "Mozilla/5.0 (compatible; Googlebot/2.1; +http://www.google.com/bot.html)"
133.13.48.134 - - [20/Jan/2018:17:02:17 +0900] "GET / HTTP/1.1" 200 6557 "https://webrepo.nal.ie.u-ryukyu.ac.jp/r/my_eval_list" "Mozilla/5.0 (Macintosh; Intel Mac OS X 10_13_2) AppleWebKit/537.36 (KHTML, like Gecko) Chrome/63.0.3239.132 Safari/537.36"
