133.13.48.137 - - [18/Dec/2017:12:35:10 +0900] "GET /r/input_evaluation HTTP/1.1" 200 11321 "https://webrepo.nal.ie.u-ryukyu.ac.jp/" "Mozilla/5.0 (Macintosh; Intel Mac OS X 10_13_2) AppleWebKit/537.36 (KHTML, like Gecko) Chrome/63.0.3239.84 Safari/537.36"
85.93.20.252 - - [18/Dec/2017:13:10:27 +0900] "SSH-2.0-libssh2_1.7.0" 400 166 "-" "-"
133.13.48.141 - - [18/Dec/2017:17:46:15 +0900] "GET / HTTP/1.1" 200 6537 "-" "Mozilla/5.0 (Macintosh; Intel Mac OS X 10_13_2) AppleWebKit/537.36 (KHTML, like Gecko) Chrome/63.0.3239.84 Safari/537.36"
133.13.48.141 - - [18/Dec/2017:17:46:15 +0900] "GET /s/image/favicon.png HTTP/1.1" 200 175287 "https://webrepo.nal.ie.u-ryukyu.ac.jp/" "Mozilla/5.0 (Macintosh; Intel Mac OS X 10_13_2) AppleWebKit/537.36 (KHTML, like Gecko) Chrome/63.0.3239.84 Safari/537.36"
60.191.38.77 - - [18/Dec/2017:18:54:10 +0900] "GET / HTTP/1.1" 200 6531 "-" "Mozilla/5.0 (Macintosh; Intel Mac OS X 10.11; rv:47.0) Gecko/20100101 Firefox/47.0"
199.16.157.181 - - [18/Dec/2017:22:09:24 +0900] "GET / HTTP/1.1" 200 6537 "-" "Twitterbot/1.0"
17.142.154.157 - - [18/Dec/2017:22:09:25 +0900] "GET / HTTP/1.1" 200 6537 "-" "Mozilla/5.0 (Macintosh; Intel Mac OS X 10_10_1) AppleWebKit/600.2.5 (KHTML, like Gecko) Version/8.0.2 Safari/600.2.5 (Applebot/0.1; +http://www.apple.com/go/applebot)"
74.6.168.247 - - [18/Dec/2017:22:09:26 +0900] "GET /robots.txt HTTP/1.1" 404 23 "-" "Mozilla/5.0 (compatible; Yahoo! Slurp; http://help.yahoo.com/help/us/ysearch/slurp)"
17.142.154.157 - - [18/Dec/2017:22:09:26 +0900] "GET / HTTP/1.1" 200 6537 "-" "Mozilla/5.0 (Macintosh; Intel Mac OS X 10_10_1) AppleWebKit/600.2.5 (KHTML, like Gecko) Version/8.0.2 Safari/600.2.5 (Applebot/0.1; +http://www.apple.com/go/applebot)"
74.6.168.247 - - [18/Dec/2017:22:09:27 +0900] "HEAD / HTTP/1.1" 405 0 "-" "Mozilla/5.0 (compatible; Yahoo! Slurp; http://help.yahoo.com/help/us/ysearch/slurp)"
144.76.22.211 - - [18/Dec/2017:22:09:58 +0900] "GET /robots.txt HTTP/1.1" 404 23 "-" "Mozilla/5.0 (Windows; U; Windows NT 5.1; ja; rv:1.8.1.17) Gecko/20080829 Firefox/2.0.0.17"
144.76.22.211 - - [18/Dec/2017:22:10:00 +0900] "GET / HTTP/1.1" 200 6537 "-" "Mozilla/5.0 (Windows; U; Windows NT 5.1; ja; rv:1.8.1.17) Gecko/20080829 Firefox/2.0.0.17"
27.127.13.144 - - [18/Dec/2017:22:10:19 +0900] "GET / HTTP/1.1" 200 6537 "-" "Mozilla/5.0 (iPad; CPU OS 11_0_1 like Mac OS X) AppleWebKit/604.1.38 (KHTML, like Gecko) Mobile/15A402"
51.255.66.120 - - [18/Dec/2017:22:10:54 +0900] "GET / HTTP/1.1" 200 6531 "-" "Mozilla/5.0 (compatible; AhrefsBot/5.2; News; +http://ahrefs.com/robot/)"
72.30.14.117 - - [18/Dec/2017:22:12:57 +0900] "GET /robots.txt HTTP/1.1" 404 23 "-" "Mozilla/5.0 (compatible; Yahoo! Slurp; http://help.yahoo.com/help/us/ysearch/slurp)"
72.30.14.117 - - [18/Dec/2017:22:12:59 +0900] "HEAD / HTTP/1.1" 405 0 "-" "Mozilla/5.0 (compatible; Yahoo! Slurp; http://help.yahoo.com/help/us/ysearch/slurp)"
184.105.139.69 - - [18/Dec/2017:22:32:38 +0900] "GET / HTTP/1.1" 200 6537 "-" "-"
180.32.5.94 - - [18/Dec/2017:23:54:50 +0900] "GET / HTTP/1.1" 200 6531 "https://webrepo.nal.ie.u-ryukyu.ac.jp/page_list?genre=*&media=%E9%81%B8%E6%8A%9E%E3%81%97%E3%81%A6%E4%B8%8B%E3%81%95%E3%81%84" "Mozilla/5.0 (Windows NT 10.0; Win64; x64) AppleWebKit/537.36 (KHTML, like Gecko) Chrome/63.0.3239.84 Safari/537.36"
180.32.5.94 - - [18/Dec/2017:23:54:51 +0900] "GET /s/image/favicon.png HTTP/1.1" 304 0 "https://webrepo.nal.ie.u-ryukyu.ac.jp/" "Mozilla/5.0 (Windows NT 10.0; Win64; x64) AppleWebKit/537.36 (KHTML, like Gecko) Chrome/63.0.3239.84 Safari/537.36"
180.32.5.94 - - [18/Dec/2017:23:55:04 +0900] "GET /r/mypage HTTP/1.1" 303 0 "https://webrepo.nal.ie.u-ryukyu.ac.jp/" "Mozilla/5.0 (Windows NT 10.0; Win64; x64) AppleWebKit/537.36 (KHTML, like Gecko) Chrome/63.0.3239.84 Safari/537.36"
180.32.5.94 - - [18/Dec/2017:23:55:04 +0900] "GET /signin_select HTTP/1.1" 303 0 "https://webrepo.nal.ie.u-ryukyu.ac.jp/" "Mozilla/5.0 (Windows NT 10.0; Win64; x64) AppleWebKit/537.36 (KHTML, like Gecko) Chrome/63.0.3239.84 Safari/537.36"
180.32.5.94 - - [18/Dec/2017:23:55:04 +0900] "GET /google_OAuth HTTP/1.1" 303 0 "https://webrepo.nal.ie.u-ryukyu.ac.jp/" "Mozilla/5.0 (Windows NT 10.0; Win64; x64) AppleWebKit/537.36 (KHTML, like Gecko) Chrome/63.0.3239.84 Safari/537.36"
180.32.5.94 - - [18/Dec/2017:23:55:06 +0900] "GET /oauth2callback_google?state=MMBHXLnSKlcA1xah&code=4/AABTH_hhBd0nXJjts4MfQCk0aEUggmWe3sYIw6N742qmmT9x666aDNcAoM8NfAMoXa0aajV4LuasSv3TztV9gsU HTTP/1.1" 303 0 "https://webrepo.nal.ie.u-ryukyu.ac.jp/" "Mozilla/5.0 (Windows NT 10.0; Win64; x64) AppleWebKit/537.36 (KHTML, like Gecko) Chrome/63.0.3239.84 Safari/537.36"
180.32.5.94 - - [18/Dec/2017:23:55:06 +0900] "GET /r/mypage HTTP/1.1" 200 4017 "https://webrepo.nal.ie.u-ryukyu.ac.jp/" "Mozilla/5.0 (Windows NT 10.0; Win64; x64) AppleWebKit/537.36 (KHTML, like Gecko) Chrome/63.0.3239.84 Safari/537.36"
180.32.5.94 - - [18/Dec/2017:23:55:09 +0900] "GET /r/input_evaluation HTTP/1.1" 200 11321 "https://webrepo.nal.ie.u-ryukyu.ac.jp/r/mypage" "Mozilla/5.0 (Windows NT 10.0; Win64; x64) AppleWebKit/537.36 (KHTML, like Gecko) Chrome/63.0.3239.84 Safari/537.36"
180.32.5.94 - - [18/Dec/2017:23:55:11 +0900] "GET /r/register_page HTTP/1.1" 200 5468 "https://webrepo.nal.ie.u-ryukyu.ac.jp/r/input_evaluation" "Mozilla/5.0 (Windows NT 10.0; Win64; x64) AppleWebKit/537.36 (KHTML, like Gecko) Chrome/63.0.3239.84 Safari/537.36"
180.32.5.94 - - [18/Dec/2017:23:55:19 +0900] "GET /r/mypage HTTP/1.1" 200 4017 "https://webrepo.nal.ie.u-ryukyu.ac.jp/r/register_page" "Mozilla/5.0 (Windows NT 10.0; Win64; x64) AppleWebKit/537.36 (KHTML, like Gecko) Chrome/63.0.3239.84 Safari/537.36"
180.32.5.94 - - [18/Dec/2017:23:55:21 +0900] "GET /about HTTP/1.1" 200 5377 "https://webrepo.nal.ie.u-ryukyu.ac.jp/r/mypage" "Mozilla/5.0 (Windows NT 10.0; Win64; x64) AppleWebKit/537.36 (KHTML, like Gecko) Chrome/63.0.3239.84 Safari/537.36"
180.32.5.94 - - [18/Dec/2017:23:55:23 +0900] "GET /term_of_service HTTP/1.1" 200 9896 "https://webrepo.nal.ie.u-ryukyu.ac.jp/about" "Mozilla/5.0 (Windows NT 10.0; Win64; x64) AppleWebKit/537.36 (KHTML, like Gecko) Chrome/63.0.3239.84 Safari/537.36"
180.32.5.94 - - [18/Dec/2017:23:55:33 +0900] "GET /r/mypage HTTP/1.1" 200 4017 "https://webrepo.nal.ie.u-ryukyu.ac.jp/about" "Mozilla/5.0 (Windows NT 10.0; Win64; x64) AppleWebKit/537.36 (KHTML, like Gecko) Chrome/63.0.3239.84 Safari/537.36"
180.32.5.94 - - [18/Dec/2017:23:55:42 +0900] "GET /page_list HTTP/1.1" 200 8172 "https://webrepo.nal.ie.u-ryukyu.ac.jp/r/mypage" "Mozilla/5.0 (Windows NT 10.0; Win64; x64) AppleWebKit/537.36 (KHTML, like Gecko) Chrome/63.0.3239.84 Safari/537.36"
180.32.5.94 - - [18/Dec/2017:23:55:57 +0900] "GET /page_list?genre=*&media=%E6%96%87%E7%AB%A0 HTTP/1.1" 200 22192 "https://webrepo.nal.ie.u-ryukyu.ac.jp/page_list" "Mozilla/5.0 (Windows NT 10.0; Win64; x64) AppleWebKit/537.36 (KHTML, like Gecko) Chrome/63.0.3239.84 Safari/537.36"
34.229.199.246 - - [19/Dec/2017:02:17:00 +0900] "GET / HTTP/1.1" 200 6537 "-" "Mozilla/5.0 (Windows NT 6.2;en-US) AppleWebKit/537.32.36 (KHTML, live Gecko) Chrome/52.0.3072.98 Safari/537.32"
60.191.38.77 - - [19/Dec/2017:07:46:25 +0900] "GET / HTTP/1.1" 200 6537 "-" "Mozilla/5.0 (Macintosh; Intel Mac OS X 10.11; rv:47.0) Gecko/20100101 Firefox/47.0"
139.60.160.135 - - [19/Dec/2017:08:58:09 +0900] "\x03\x00\x00/*\xE0\x00\x00\x00\x00\x00Cookie: mstshash=Administr" 400 166 "-" "-"
40.77.167.48 - - [19/Dec/2017:10:12:35 +0900] "GET /about HTTP/1.1" 200 5383 "-" "Mozilla/5.0 (compatible; bingbot/2.0; +http://www.bing.com/bingbot.htm)"
157.55.39.171 - - [19/Dec/2017:10:44:30 +0900] "GET / HTTP/1.1" 200 6531 "-" "Mozilla/5.0 (iPhone; CPU iPhone OS 7_0 like Mac OS X) AppleWebKit/537.51.1 (KHTML, like Gecko) Version/7.0 Mobile/11A465 Safari/9537.53 (compatible; bingbot/2.0; +http://www.bing.com/bingbot.htm)"
157.55.39.171 - - [19/Dec/2017:10:44:35 +0900] "GET /robots.txt HTTP/1.1" 404 23 "-" "Mozilla/5.0 (compatible; bingbot/2.0; +http://www.bing.com/bingbot.htm)"
93.174.95.106 - - [19/Dec/2017:11:57:59 +0900] "GET / HTTP/1.1" 200 6531 "-" "Mozilla/5.0 (X11; Linux x86_64) AppleWebKit/537.36 (KHTML, like Gecko) Chrome/34.0.1847.137 Safari/537.36"
93.174.95.106 - - [19/Dec/2017:11:58:07 +0900] "" 400 0 "-" "-"
93.174.95.106 - - [19/Dec/2017:11:58:09 +0900] "" 400 0 "-" "-"
93.174.95.106 - - [19/Dec/2017:11:58:12 +0900] "" 400 0 "-" "-"
93.174.95.106 - - [19/Dec/2017:11:58:17 +0900] "quit" 400 166 "-" "-"
157.55.39.171 - - [19/Dec/2017:13:20:07 +0900] "GET /term_of_service HTTP/1.1" 200 9896 "-" "Mozilla/5.0 (compatible; bingbot/2.0; +http://www.bing.com/bingbot.htm)"
157.55.39.171 - - [19/Dec/2017:13:20:13 +0900] "GET /robots.txt HTTP/1.1" 404 23 "-" "Mozilla/5.0 (compatible; bingbot/2.0; +http://www.bing.com/bingbot.htm)"
153.142.238.104 - - [19/Dec/2017:13:42:00 +0900] "GET /preview_evaluation/32 HTTP/1.1" 200 10451 "https://www.google.co.jp/" "Mozilla/5.0 (Macintosh; Intel Mac OS X 10_12_6) AppleWebKit/537.36 (KHTML, like Gecko) Chrome/63.0.3239.84 Safari/537.36"
153.142.238.104 - - [19/Dec/2017:13:42:00 +0900] "GET /s/image/favicon.png HTTP/1.1" 200 175287 "https://webrepo.nal.ie.u-ryukyu.ac.jp/preview_evaluation/32" "Mozilla/5.0 (Macintosh; Intel Mac OS X 10_12_6) AppleWebKit/537.36 (KHTML, like Gecko) Chrome/63.0.3239.84 Safari/537.36"
34.215.176.233 - - [19/Dec/2017:14:16:07 +0900] "GET / HTTP/1.1" 200 6537 "-" "Mozilla/5.0 (Macintosh; Intel Mac OS X 10_11_5) AppleWebKit/537.36 (KHTML, like Gecko) Chrome/50.0.2661.102 Safari/537.36"
153.176.32.117 - - [19/Dec/2017:15:26:52 +0900] "GET /page_list HTTP/1.1" 200 8178 "https://webrepo.nal.ie.u-ryukyu.ac.jp/" "Mozilla/5.0 (Macintosh; Intel Mac OS X 10_13_2) AppleWebKit/537.36 (KHTML, like Gecko) Chrome/63.0.3239.84 Safari/537.36"
153.176.32.117 - - [19/Dec/2017:15:26:54 +0900] "GET /page_list HTTP/1.1" 200 8178 "https://webrepo.nal.ie.u-ryukyu.ac.jp/page_list" "Mozilla/5.0 (Macintosh; Intel Mac OS X 10_13_2) AppleWebKit/537.36 (KHTML, like Gecko) Chrome/63.0.3239.84 Safari/537.36"
153.176.32.117 - - [19/Dec/2017:15:26:55 +0900] "GET /r/register_page HTTP/1.1" 303 0 "https://webrepo.nal.ie.u-ryukyu.ac.jp/page_list" "Mozilla/5.0 (Macintosh; Intel Mac OS X 10_13_2) AppleWebKit/537.36 (KHTML, like Gecko) Chrome/63.0.3239.84 Safari/537.36"
153.176.32.117 - - [19/Dec/2017:15:26:55 +0900] "GET /signin_select HTTP/1.1" 303 0 "https://webrepo.nal.ie.u-ryukyu.ac.jp/page_list" "Mozilla/5.0 (Macintosh; Intel Mac OS X 10_13_2) AppleWebKit/537.36 (KHTML, like Gecko) Chrome/63.0.3239.84 Safari/537.36"
153.176.32.117 - - [19/Dec/2017:15:26:55 +0900] "GET /google_OAuth HTTP/1.1" 303 0 "https://webrepo.nal.ie.u-ryukyu.ac.jp/page_list" "Mozilla/5.0 (Macintosh; Intel Mac OS X 10_13_2) AppleWebKit/537.36 (KHTML, like Gecko) Chrome/63.0.3239.84 Safari/537.36"
153.176.32.117 - - [19/Dec/2017:15:26:58 +0900] "GET /r/input_evaluation HTTP/1.1" 303 0 "https://webrepo.nal.ie.u-ryukyu.ac.jp/page_list" "Mozilla/5.0 (Macintosh; Intel Mac OS X 10_13_2) AppleWebKit/537.36 (KHTML, like Gecko) Chrome/63.0.3239.84 Safari/537.36"
153.176.32.117 - - [19/Dec/2017:15:26:58 +0900] "GET /signin_select HTTP/1.1" 303 0 "https://webrepo.nal.ie.u-ryukyu.ac.jp/page_list" "Mozilla/5.0 (Macintosh; Intel Mac OS X 10_13_2) AppleWebKit/537.36 (KHTML, like Gecko) Chrome/63.0.3239.84 Safari/537.36"
153.176.32.117 - - [19/Dec/2017:15:26:59 +0900] "GET /google_OAuth HTTP/1.1" 303 0 "https://webrepo.nal.ie.u-ryukyu.ac.jp/page_list" "Mozilla/5.0 (Macintosh; Intel Mac OS X 10_13_2) AppleWebKit/537.36 (KHTML, like Gecko) Chrome/63.0.3239.84 Safari/537.36"
209.126.136.7 - - [19/Dec/2017:17:03:17 +0900] "GET / HTTP/1.1" 200 6537 "-" "Mozilla/5.0 (Windows NT 10.0; Win64; x64) AppleWebKit/537.36 (KHTML, like Gecko) Chrome/57.0.2987.133 Safari/537.36"
133.13.48.134 - - [19/Dec/2017:17:14:33 +0900] "GET /page_list HTTP/1.1" 200 8172 "https://webrepo.nal.ie.u-ryukyu.ac.jp/" "Mozilla/5.0 (Macintosh; Intel Mac OS X 10_13_2) AppleWebKit/537.36 (KHTML, like Gecko) Chrome/63.0.3239.84 Safari/537.36"
133.13.48.134 - - [19/Dec/2017:17:14:38 +0900] "GET /page_list?genre=*&media=%E6%96%87%E7%AB%A0 HTTP/1.1" 200 22192 "https://webrepo.nal.ie.u-ryukyu.ac.jp/page_list" "Mozilla/5.0 (Macintosh; Intel Mac OS X 10_13_2) AppleWebKit/537.36 (KHTML, like Gecko) Chrome/63.0.3239.84 Safari/537.36"
133.13.48.134 - - [19/Dec/2017:17:14:56 +0900] "GET /preview_evaluation/34 HTTP/1.1" 200 9834 "https://webrepo.nal.ie.u-ryukyu.ac.jp/page_list?genre=*&media=%E6%96%87%E7%AB%A0" "Mozilla/5.0 (Macintosh; Intel Mac OS X 10_13_2) AppleWebKit/537.36 (KHTML, like Gecko) Chrome/63.0.3239.84 Safari/537.36"
133.13.48.134 - - [19/Dec/2017:17:14:59 +0900] "GET /r/input_comment/34/34/0?comment=%E3%82%B3%E3%83%A1%E3%83%B3%E3%83%88%E3%81%99%E3%82%8B HTTP/1.1" 200 5606 "https://webrepo.nal.ie.u-ryukyu.ac.jp/preview_evaluation/34" "Mozilla/5.0 (Macintosh; Intel Mac OS X 10_13_2) AppleWebKit/537.36 (KHTML, like Gecko) Chrome/63.0.3239.84 Safari/537.36"
133.13.48.134 - - [19/Dec/2017:21:40:39 +0900] "GET / HTTP/1.1" 200 6537 "-" "Mozilla/5.0 (Macintosh; Intel Mac OS X 10_13_2) AppleWebKit/537.36 (KHTML, like Gecko) Chrome/63.0.3239.84 Safari/537.36"
133.13.48.134 - - [19/Dec/2017:21:40:41 +0900] "GET /r/mypage HTTP/1.1" 200 4044 "https://webrepo.nal.ie.u-ryukyu.ac.jp/" "Mozilla/5.0 (Macintosh; Intel Mac OS X 10_13_2) AppleWebKit/537.36 (KHTML, like Gecko) Chrome/63.0.3239.84 Safari/537.36"
133.13.48.134 - - [19/Dec/2017:21:40:42 +0900] "GET /r/user_settings HTTP/1.1" 200 3672 "https://webrepo.nal.ie.u-ryukyu.ac.jp/r/mypage" "Mozilla/5.0 (Macintosh; Intel Mac OS X 10_13_2) AppleWebKit/537.36 (KHTML, like Gecko) Chrome/63.0.3239.84 Safari/537.36"
133.13.48.134 - - [19/Dec/2017:21:41:00 +0900] "POST /r/user_settings HTTP/1.1" 303 0 "https://webrepo.nal.ie.u-ryukyu.ac.jp/r/user_settings" "Mozilla/5.0 (Macintosh; Intel Mac OS X 10_13_2) AppleWebKit/537.36 (KHTML, like Gecko) Chrome/63.0.3239.84 Safari/537.36"
133.13.48.134 - - [19/Dec/2017:21:41:00 +0900] "GET /r/mypage HTTP/1.1" 200 4038 "https://webrepo.nal.ie.u-ryukyu.ac.jp/r/user_settings" "Mozilla/5.0 (Macintosh; Intel Mac OS X 10_13_2) AppleWebKit/537.36 (KHTML, like Gecko) Chrome/63.0.3239.84 Safari/537.36"
133.13.48.134 - - [19/Dec/2017:21:41:07 +0900] "GET /r/user_settings HTTP/1.1" 200 3666 "https://webrepo.nal.ie.u-ryukyu.ac.jp/r/mypage" "Mozilla/5.0 (Macintosh; Intel Mac OS X 10_13_2) AppleWebKit/537.36 (KHTML, like Gecko) Chrome/63.0.3239.84 Safari/537.36"
133.13.48.134 - - [19/Dec/2017:21:41:13 +0900] "POST /r/user_settings HTTP/1.1" 303 0 "https://webrepo.nal.ie.u-ryukyu.ac.jp/r/user_settings" "Mozilla/5.0 (Macintosh; Intel Mac OS X 10_13_2) AppleWebKit/537.36 (KHTML, like Gecko) Chrome/63.0.3239.84 Safari/537.36"
133.13.48.134 - - [19/Dec/2017:21:41:13 +0900] "GET /r/mypage HTTP/1.1" 200 4035 "https://webrepo.nal.ie.u-ryukyu.ac.jp/r/user_settings" "Mozilla/5.0 (Macintosh; Intel Mac OS X 10_13_2) AppleWebKit/537.36 (KHTML, like Gecko) Chrome/63.0.3239.84 Safari/537.36"
133.13.48.134 - - [19/Dec/2017:21:41:28 +0900] "GET /page_list HTTP/1.1" 200 8172 "https://webrepo.nal.ie.u-ryukyu.ac.jp/r/mypage" "Mozilla/5.0 (Macintosh; Intel Mac OS X 10_13_2) AppleWebKit/537.36 (KHTML, like Gecko) Chrome/63.0.3239.84 Safari/537.36"
133.13.48.134 - - [19/Dec/2017:21:41:33 +0900] "GET /page_list?genre=%E3%83%96%E3%83%AD%E3%82%B0&media=%E6%96%87%E7%AB%A0 HTTP/1.1" 200 14846 "https://webrepo.nal.ie.u-ryukyu.ac.jp/page_list" "Mozilla/5.0 (Macintosh; Intel Mac OS X 10_13_2) AppleWebKit/537.36 (KHTML, like Gecko) Chrome/63.0.3239.84 Safari/537.36"
133.13.48.134 - - [19/Dec/2017:21:41:39 +0900] "GET /preview_evaluation/16 HTTP/1.1" 200 9656 "https://webrepo.nal.ie.u-ryukyu.ac.jp/page_list?genre=%E3%83%96%E3%83%AD%E3%82%B0&media=%E6%96%87%E7%AB%A0" "Mozilla/5.0 (Macintosh; Intel Mac OS X 10_13_2) AppleWebKit/537.36 (KHTML, like Gecko) Chrome/63.0.3239.84 Safari/537.36"
133.13.48.134 - - [19/Dec/2017:21:42:19 +0900] "GET / HTTP/1.1" 200 6531 "https://webrepo.nal.ie.u-ryukyu.ac.jp/page_list?genre=%E3%83%96%E3%83%AD%E3%82%B0&media=%E6%96%87%E7%AB%A0" "Mozilla/5.0 (Macintosh; Intel Mac OS X 10_13_2) AppleWebKit/537.36 (KHTML, like Gecko) Chrome/63.0.3239.84 Safari/537.36"
199.59.150.183 - - [19/Dec/2017:21:42:26 +0900] "GET /robots.txt HTTP/1.1" 404 23 "-" "Twitterbot/1.0"
17.142.154.157 - - [19/Dec/2017:21:42:26 +0900] "GET / HTTP/1.1" 200 6531 "-" "Mozilla/5.0 (Macintosh; Intel Mac OS X 10_10_1) AppleWebKit/600.2.5 (KHTML, like Gecko) Version/8.0.2 Safari/600.2.5 (Applebot/0.1; +http://www.apple.com/go/applebot)"
199.59.150.183 - - [19/Dec/2017:21:42:26 +0900] "GET / HTTP/1.1" 200 6531 "-" "Twitterbot/1.0"
144.76.23.134 - - [19/Dec/2017:21:43:00 +0900] "GET /robots.txt HTTP/1.1" 404 23 "-" "Mozilla/5.0 (Windows; U; Windows NT 6.0; de; rv:1.8.1.13) Gecko/20080311 Firefox/2.0.0.13"
144.76.23.134 - - [19/Dec/2017:21:43:02 +0900] "GET / HTTP/1.1" 200 6531 "-" "Mozilla/5.0 (Windows; U; Windows NT 6.0; de; rv:1.8.1.13) Gecko/20080311 Firefox/2.0.0.13"
133.13.48.134 - - [19/Dec/2017:21:43:37 +0900] "GET /r/mypage HTTP/1.1" 200 4035 "https://webrepo.nal.ie.u-ryukyu.ac.jp/" "Mozilla/5.0 (Macintosh; Intel Mac OS X 10_13_2) AppleWebKit/537.36 (KHTML, like Gecko) Chrome/63.0.3239.84 Safari/537.36"
133.13.48.134 - - [19/Dec/2017:21:43:40 +0900] "GET /page_list HTTP/1.1" 200 8172 "https://webrepo.nal.ie.u-ryukyu.ac.jp/r/mypage" "Mozilla/5.0 (Macintosh; Intel Mac OS X 10_13_2) AppleWebKit/537.36 (KHTML, like Gecko) Chrome/63.0.3239.84 Safari/537.36"
133.13.48.134 - - [19/Dec/2017:21:43:47 +0900] "GET /page_list?genre=*&media=%E6%96%87%E7%AB%A0 HTTP/1.1" 200 22192 "https://webrepo.nal.ie.u-ryukyu.ac.jp/page_list" "Mozilla/5.0 (Macintosh; Intel Mac OS X 10_13_2) AppleWebKit/537.36 (KHTML, like Gecko) Chrome/63.0.3239.84 Safari/537.36"
133.13.48.134 - - [19/Dec/2017:21:43:51 +0900] "GET /preview_evaluation/39 HTTP/1.1" 200 9929 "https://webrepo.nal.ie.u-ryukyu.ac.jp/page_list?genre=*&media=%E6%96%87%E7%AB%A0" "Mozilla/5.0 (Macintosh; Intel Mac OS X 10_13_2) AppleWebKit/537.36 (KHTML, like Gecko) Chrome/63.0.3239.84 Safari/537.36"
5.196.87.34 - - [19/Dec/2017:21:44:05 +0900] "GET /robots.txt HTTP/1.1" 404 23 "-" "Mozilla/5.0 (compatible; AhrefsBot/5.2; +http://ahrefs.com/robot/)"
51.255.66.120 - - [19/Dec/2017:21:44:07 +0900] "GET / HTTP/1.1" 200 6531 "-" "Mozilla/5.0 (compatible; AhrefsBot/5.2; News; +http://ahrefs.com/robot/)"
133.13.48.134 - - [19/Dec/2017:21:44:35 +0900] "GET / HTTP/1.1" 200 6531 "https://webrepo.nal.ie.u-ryukyu.ac.jp/preview_evaluation/39" "Mozilla/5.0 (Macintosh; Intel Mac OS X 10_13_2) AppleWebKit/537.36 (KHTML, like Gecko) Chrome/63.0.3239.84 Safari/537.36"
216.218.206.67 - - [19/Dec/2017:21:48:01 +0900] "GET / HTTP/1.1" 200 6537 "-" "-"
72.30.14.109 - - [19/Dec/2017:21:48:48 +0900] "GET /robots.txt HTTP/1.1" 404 23 "-" "Mozilla/5.0 (compatible; Yahoo! Slurp; http://help.yahoo.com/help/us/ysearch/slurp)"
72.30.14.109 - - [19/Dec/2017:21:48:50 +0900] "HEAD / HTTP/1.1" 405 0 "-" "Mozilla/5.0 (compatible; Yahoo! Slurp; http://help.yahoo.com/help/us/ysearch/slurp)"
17.142.154.157 - - [19/Dec/2017:23:30:27 +0900] "GET / HTTP/1.1" 200 6537 "-" "Mozilla/5.0 (Macintosh; Intel Mac OS X 10_10_1) AppleWebKit/600.2.5 (KHTML, like Gecko) Version/8.0.2 Safari/600.2.5 (Applebot/0.1; +http://www.apple.com/go/applebot)"
17.142.154.157 - - [19/Dec/2017:23:30:27 +0900] "GET / HTTP/1.1" 200 6537 "-" "Mozilla/5.0 (Macintosh; Intel Mac OS X 10_10_1) AppleWebKit/600.2.5 (KHTML, like Gecko) Version/8.0.2 Safari/600.2.5 (Applebot/0.1; +http://www.apple.com/go/applebot)"
17.142.154.157 - - [19/Dec/2017:23:30:28 +0900] "GET / HTTP/1.1" 200 6531 "-" "Mozilla/5.0 (Macintosh; Intel Mac OS X 10_10_1) AppleWebKit/600.2.5 (KHTML, like Gecko) Version/8.0.2 Safari/600.2.5 (Applebot/0.1; +http://www.apple.com/go/applebot)"
17.142.154.157 - - [19/Dec/2017:23:30:28 +0900] "GET / HTTP/1.1" 200 6537 "-" "Mozilla/5.0 (Macintosh; Intel Mac OS X 10_10_1) AppleWebKit/600.2.5 (KHTML, like Gecko) Version/8.0.2 Safari/600.2.5 (Applebot/0.1; +http://www.apple.com/go/applebot)"
72.30.14.109 - - [19/Dec/2017:23:30:29 +0900] "HEAD / HTTP/1.1" 405 0 "-" "Mozilla/5.0 (compatible; Yahoo! Slurp; http://help.yahoo.com/help/us/ysearch/slurp)"
72.30.14.109 - - [19/Dec/2017:23:30:30 +0900] "HEAD / HTTP/1.1" 405 0 "-" "Mozilla/5.0 (compatible; Yahoo! Slurp; http://help.yahoo.com/help/us/ysearch/slurp)"
88.99.29.5 - - [19/Dec/2017:23:30:43 +0900] "HEAD / HTTP/1.1" 405 0 "-" "MetaURI API/2.0 +metauri.com"
144.76.23.134 - - [19/Dec/2017:23:30:48 +0900] "GET /robots.txt HTTP/1.1" 404 23 "-" "Mozilla/5.0 (X11; U; Linux i686; en-US; rv:1.9b3pre) Gecko/2008010415 Firefox/3.0b"
144.76.23.134 - - [19/Dec/2017:23:30:50 +0900] "GET / HTTP/1.1" 200 6531 "-" "Mozilla/5.0 (X11; U; Linux i686; en-US; rv:1.9b3pre) Gecko/2008010415 Firefox/3.0b"
88.99.29.5 - - [19/Dec/2017:23:30:53 +0900] "GET / HTTP/1.1" 200 6537 "-" "MetaURI API/2.0 +metauri.com"
51.255.66.120 - - [19/Dec/2017:23:31:39 +0900] "GET / HTTP/1.1" 200 6531 "-" "Mozilla/5.0 (compatible; AhrefsBot/5.2; News; +http://ahrefs.com/robot/)"
74.6.168.236 - - [20/Dec/2017:00:43:58 +0900] "GET /robots.txt HTTP/1.1" 404 23 "-" "Mozilla/5.0 (compatible; Yahoo! Slurp; http://help.yahoo.com/help/us/ysearch/slurp)"
74.6.168.236 - - [20/Dec/2017:00:44:00 +0900] "HEAD / HTTP/1.1" 405 0 "-" "Mozilla/5.0 (compatible; Yahoo! Slurp; http://help.yahoo.com/help/us/ysearch/slurp)"
139.60.160.135 - - [20/Dec/2017:06:51:05 +0900] "\x03\x00\x00/*\xE0\x00\x00\x00\x00\x00Cookie: mstshash=Administr" 400 166 "-" "-"
139.162.116.133 - - [20/Dec/2017:07:07:41 +0900] "GET / HTTP/1.1" 200 6537 "-" "Mozilla/5.0 (Windows NT 10.0; WOW64) AppleWebKit/537.36 (KHTML, like Gecko) Chrome/50.0.2661.102 Safari/537.36"
85.93.20.252 - - [20/Dec/2017:10:23:31 +0900] "SSH-2.0-libssh2_1.7.0" 400 166 "-" "-"
157.55.39.150 - - [20/Dec/2017:12:41:47 +0900] "GET /robots.txt HTTP/1.1" 404 23 "-" "Mozilla/5.0 (compatible; bingbot/2.0; +http://www.bing.com/bingbot.htm)"
157.55.39.171 - - [20/Dec/2017:12:41:53 +0900] "GET /page_list HTTP/1.1" 200 8172 "-" "Mozilla/5.0 (iPhone; CPU iPhone OS 7_0 like Mac OS X) AppleWebKit/537.51.1 (KHTML, like Gecko) Version/7.0 Mobile/11A465 Safari/9537.53 (compatible; bingbot/2.0; +http://www.bing.com/bingbot.htm)"
157.55.39.2 - - [20/Dec/2017:13:55:30 +0900] "GET /robots.txt HTTP/1.1" 404 23 "-" "Mozilla/5.0 (compatible; bingbot/2.0; +http://www.bing.com/bingbot.htm)"
157.55.39.171 - - [20/Dec/2017:13:55:38 +0900] "GET /robots.txt HTTP/1.1" 404 23 "-" "Mozilla/5.0 (compatible; bingbot/2.0; +http://www.bing.com/bingbot.htm)"
133.13.48.134 - - [20/Dec/2017:14:12:04 +0900] "GET / HTTP/1.1" 200 6537 "-" "Mozilla/5.0 (Macintosh; Intel Mac OS X 10_13_2) AppleWebKit/537.36 (KHTML, like Gecko) Chrome/63.0.3239.84 Safari/537.36"
133.13.48.134 - - [20/Dec/2017:14:12:09 +0900] "GET /r/input_evaluation HTTP/1.1" 200 11321 "https://webrepo.nal.ie.u-ryukyu.ac.jp/" "Mozilla/5.0 (Macintosh; Intel Mac OS X 10_13_2) AppleWebKit/537.36 (KHTML, like Gecko) Chrome/63.0.3239.84 Safari/537.36"
133.13.48.134 - - [20/Dec/2017:14:12:30 +0900] "GET / HTTP/1.1" 200 6531 "https://webrepo.nal.ie.u-ryukyu.ac.jp/r/input_evaluation" "Mozilla/5.0 (Macintosh; Intel Mac OS X 10_13_2) AppleWebKit/537.36 (KHTML, like Gecko) Chrome/63.0.3239.84 Safari/537.36"
133.13.48.134 - - [20/Dec/2017:14:12:35 +0900] "GET / HTTP/1.1" 200 6531 "-" "Mozilla/5.0 (Macintosh; Intel Mac OS X 10.13; rv:57.0) Gecko/20100101 Firefox/57.0"
133.13.48.134 - - [20/Dec/2017:14:12:36 +0900] "GET /favicon.ico HTTP/1.1" 404 23 "-" "Mozilla/5.0 (Macintosh; Intel Mac OS X 10.13; rv:57.0) Gecko/20100101 Firefox/57.0"
133.13.48.134 - - [20/Dec/2017:14:12:36 +0900] "GET /s/image/favicon.png HTTP/1.1" 200 175287 "-" "Mozilla/5.0 (Macintosh; Intel Mac OS X 10.13; rv:57.0) Gecko/20100101 Firefox/57.0"
133.13.48.134 - - [20/Dec/2017:14:12:37 +0900] "GET /r/input_evaluation HTTP/1.1" 303 0 "https://webrepo.nal.ie.u-ryukyu.ac.jp/" "Mozilla/5.0 (Macintosh; Intel Mac OS X 10.13; rv:57.0) Gecko/20100101 Firefox/57.0"
133.13.48.134 - - [20/Dec/2017:14:12:37 +0900] "GET /signin_select HTTP/1.1" 303 0 "https://webrepo.nal.ie.u-ryukyu.ac.jp/" "Mozilla/5.0 (Macintosh; Intel Mac OS X 10.13; rv:57.0) Gecko/20100101 Firefox/57.0"
133.13.48.134 - - [20/Dec/2017:14:12:37 +0900] "GET /google_OAuth HTTP/1.1" 303 0 "https://webrepo.nal.ie.u-ryukyu.ac.jp/" "Mozilla/5.0 (Macintosh; Intel Mac OS X 10.13; rv:57.0) Gecko/20100101 Firefox/57.0"
133.13.48.134 - - [20/Dec/2017:14:12:44 +0900] "GET /oauth2callback_google?state=wAwxEp39rMPvka0A&code=4%2FAAAOSBnQvV0JPHmRaTM9IDAmR2-sH5iFvr9ItG16Ln_zfb0KaVVXHg9zF9vkL7gk3I6PChtjg04XjfhzgblYFV8 HTTP/1.1" 303 0 "https://accounts.google.com/CheckCookie" "Mozilla/5.0 (Macintosh; Intel Mac OS X 10.13; rv:57.0) Gecko/20100101 Firefox/57.0"
133.13.48.134 - - [20/Dec/2017:14:12:44 +0900] "GET /r/input_evaluation HTTP/1.1" 200 11321 "https://accounts.google.com/CheckCookie" "Mozilla/5.0 (Macintosh; Intel Mac OS X 10.13; rv:57.0) Gecko/20100101 Firefox/57.0"
133.13.48.134 - - [20/Dec/2017:14:12:50 +0900] "GET /r/input_evaluation HTTP/1.1" 303 0 "-" "Mozilla/5.0 (Macintosh; Intel Mac OS X 10.13; rv:57.0) Gecko/20100101 Firefox/57.0"
133.13.48.134 - - [20/Dec/2017:14:12:50 +0900] "GET /signin_select HTTP/1.1" 303 0 "-" "Mozilla/5.0 (Macintosh; Intel Mac OS X 10.13; rv:57.0) Gecko/20100101 Firefox/57.0"
133.13.48.134 - - [20/Dec/2017:14:12:50 +0900] "GET /google_OAuth HTTP/1.1" 303 0 "-" "Mozilla/5.0 (Macintosh; Intel Mac OS X 10.13; rv:57.0) Gecko/20100101 Firefox/57.0"
133.13.48.134 - - [20/Dec/2017:14:22:24 +0900] "GET /r/input_evaluation/0 HTTP/1.1" 303 0 "-" "Mozilla/5.0 (Macintosh; Intel Mac OS X 10.13; rv:57.0) Gecko/20100101 Firefox/57.0"
133.13.48.134 - - [20/Dec/2017:14:22:24 +0900] "GET /signin_select HTTP/1.1" 303 0 "-" "Mozilla/5.0 (Macintosh; Intel Mac OS X 10.13; rv:57.0) Gecko/20100101 Firefox/57.0"
133.13.48.134 - - [20/Dec/2017:14:22:24 +0900] "GET /google_OAuth HTTP/1.1" 303 0 "-" "Mozilla/5.0 (Macintosh; Intel Mac OS X 10.13; rv:57.0) Gecko/20100101 Firefox/57.0"
133.13.48.134 - - [20/Dec/2017:14:22:53 +0900] "GET /r/input_evaluation HTTP/1.1" 303 0 "-" "Mozilla/5.0 (Macintosh; Intel Mac OS X 10.13; rv:57.0) Gecko/20100101 Firefox/57.0"
133.13.48.134 - - [20/Dec/2017:14:22:53 +0900] "GET /signin_select HTTP/1.1" 303 0 "-" "Mozilla/5.0 (Macintosh; Intel Mac OS X 10.13; rv:57.0) Gecko/20100101 Firefox/57.0"
133.13.48.134 - - [20/Dec/2017:14:22:53 +0900] "GET /google_OAuth HTTP/1.1" 303 0 "-" "Mozilla/5.0 (Macintosh; Intel Mac OS X 10.13; rv:57.0) Gecko/20100101 Firefox/57.0"
133.13.48.134 - - [20/Dec/2017:14:38:18 +0900] "GET /r/input_evaluation HTTP/1.1" 200 11314 "-" "Mozilla/5.0 (Macintosh; Intel Mac OS X 10_13_2) AppleWebKit/537.36 (KHTML, like Gecko) Chrome/63.0.3239.84 Safari/537.36"
133.13.48.134 - - [20/Dec/2017:14:38:20 +0900] "GET / HTTP/1.1" 200 6531 "https://webrepo.nal.ie.u-ryukyu.ac.jp/r/input_evaluation" "Mozilla/5.0 (Macintosh; Intel Mac OS X 10_13_2) AppleWebKit/537.36 (KHTML, like Gecko) Chrome/63.0.3239.84 Safari/537.36"
133.13.48.134 - - [20/Dec/2017:14:50:32 +0900] "GET /r/input_evaluation HTTP/1.1" 303 0 "-" "Mozilla/5.0 (Macintosh; Intel Mac OS X 10.13; rv:57.0) Gecko/20100101 Firefox/57.0"
133.13.48.134 - - [20/Dec/2017:14:50:33 +0900] "GET /signin_select HTTP/1.1" 303 0 "-" "Mozilla/5.0 (Macintosh; Intel Mac OS X 10.13; rv:57.0) Gecko/20100101 Firefox/57.0"
133.13.48.134 - - [20/Dec/2017:14:50:33 +0900] "GET /google_OAuth HTTP/1.1" 303 0 "-" "Mozilla/5.0 (Macintosh; Intel Mac OS X 10.13; rv:57.0) Gecko/20100101 Firefox/57.0"
133.13.48.134 - - [20/Dec/2017:14:51:09 +0900] "GET /r/input_evaluation/0 HTTP/1.1" 303 0 "-" "Mozilla/5.0 (Macintosh; Intel Mac OS X 10.13; rv:57.0) Gecko/20100101 Firefox/57.0"
133.13.48.134 - - [20/Dec/2017:14:51:09 +0900] "GET /signin_select HTTP/1.1" 303 0 "-" "Mozilla/5.0 (Macintosh; Intel Mac OS X 10.13; rv:57.0) Gecko/20100101 Firefox/57.0"
133.13.48.134 - - [20/Dec/2017:14:51:09 +0900] "GET /google_OAuth HTTP/1.1" 303 0 "-" "Mozilla/5.0 (Macintosh; Intel Mac OS X 10.13; rv:57.0) Gecko/20100101 Firefox/57.0"
133.13.48.134 - - [20/Dec/2017:16:18:03 +0900] "GET /r/input_evaluation HTTP/1.1" 303 0 "-" "Mozilla/5.0 (Macintosh; Intel Mac OS X 10.13; rv:57.0) Gecko/20100101 Firefox/57.0"
133.13.48.134 - - [20/Dec/2017:16:18:03 +0900] "GET /signin_select HTTP/1.1" 303 0 "-" "Mozilla/5.0 (Macintosh; Intel Mac OS X 10.13; rv:57.0) Gecko/20100101 Firefox/57.0"
133.13.48.134 - - [20/Dec/2017:16:18:03 +0900] "GET /google_OAuth HTTP/1.1" 303 0 "-" "Mozilla/5.0 (Macintosh; Intel Mac OS X 10.13; rv:57.0) Gecko/20100101 Firefox/57.0"
133.13.48.134 - - [20/Dec/2017:16:18:51 +0900] "GET /r/input_evaluation/0 HTTP/1.1" 303 0 "-" "Mozilla/5.0 (Macintosh; Intel Mac OS X 10.13; rv:57.0) Gecko/20100101 Firefox/57.0"
133.13.48.134 - - [20/Dec/2017:16:18:51 +0900] "GET /signin_select HTTP/1.1" 303 0 "-" "Mozilla/5.0 (Macintosh; Intel Mac OS X 10.13; rv:57.0) Gecko/20100101 Firefox/57.0"
133.13.48.134 - - [20/Dec/2017:16:18:52 +0900] "GET /google_OAuth HTTP/1.1" 303 0 "-" "Mozilla/5.0 (Macintosh; Intel Mac OS X 10.13; rv:57.0) Gecko/20100101 Firefox/57.0"
133.13.48.134 - - [20/Dec/2017:18:45:13 +0900] "GET /page_list HTTP/1.1" 200 8178 "https://webrepo.nal.ie.u-ryukyu.ac.jp/" "Mozilla/5.0 (Macintosh; Intel Mac OS X 10_13_2) AppleWebKit/537.36 (KHTML, like Gecko) Chrome/63.0.3239.84 Safari/537.36"
133.13.48.134 - - [20/Dec/2017:18:45:20 +0900] "GET /page_list?genre=*&media=%E6%96%87%E7%AB%A0 HTTP/1.1" 200 22215 "https://webrepo.nal.ie.u-ryukyu.ac.jp/page_list" "Mozilla/5.0 (Macintosh; Intel Mac OS X 10_13_2) AppleWebKit/537.36 (KHTML, like Gecko) Chrome/63.0.3239.84 Safari/537.36"
133.13.48.134 - - [20/Dec/2017:18:50:15 +0900] "GET /r/input_evaluation HTTP/1.1" 303 0 "-" "Mozilla/5.0 (Macintosh; Intel Mac OS X 10.13; rv:57.0) Gecko/20100101 Firefox/57.0"
133.13.48.134 - - [20/Dec/2017:18:50:15 +0900] "GET /signin_select HTTP/1.1" 303 0 "-" "Mozilla/5.0 (Macintosh; Intel Mac OS X 10.13; rv:57.0) Gecko/20100101 Firefox/57.0"
133.13.48.134 - - [20/Dec/2017:18:50:15 +0900] "GET /google_OAuth HTTP/1.1" 303 0 "-" "Mozilla/5.0 (Macintosh; Intel Mac OS X 10.13; rv:57.0) Gecko/20100101 Firefox/57.0"
133.13.48.134 - - [20/Dec/2017:18:50:44 +0900] "GET /r/input_evaluation/0 HTTP/1.1" 303 0 "-" "Mozilla/5.0 (Macintosh; Intel Mac OS X 10.13; rv:57.0) Gecko/20100101 Firefox/57.0"
133.13.48.134 - - [20/Dec/2017:18:50:44 +0900] "GET /signin_select HTTP/1.1" 303 0 "-" "Mozilla/5.0 (Macintosh; Intel Mac OS X 10.13; rv:57.0) Gecko/20100101 Firefox/57.0"
133.13.48.134 - - [20/Dec/2017:18:50:44 +0900] "GET /google_OAuth HTTP/1.1" 303 0 "-" "Mozilla/5.0 (Macintosh; Intel Mac OS X 10.13; rv:57.0) Gecko/20100101 Firefox/57.0"
133.13.48.134 - - [20/Dec/2017:19:03:10 +0900] "GET /preview_evaluation/1 HTTP/1.1" 200 9762 "https://webrepo.nal.ie.u-ryukyu.ac.jp/page_list?genre=*&media=%E6%96%87%E7%AB%A0" "Mozilla/5.0 (Macintosh; Intel Mac OS X 10_13_2) AppleWebKit/537.36 (KHTML, like Gecko) Chrome/63.0.3239.84 Safari/537.36"
133.13.48.134 - - [20/Dec/2017:19:45:48 +0900] "GET /r/input_evaluation HTTP/1.1" 303 0 "-" "Mozilla/5.0 (Macintosh; Intel Mac OS X 10.13; rv:57.0) Gecko/20100101 Firefox/57.0"
133.13.48.134 - - [20/Dec/2017:19:45:48 +0900] "GET /signin_select HTTP/1.1" 303 0 "-" "Mozilla/5.0 (Macintosh; Intel Mac OS X 10.13; rv:57.0) Gecko/20100101 Firefox/57.0"
133.13.48.134 - - [20/Dec/2017:19:45:48 +0900] "GET /google_OAuth HTTP/1.1" 303 0 "-" "Mozilla/5.0 (Macintosh; Intel Mac OS X 10.13; rv:57.0) Gecko/20100101 Firefox/57.0"
133.13.48.134 - - [20/Dec/2017:19:46:21 +0900] "GET /r/input_evaluation/0 HTTP/1.1" 303 0 "-" "Mozilla/5.0 (Macintosh; Intel Mac OS X 10.13; rv:57.0) Gecko/20100101 Firefox/57.0"
133.13.48.134 - - [20/Dec/2017:19:46:21 +0900] "GET /signin_select HTTP/1.1" 303 0 "-" "Mozilla/5.0 (Macintosh; Intel Mac OS X 10.13; rv:57.0) Gecko/20100101 Firefox/57.0"
133.13.48.134 - - [20/Dec/2017:19:46:21 +0900] "GET /google_OAuth HTTP/1.1" 303 0 "-" "Mozilla/5.0 (Macintosh; Intel Mac OS X 10.13; rv:57.0) Gecko/20100101 Firefox/57.0"
133.13.48.134 - - [20/Dec/2017:19:48:13 +0900] "GET /r/input_evaluation HTTP/1.1" 303 0 "-" "Mozilla/5.0 (Macintosh; Intel Mac OS X 10.13; rv:57.0) Gecko/20100101 Firefox/57.0"
133.13.48.134 - - [20/Dec/2017:19:48:13 +0900] "GET /signin_select HTTP/1.1" 303 0 "-" "Mozilla/5.0 (Macintosh; Intel Mac OS X 10.13; rv:57.0) Gecko/20100101 Firefox/57.0"
133.13.48.134 - - [20/Dec/2017:19:48:13 +0900] "GET /google_OAuth HTTP/1.1" 303 0 "-" "Mozilla/5.0 (Macintosh; Intel Mac OS X 10.13; rv:57.0) Gecko/20100101 Firefox/57.0"
139.162.106.181 - - [20/Dec/2017:20:46:00 +0900] "GET / HTTP/1.1" 200 6531 "-" "Mozilla/5.0 (Windows NT 10.0; WOW64) AppleWebKit/537.36 (KHTML, like Gecko) Chrome/50.0.2661.102 Safari/537.36"
138.246.253.19 - - [20/Dec/2017:20:48:06 +0900] "HEAD / HTTP/1.1" 400 0 "-" "-"
74.82.47.4 - - [20/Dec/2017:22:31:15 +0900] "GET / HTTP/1.1" 200 6537 "-" "-"
133.13.48.134 - - [20/Dec/2017:22:50:06 +0900] "GET /r/input_evaluation HTTP/1.1" 200 11321 "-" "Mozilla/5.0 (Macintosh; Intel Mac OS X 10_13_2) AppleWebKit/537.36 (KHTML, like Gecko) Chrome/63.0.3239.84 Safari/537.36"
133.13.48.134 - - [20/Dec/2017:22:50:10 +0900] "GET /r/input_evaluation HTTP/1.1" 200 11314 "-" "Mozilla/5.0 (Macintosh; Intel Mac OS X 10_13_2) AppleWebKit/537.36 (KHTML, like Gecko) Chrome/63.0.3239.84 Safari/537.36"
133.13.48.134 - - [20/Dec/2017:22:53:53 +0900] "POST /r/input_evaluation HTTP/1.1" 303 0 "https://webrepo.nal.ie.u-ryukyu.ac.jp/r/input_evaluation" "Mozilla/5.0 (Macintosh; Intel Mac OS X 10_13_2) AppleWebKit/537.36 (KHTML, like Gecko) Chrome/63.0.3239.84 Safari/537.36"
133.13.48.134 - - [20/Dec/2017:22:53:53 +0900] "GET /preview_evaluation/40 HTTP/1.1" 200 9907 "https://webrepo.nal.ie.u-ryukyu.ac.jp/r/input_evaluation" "Mozilla/5.0 (Macintosh; Intel Mac OS X 10_13_2) AppleWebKit/537.36 (KHTML, like Gecko) Chrome/63.0.3239.84 Safari/537.36"
133.13.48.134 - - [20/Dec/2017:22:54:07 +0900] "GET /r/edit_page_cate/40 HTTP/1.1" 200 5502 "https://webrepo.nal.ie.u-ryukyu.ac.jp/preview_evaluation/40" "Mozilla/5.0 (Macintosh; Intel Mac OS X 10_13_2) AppleWebKit/537.36 (KHTML, like Gecko) Chrome/63.0.3239.84 Safari/537.36"
133.13.48.134 - - [20/Dec/2017:22:54:29 +0900] "POST /r/edit_page_cate/40 HTTP/1.1" 303 0 "https://webrepo.nal.ie.u-ryukyu.ac.jp/r/edit_page_cate/40" "Mozilla/5.0 (Macintosh; Intel Mac OS X 10_13_2) AppleWebKit/537.36 (KHTML, like Gecko) Chrome/63.0.3239.84 Safari/537.36"
133.13.48.134 - - [20/Dec/2017:22:54:29 +0900] "GET /preview_evaluation/40 HTTP/1.1" 200 9755 "https://webrepo.nal.ie.u-ryukyu.ac.jp/r/edit_page_cate/40" "Mozilla/5.0 (Macintosh; Intel Mac OS X 10_13_2) AppleWebKit/537.36 (KHTML, like Gecko) Chrome/63.0.3239.84 Safari/537.36"
133.13.48.134 - - [21/Dec/2017:00:24:12 +0900] "GET /r/input_evaluation HTTP/1.1" 303 0 "-" "Mozilla/5.0 (Macintosh; Intel Mac OS X 10.13; rv:57.0) Gecko/20100101 Firefox/57.0"
133.13.48.134 - - [21/Dec/2017:00:24:12 +0900] "GET /signin_select HTTP/1.1" 303 0 "-" "Mozilla/5.0 (Macintosh; Intel Mac OS X 10.13; rv:57.0) Gecko/20100101 Firefox/57.0"
133.13.48.134 - - [21/Dec/2017:00:24:12 +0900] "GET /google_OAuth HTTP/1.1" 303 0 "-" "Mozilla/5.0 (Macintosh; Intel Mac OS X 10.13; rv:57.0) Gecko/20100101 Firefox/57.0"
133.13.48.134 - - [21/Dec/2017:00:24:48 +0900] "GET /r/input_evaluation/0 HTTP/1.1" 303 0 "-" "Mozilla/5.0 (Macintosh; Intel Mac OS X 10.13; rv:57.0) Gecko/20100101 Firefox/57.0"
133.13.48.134 - - [21/Dec/2017:00:24:48 +0900] "GET /signin_select HTTP/1.1" 303 0 "-" "Mozilla/5.0 (Macintosh; Intel Mac OS X 10.13; rv:57.0) Gecko/20100101 Firefox/57.0"
133.13.48.134 - - [21/Dec/2017:00:24:48 +0900] "GET /google_OAuth HTTP/1.1" 303 0 "-" "Mozilla/5.0 (Macintosh; Intel Mac OS X 10.13; rv:57.0) Gecko/20100101 Firefox/57.0"
223.105.4.250 - - [21/Dec/2017:05:16:50 +0900] "GET http://114.215.207.183:83/index.php HTTP/1.1" 400 666 "-" "Mozilla/5.0 (Windows NT 6.1; WOW64) AppleWebKit/537.36 (KHTML, like Gecko) Chrome/38.0.2125.122 Safari/537.36 SE 2.X MetaSr 1.0"
60.191.38.77 - - [21/Dec/2017:08:33:49 +0900] "GET / HTTP/1.1" 200 6537 "-" "Mozilla/5.0 (Macintosh; Intel Mac OS X 10.11; rv:47.0) Gecko/20100101 Firefox/47.0"
205.209.150.201 - - [21/Dec/2017:09:59:55 +0900] "GET / HTTP/1.0" 200 6518 "-" "Mozilla 5"
205.209.150.201 - - [21/Dec/2017:10:02:43 +0900] "GET /nmaplowercheck1513717402 HTTP/1.1" 404 23 "-" "Mozilla/5.0 (compatible; Nmap Scripting Engine; https://nmap.org/book/nse.html)"
205.209.150.201 - - [21/Dec/2017:10:02:44 +0900] "GET /HNAP1 HTTP/1.1" 404 23 "-" "Mozilla/5.0 (compatible; Nmap Scripting Engine; https://nmap.org/book/nse.html)"
205.209.150.201 - - [21/Dec/2017:10:02:45 +0900] "POST /sdk HTTP/1.1" 404 23 "-" "Mozilla/5.0 (compatible; Nmap Scripting Engine; https://nmap.org/book/nse.html)"
205.209.150.201 - - [21/Dec/2017:10:02:53 +0900] "GET / HTTP/1.0" 200 6518 "-" "-"
205.209.150.201 - - [21/Dec/2017:10:02:53 +0900] "GET / HTTP/1.1" 200 6531 "-" "-"
123.249.13.186 - - [21/Dec/2017:10:08:30 +0900] "GET / HTTP/1.1" 200 6531 "-" "Mozilla/5.0 (Windows NT 6.1; WOW64; rv:31.0) Gecko/20100101 Firefox/31.0"
14.134.18.222 - - [21/Dec/2017:12:58:56 +0900] "GET / HTTP/1.0" 200 6518 "-" "-"
133.13.48.136 - - [21/Dec/2017:15:02:55 +0900] "GET /r/input_evaluation HTTP/1.1" 303 0 "-" "Mozilla/5.0 (Macintosh; Intel Mac OS X 10.13; rv:57.0) Gecko/20100101 Firefox/57.0"
133.13.48.136 - - [21/Dec/2017:15:02:55 +0900] "GET /signin_select HTTP/1.1" 303 0 "-" "Mozilla/5.0 (Macintosh; Intel Mac OS X 10.13; rv:57.0) Gecko/20100101 Firefox/57.0"
133.13.48.136 - - [21/Dec/2017:15:02:55 +0900] "GET /google_OAuth HTTP/1.1" 303 0 "-" "Mozilla/5.0 (Macintosh; Intel Mac OS X 10.13; rv:57.0) Gecko/20100101 Firefox/57.0"
133.13.48.136 - - [21/Dec/2017:15:03:23 +0900] "GET /r/input_evaluation/0 HTTP/1.1" 303 0 "-" "Mozilla/5.0 (Macintosh; Intel Mac OS X 10.13; rv:57.0) Gecko/20100101 Firefox/57.0"
133.13.48.136 - - [21/Dec/2017:15:03:23 +0900] "GET /signin_select HTTP/1.1" 303 0 "-" "Mozilla/5.0 (Macintosh; Intel Mac OS X 10.13; rv:57.0) Gecko/20100101 Firefox/57.0"
133.13.48.136 - - [21/Dec/2017:15:03:23 +0900] "GET /google_OAuth HTTP/1.1" 303 0 "-" "Mozilla/5.0 (Macintosh; Intel Mac OS X 10.13; rv:57.0) Gecko/20100101 Firefox/57.0"
139.162.78.135 - - [21/Dec/2017:15:40:31 +0900] "GET / HTTP/1.1" 200 6537 "-" "Mozilla/5.0 (Windows NT 10.0; WOW64) AppleWebKit/537.36 (KHTML, like Gecko) Chrome/45.0.2454.101 Safari/537.36"
141.212.122.144 - - [21/Dec/2017:16:45:37 +0900] "GET / HTTP/1.1" 200 6537 "http://133.13.50.82:80/" "Mozilla/5.0 zgrab/0.x"
133.13.48.136 - - [21/Dec/2017:17:03:23 +0900] "GET /r/input_evaluation HTTP/1.1" 303 0 "-" "Mozilla/5.0 (Macintosh; Intel Mac OS X 10.13; rv:57.0) Gecko/20100101 Firefox/57.0"
133.13.48.136 - - [21/Dec/2017:17:03:23 +0900] "GET /signin_select HTTP/1.1" 303 0 "-" "Mozilla/5.0 (Macintosh; Intel Mac OS X 10.13; rv:57.0) Gecko/20100101 Firefox/57.0"
133.13.48.136 - - [21/Dec/2017:17:03:23 +0900] "GET /google_OAuth HTTP/1.1" 303 0 "-" "Mozilla/5.0 (Macintosh; Intel Mac OS X 10.13; rv:57.0) Gecko/20100101 Firefox/57.0"
66.249.75.204 - - [21/Dec/2017:17:05:02 +0900] "GET /robots.txt HTTP/1.1" 404 23 "-" "Mozilla/5.0 (compatible; Googlebot/2.1; +http://www.google.com/bot.html)"
66.249.75.206 - - [21/Dec/2017:17:05:03 +0900] "GET /apple-app-site-association HTTP/1.1" 404 23 "-" "Mozilla/5.0 (compatible; Googlebot/2.1; +http://www.google.com/bot.html)"
157.55.39.171 - - [21/Dec/2017:17:30:08 +0900] "GET / HTTP/1.1" 200 6537 "-" "Mozilla/5.0 (compatible; bingbot/2.0; +http://www.bing.com/bingbot.htm)"
133.13.48.134 - - [21/Dec/2017:18:03:13 +0900] "GET /r/input_evaluation HTTP/1.1" 303 0 "-" "Mozilla/5.0 (Macintosh; Intel Mac OS X 10.13; rv:57.0) Gecko/20100101 Firefox/57.0"
133.13.48.134 - - [21/Dec/2017:18:03:14 +0900] "GET /signin_select HTTP/1.1" 303 0 "-" "Mozilla/5.0 (Macintosh; Intel Mac OS X 10.13; rv:57.0) Gecko/20100101 Firefox/57.0"
133.13.48.134 - - [21/Dec/2017:18:03:14 +0900] "GET /google_OAuth HTTP/1.1" 303 0 "-" "Mozilla/5.0 (Macintosh; Intel Mac OS X 10.13; rv:57.0) Gecko/20100101 Firefox/57.0"
133.13.48.134 - - [21/Dec/2017:20:52:13 +0900] "GET /r/input_evaluation HTTP/1.1" 200 11321 "-" "Mozilla/5.0 (Macintosh; Intel Mac OS X 10_13_2) AppleWebKit/537.36 (KHTML, like Gecko) Chrome/63.0.3239.84 Safari/537.36"
66.249.75.206 - - [21/Dec/2017:20:53:35 +0900] "GET /.well-known/assetlinks.json HTTP/1.1" 404 23 "-" "Mozilla/5.0 (compatible; Googlebot/2.1; +http://www.google.com/bot.html)"
133.13.48.134 - - [21/Dec/2017:21:00:29 +0900] "POST /r/input_evaluation HTTP/1.1" 303 0 "https://webrepo.nal.ie.u-ryukyu.ac.jp/r/input_evaluation" "Mozilla/5.0 (Macintosh; Intel Mac OS X 10_13_2) AppleWebKit/537.36 (KHTML, like Gecko) Chrome/63.0.3239.84 Safari/537.36"
133.13.48.134 - - [21/Dec/2017:21:00:29 +0900] "GET /preview_evaluation/41 HTTP/1.1" 200 10087 "https://webrepo.nal.ie.u-ryukyu.ac.jp/r/input_evaluation" "Mozilla/5.0 (Macintosh; Intel Mac OS X 10_13_2) AppleWebKit/537.36 (KHTML, like Gecko) Chrome/63.0.3239.84 Safari/537.36"
133.13.48.134 - - [21/Dec/2017:21:00:31 +0900] "GET /r/edit_page_cate/41 HTTP/1.1" 200 5508 "https://webrepo.nal.ie.u-ryukyu.ac.jp/preview_evaluation/41" "Mozilla/5.0 (Macintosh; Intel Mac OS X 10_13_2) AppleWebKit/537.36 (KHTML, like Gecko) Chrome/63.0.3239.84 Safari/537.36"
133.13.48.134 - - [21/Dec/2017:21:00:42 +0900] "POST /r/edit_page_cate/41 HTTP/1.1" 303 0 "https://webrepo.nal.ie.u-ryukyu.ac.jp/r/edit_page_cate/41" "Mozilla/5.0 (Macintosh; Intel Mac OS X 10_13_2) AppleWebKit/537.36 (KHTML, like Gecko) Chrome/63.0.3239.84 Safari/537.36"
133.13.48.134 - - [21/Dec/2017:21:00:42 +0900] "GET /preview_evaluation/41 HTTP/1.1" 200 9937 "https://webrepo.nal.ie.u-ryukyu.ac.jp/r/edit_page_cate/41" "Mozilla/5.0 (Macintosh; Intel Mac OS X 10_13_2) AppleWebKit/537.36 (KHTML, like Gecko) Chrome/63.0.3239.84 Safari/537.36"
133.13.48.134 - - [21/Dec/2017:21:00:44 +0900] "GET /r/edit_page_cate/41 HTTP/1.1" 200 5542 "https://webrepo.nal.ie.u-ryukyu.ac.jp/preview_evaluation/41" "Mozilla/5.0 (Macintosh; Intel Mac OS X 10_13_2) AppleWebKit/537.36 (KHTML, like Gecko) Chrome/63.0.3239.84 Safari/537.36"
133.13.48.134 - - [21/Dec/2017:21:00:57 +0900] "POST /r/edit_page_cate/41 HTTP/1.1" 303 0 "https://webrepo.nal.ie.u-ryukyu.ac.jp/r/edit_page_cate/41" "Mozilla/5.0 (Macintosh; Intel Mac OS X 10_13_2) AppleWebKit/537.36 (KHTML, like Gecko) Chrome/63.0.3239.84 Safari/537.36"
133.13.48.134 - - [21/Dec/2017:21:00:57 +0900] "GET /preview_evaluation/41 HTTP/1.1" 200 9961 "https://webrepo.nal.ie.u-ryukyu.ac.jp/r/edit_page_cate/41" "Mozilla/5.0 (Macintosh; Intel Mac OS X 10_13_2) AppleWebKit/537.36 (KHTML, like Gecko) Chrome/63.0.3239.84 Safari/537.36"
66.249.75.206 - - [21/Dec/2017:21:19:58 +0900] "GET /.well-known/apple-app-site-association HTTP/1.1" 404 23 "-" "Mozilla/5.0 (compatible; Googlebot/2.1; +http://www.google.com/bot.html)"
66.249.75.208 - - [21/Dec/2017:22:05:38 +0900] "GET / HTTP/1.1" 200 6531 "-" "Mozilla/5.0 (Linux; Android 6.0.1; Nexus 5X Build/MMB29P) AppleWebKit/537.36 (KHTML, like Gecko) Chrome/41.0.2272.96 Mobile Safari/537.36 (compatible; Googlebot/2.1; +http://www.google.com/bot.html)"
66.249.75.206 - - [21/Dec/2017:23:26:29 +0900] "GET /robots.txt HTTP/1.1" 404 23 "-" "Mozilla/5.0 (compatible; Googlebot/2.1; +http://www.google.com/bot.html)"
66.249.75.208 - - [21/Dec/2017:23:26:31 +0900] "GET / HTTP/1.1" 200 6537 "-" "Mozilla/5.0 (Linux; Android 6.0.1; Nexus 5X Build/MMB29P) AppleWebKit/537.36 (KHTML, like Gecko) Chrome/41.0.2272.96 Mobile Safari/537.36 (compatible; Googlebot/2.1; +http://www.google.com/bot.html)"
157.55.39.171 - - [21/Dec/2017:23:54:45 +0900] "GET / HTTP/1.1" 200 6537 "-" "Mozilla/5.0 (iPhone; CPU iPhone OS 7_0 like Mac OS X) AppleWebKit/537.51.1 (KHTML, like Gecko) Version/7.0 Mobile/11A465 Safari/9537.53 (compatible; bingbot/2.0; +http://www.bing.com/bingbot.htm)"
66.249.75.204 - - [22/Dec/2017:00:58:41 +0900] "GET / HTTP/1.1" 200 6537 "-" "Mozilla/5.0 (compatible; Googlebot/2.1; +http://www.google.com/bot.html)"
66.249.75.204 - - [22/Dec/2017:01:08:38 +0900] "GET / HTTP/1.1" 200 6531 "-" "Mozilla/5.0 (compatible; Googlebot/2.1; +http://www.google.com/bot.html)"
66.249.75.204 - - [22/Dec/2017:01:54:10 +0900] "GET / HTTP/1.1" 200 6537 "-" "Mozilla/5.0 (Linux; Android 6.0.1; Nexus 5X Build/MMB29P) AppleWebKit/537.36 (KHTML, like Gecko) Chrome/41.0.2272.96 Mobile Safari/537.36 (compatible; Googlebot/2.1; +http://www.google.com/bot.html)"
66.249.75.208 - - [22/Dec/2017:02:35:06 +0900] "GET / HTTP/1.1" 200 6537 "-" "Mozilla/5.0 (Linux; Android 6.0.1; Nexus 5X Build/MMB29P) AppleWebKit/537.36 (KHTML, like Gecko) Chrome/41.0.2272.96 Mobile Safari/537.36 (compatible; Googlebot/2.1; +http://www.google.com/bot.html)"
66.249.75.206 - - [22/Dec/2017:03:41:03 +0900] "GET / HTTP/1.1" 200 6531 "-" "Mozilla/5.0 (compatible; Googlebot/2.1; +http://www.google.com/bot.html)"
66.249.75.204 - - [22/Dec/2017:03:51:18 +0900] "GET / HTTP/1.1" 200 6537 "-" "Mozilla/5.0 (compatible; Googlebot/2.1; +http://www.google.com/bot.html)"
66.249.75.204 - - [22/Dec/2017:04:21:51 +0900] "GET / HTTP/1.1" 200 6537 "-" "Mozilla/5.0 (Linux; Android 6.0.1; Nexus 5X Build/MMB29P) AppleWebKit/537.36 (KHTML, like Gecko) Chrome/41.0.2272.96 Mobile Safari/537.36 (compatible; Googlebot/2.1; +http://www.google.com/bot.html)"
157.55.39.171 - - [22/Dec/2017:04:33:18 +0900] "GET /robots.txt HTTP/1.1" 404 23 "-" "Mozilla/5.0 (compatible; bingbot/2.0; +http://www.bing.com/bingbot.htm)"
66.249.75.206 - - [22/Dec/2017:05:02:36 +0900] "GET / HTTP/1.1" 200 6537 "-" "Mozilla/5.0 (Linux; Android 6.0.1; Nexus 5X Build/MMB29P) AppleWebKit/537.36 (KHTML, like Gecko) Chrome/41.0.2272.96 Mobile Safari/537.36 (compatible; Googlebot/2.1; +http://www.google.com/bot.html)"
66.249.75.206 - - [22/Dec/2017:05:32:40 +0900] "GET /robots.txt HTTP/1.1" 404 23 "-" "Mozilla/5.0 (compatible; Googlebot/2.1; +http://www.google.com/bot.html)"
66.249.75.204 - - [22/Dec/2017:05:32:41 +0900] "GET /.well-known/assetlinks.json HTTP/1.1" 404 23 "-" "Mozilla/5.0 (compatible; Googlebot/2.1; +http://www.google.com/bot.html)"
158.85.81.123 - - [22/Dec/2017:06:06:03 +0900] "GET / HTTP/1.1" 200 6537 "-" "-"
66.249.75.204 - - [22/Dec/2017:06:38:33 +0900] "GET / HTTP/1.1" 200 6537 "-" "Mozilla/5.0 (compatible; Googlebot/2.1; +http://www.google.com/bot.html)"
66.249.75.208 - - [22/Dec/2017:06:43:38 +0900] "GET /.well-known/apple-app-site-association HTTP/1.1" 404 23 "-" "Mozilla/5.0 (compatible; Googlebot/2.1; +http://www.google.com/bot.html)"
66.249.75.204 - - [22/Dec/2017:07:29:19 +0900] "GET / HTTP/1.1" 200 6537 "-" "Mozilla/5.0 (compatible; Googlebot/2.1; +http://www.google.com/bot.html)"
66.249.75.206 - - [22/Dec/2017:07:44:19 +0900] "GET / HTTP/1.1" 200 6537 "-" "Mozilla/5.0 (Linux; Android 6.0.1; Nexus 5X Build/MMB29P) AppleWebKit/537.36 (KHTML, like Gecko) Chrome/41.0.2272.96 Mobile Safari/537.36 (compatible; Googlebot/2.1; +http://www.google.com/bot.html)"
157.55.39.171 - - [22/Dec/2017:08:27:42 +0900] "GET /page_list HTTP/1.1" 200 8172 "-" "Mozilla/5.0 (iPhone; CPU iPhone OS 7_0 like Mac OS X) AppleWebKit/537.51.1 (KHTML, like Gecko) Version/7.0 Mobile/11A465 Safari/9537.53 (compatible; bingbot/2.0; +http://www.bing.com/bingbot.htm)"
66.249.75.204 - - [22/Dec/2017:08:55:12 +0900] "GET / HTTP/1.1" 200 6537 "-" "Mozilla/5.0 (compatible; Googlebot/2.1; +http://www.google.com/bot.html)"
63.246.129.165 - - [22/Dec/2017:09:06:47 +0900] "HEAD /app/etc/local.xml HTTP/1.1" 404 0 "http://133.13.50.82:80/app/etc/local.xml" "Mozilla/5.0 (X11; Linux x86_64) AppleWebKit/537.36 (KHTML, like Gecko) Ubuntu Chromium/62.0.3202.94 Chrome/62.0.3202.94 Safari/537.36"
66.249.75.206 - - [22/Dec/2017:10:11:32 +0900] "GET / HTTP/1.1" 200 6537 "-" "Mozilla/5.0 (Linux; Android 6.0.1; Nexus 5X Build/MMB29P) AppleWebKit/537.36 (KHTML, like Gecko) Chrome/41.0.2272.96 Mobile Safari/537.36 (compatible; Googlebot/2.1; +http://www.google.com/bot.html)"
66.249.75.208 - - [22/Dec/2017:10:52:15 +0900] "GET / HTTP/1.1" 200 6537 "-" "Mozilla/5.0 (compatible; Googlebot/2.1; +http://www.google.com/bot.html)"
66.249.75.208 - - [22/Dec/2017:11:23:08 +0900] "GET / HTTP/1.1" 200 6537 "-" "Mozilla/5.0 (Linux; Android 6.0.1; Nexus 5X Build/MMB29P) AppleWebKit/537.36 (KHTML, like Gecko) Chrome/41.0.2272.96 Mobile Safari/537.36 (compatible; Googlebot/2.1; +http://www.google.com/bot.html)"
157.55.39.171 - - [22/Dec/2017:11:42:32 +0900] "GET /robots.txt HTTP/1.1" 404 23 "-" "Mozilla/5.0 (compatible; bingbot/2.0; +http://www.bing.com/bingbot.htm)"
66.249.75.208 - - [22/Dec/2017:12:08:53 +0900] "GET / HTTP/1.1" 200 6537 "-" "Mozilla/5.0 (compatible; Googlebot/2.1; +http://www.google.com/bot.html)"
60.191.38.77 - - [22/Dec/2017:13:11:10 +0900] "GET / HTTP/1.1" 200 6531 "-" "Mozilla/5.0 (Macintosh; Intel Mac OS X 10.11; rv:47.0) Gecko/20100101 Firefox/47.0"
85.93.20.252 - - [22/Dec/2017:17:35:01 +0900] "SSH-2.0-libssh2_1.7.0" 400 166 "-" "-"
133.13.48.134 - - [22/Dec/2017:18:25:17 +0900] "GET /r/input_evaluation HTTP/1.1" 303 0 "-" "Mozilla/5.0 (Macintosh; Intel Mac OS X 10.13; rv:57.0) Gecko/20100101 Firefox/57.0"
133.13.48.134 - - [22/Dec/2017:18:25:18 +0900] "GET /signin_select HTTP/1.1" 303 0 "-" "Mozilla/5.0 (Macintosh; Intel Mac OS X 10.13; rv:57.0) Gecko/20100101 Firefox/57.0"
133.13.48.134 - - [22/Dec/2017:18:25:18 +0900] "GET /google_OAuth HTTP/1.1" 303 0 "-" "Mozilla/5.0 (Macintosh; Intel Mac OS X 10.13; rv:57.0) Gecko/20100101 Firefox/57.0"
66.249.75.208 - - [22/Dec/2017:18:40:13 +0900] "GET /robots.txt HTTP/1.1" 404 23 "-" "Mozilla/5.0 (compatible; Googlebot/2.1; +http://www.google.com/bot.html)"
66.249.75.206 - - [22/Dec/2017:18:40:14 +0900] "GET / HTTP/1.1" 200 6537 "-" "Mozilla/5.0 (Linux; Android 6.0.1; Nexus 5X Build/MMB29P) AppleWebKit/537.36 (KHTML, like Gecko) Chrome/41.0.2272.96 Mobile Safari/537.36 (compatible; Googlebot/2.1; +http://www.google.com/bot.html)"
66.249.75.208 - - [22/Dec/2017:18:50:34 +0900] "GET / HTTP/1.1" 200 6531 "-" "Mozilla/5.0 (compatible; Googlebot/2.1; +http://www.google.com/bot.html)"
66.249.75.206 - - [22/Dec/2017:20:01:57 +0900] "GET / HTTP/1.1" 200 6537 "-" "Mozilla/5.0 (compatible; Googlebot/2.1; +http://www.google.com/bot.html)"
