133.13.48.134 - - [24/Jan/2018:21:42:29 +0900] "GET /r/input_evaluation HTTP/1.1" 200 11487 "-" "Mozilla/5.0 (Macintosh; Intel Mac OS X 10.13; rv:57.0) Gecko/20100101 Firefox/57.0"
133.13.48.134 - - [24/Jan/2018:21:42:34 +0900] "GET / HTTP/1.1" 200 6539 "https://webrepo.nal.ie.u-ryukyu.ac.jp/r/input_evaluation" "Mozilla/5.0 (Macintosh; Intel Mac OS X 10.13; rv:57.0) Gecko/20100101 Firefox/57.0"
133.13.48.134 - - [24/Jan/2018:21:42:34 +0900] "GET /favicon.ico HTTP/1.1" 404 23 "-" "Mozilla/5.0 (Macintosh; Intel Mac OS X 10.13; rv:57.0) Gecko/20100101 Firefox/57.0"
133.13.48.134 - - [24/Jan/2018:21:42:42 +0900] "GET /search?q=meta HTTP/1.1" 303 0 "https://webrepo.nal.ie.u-ryukyu.ac.jp/" "Mozilla/5.0 (Macintosh; Intel Mac OS X 10.13; rv:57.0) Gecko/20100101 Firefox/57.0"
133.13.48.134 - - [24/Jan/2018:21:43:15 +0900] "GET /r/input_evaluation HTTP/1.1" 200 11480 "-" "Mozilla/5.0 (Macintosh; Intel Mac OS X 10.13; rv:57.0) Gecko/20100101 Firefox/57.0"
133.13.48.134 - - [24/Jan/2018:21:43:16 +0900] "GET /page_list?genre=*&media=%E6%96%87%E7%AB%A0 HTTP/1.1" 200 37011 "https://webrepo.nal.ie.u-ryukyu.ac.jp/r/input_evaluation" "Mozilla/5.0 (Macintosh; Intel Mac OS X 10.13; rv:57.0) Gecko/20100101 Firefox/57.0"
133.13.48.134 - - [24/Jan/2018:21:43:39 +0900] "GET / HTTP/1.1" 200 6539 "https://webrepo.nal.ie.u-ryukyu.ac.jp/r/input_evaluation" "Mozilla/5.0 (Macintosh; Intel Mac OS X 10.13; rv:57.0) Gecko/20100101 Firefox/57.0"
133.13.48.134 - - [24/Jan/2018:21:43:44 +0900] "GET /search?q=doc2vec HTTP/1.1" 303 0 "https://webrepo.nal.ie.u-ryukyu.ac.jp/" "Mozilla/5.0 (Macintosh; Intel Mac OS X 10.13; rv:57.0) Gecko/20100101 Firefox/57.0"
199.59.150.182 - - [24/Jan/2018:21:48:10 +0900] "GET /robots.txt HTTP/1.1" 404 23 "-" "Twitterbot/1.0"
199.59.150.182 - - [24/Jan/2018:21:48:10 +0900] "GET / HTTP/1.1" 200 6545 "-" "Twitterbot/1.0"
17.142.154.157 - - [24/Jan/2018:21:48:10 +0900] "GET / HTTP/1.1" 200 6539 "-" "Mozilla/5.0 (Macintosh; Intel Mac OS X 10_10_1) AppleWebKit/600.2.5 (KHTML, like Gecko) Version/8.0.2 Safari/600.2.5 (Applebot/0.1; +http://www.apple.com/go/applebot)"
74.6.168.239 - - [24/Jan/2018:21:48:11 +0900] "GET /robots.txt HTTP/1.1" 404 23 "-" "Mozilla/5.0 (compatible; Yahoo! Slurp; http://help.yahoo.com/help/us/ysearch/slurp)"
72.30.14.110 - - [24/Jan/2018:21:48:11 +0900] "GET /robots.txt HTTP/1.1" 404 23 "-" "Mozilla/5.0 (compatible; Yahoo! Slurp; http://help.yahoo.com/help/us/ysearch/slurp)"
72.30.14.110 - - [24/Jan/2018:21:48:13 +0900] "HEAD / HTTP/1.1" 405 0 "-" "Mozilla/5.0 (compatible; Yahoo! Slurp; http://help.yahoo.com/help/us/ysearch/slurp)"
74.6.168.239 - - [24/Jan/2018:21:48:13 +0900] "HEAD / HTTP/1.1" 405 0 "-" "Mozilla/5.0 (compatible; Yahoo! Slurp; http://help.yahoo.com/help/us/ysearch/slurp)"
144.76.22.69 - - [24/Jan/2018:21:48:35 +0900] "GET /robots.txt HTTP/1.1" 404 23 "-" "Mozilla/5.0 (Windows; U; Windows NT 5.1; ja-JP; rv:1.8.1.5) Gecko/20070713 Firefox/2.0.0.5"
144.76.22.69 - - [24/Jan/2018:21:48:36 +0900] "GET / HTTP/1.1" 200 6539 "-" "Mozilla/5.0 (Windows; U; Windows NT 5.1; ja-JP; rv:1.8.1.5) Gecko/20070713 Firefox/2.0.0.5"
59.139.251.70 - - [24/Jan/2018:21:53:12 +0900] "GET /preview_evaluation/45 HTTP/1.1" 200 9076 "https://www.google.co.jp/" "Mozilla/5.0 (Windows NT 10.0; Win64; x64) AppleWebKit/537.36 (KHTML, like Gecko) Chrome/63.0.3239.132 Safari/537.36"
59.139.251.70 - - [24/Jan/2018:21:53:13 +0900] "GET /s/image/favicon.png HTTP/1.1" 200 175287 "https://webrepo.nal.ie.u-ryukyu.ac.jp/preview_evaluation/45" "Mozilla/5.0 (Windows NT 10.0; Win64; x64) AppleWebKit/537.36 (KHTML, like Gecko) Chrome/63.0.3239.132 Safari/537.36"
133.13.48.134 - - [24/Jan/2018:21:54:20 +0900] "GET /r/input_evaluation HTTP/1.1" 200 11487 "-" "Mozilla/5.0 (Macintosh; Intel Mac OS X 10.13; rv:57.0) Gecko/20100101 Firefox/57.0"
133.13.48.134 - - [24/Jan/2018:21:54:23 +0900] "GET / HTTP/1.1" 200 6545 "https://webrepo.nal.ie.u-ryukyu.ac.jp/r/input_evaluation" "Mozilla/5.0 (Macintosh; Intel Mac OS X 10.13; rv:57.0) Gecko/20100101 Firefox/57.0"
133.13.48.134 - - [24/Jan/2018:22:10:27 +0900] "GET /page_list?genre=*&media=%E6%96%87%E7%AB%A0 HTTP/1.1" 200 37011 "https://webrepo.nal.ie.u-ryukyu.ac.jp/" "Mozilla/5.0 (Macintosh; Intel Mac OS X 10.13; rv:57.0) Gecko/20100101 Firefox/57.0"
133.13.48.134 - - [24/Jan/2018:22:10:32 +0900] "GET /preview_evaluation/62 HTTP/1.1" 200 9230 "https://webrepo.nal.ie.u-ryukyu.ac.jp/page_list?genre=*&media=%E6%96%87%E7%AB%A0" "Mozilla/5.0 (Macintosh; Intel Mac OS X 10.13; rv:57.0) Gecko/20100101 Firefox/57.0"
133.13.48.134 - - [24/Jan/2018:23:01:40 +0900] "GET / HTTP/1.1" 200 7945 "https://webrepo.nal.ie.u-ryukyu.ac.jp/r/input_evaluation" "Mozilla/5.0 (Macintosh; Intel Mac OS X 10.13; rv:57.0) Gecko/20100101 Firefox/57.0"
133.13.48.134 - - [24/Jan/2018:23:01:52 +0900] "GET / HTTP/1.1" 200 7951 "https://webrepo.nal.ie.u-ryukyu.ac.jp/r/input_evaluation" "Mozilla/5.0 (Macintosh; Intel Mac OS X 10.13; rv:57.0) Gecko/20100101 Firefox/57.0"
133.13.48.134 - - [24/Jan/2018:23:04:27 +0900] "GET / HTTP/1.1" 200 7906 "https://webrepo.nal.ie.u-ryukyu.ac.jp/r/input_evaluation" "Mozilla/5.0 (Macintosh; Intel Mac OS X 10.13; rv:57.0) Gecko/20100101 Firefox/57.0"
59.106.108.116 - - [24/Jan/2018:23:06:37 +0900] "GET / HTTP/1.1" 200 7900 "-" "WWW::Document/0.02"
54.92.97.59 - - [24/Jan/2018:23:06:40 +0900] "GET /robots.txt HTTP/1.1" 404 23 "-" "Hatena::Fetcher/0.01 (master) Furl/3.06"
54.92.97.59 - - [24/Jan/2018:23:06:41 +0900] "GET / HTTP/1.1" 200 7900 "-" "HatenaBookmark/4.0 (Hatena::Bookmark; Analyzer)"
133.13.48.134 - - [24/Jan/2018:23:06:49 +0900] "GET / HTTP/1.1" 200 7900 "https://webrepo.nal.ie.u-ryukyu.ac.jp/r/input_evaluation" "Mozilla/5.0 (Macintosh; Intel Mac OS X 10.13; rv:57.0) Gecko/20100101 Firefox/57.0"
133.13.48.134 - - [24/Jan/2018:23:06:54 +0900] "GET / HTTP/1.1" 200 7906 "https://webrepo.nal.ie.u-ryukyu.ac.jp/r/input_evaluation" "Mozilla/5.0 (Macintosh; Intel Mac OS X 10.13; rv:57.0) Gecko/20100101 Firefox/57.0"
133.13.48.134 - - [24/Jan/2018:23:07:44 +0900] "GET / HTTP/1.1" 200 7900 "http://b.hatena.ne.jp/higechira/bookmark" "Mozilla/5.0 (Macintosh; Intel Mac OS X 10.13; rv:57.0) Gecko/20100101 Firefox/57.0"
133.13.48.134 - - [24/Jan/2018:23:09:54 +0900] "GET / HTTP/1.1" 200 7900 "http://b.hatena.ne.jp/entry/s/webrepo.nal.ie.u-ryukyu.ac.jp/" "Mozilla/5.0 (Macintosh; Intel Mac OS X 10.13; rv:57.0) Gecko/20100101 Firefox/57.0"
133.13.48.134 - - [24/Jan/2018:23:11:41 +0900] "GET /r/input_evaluation HTTP/1.1" 303 0 "-" "Mozilla/5.0 (Macintosh; Intel Mac OS X 10_13_2) AppleWebKit/537.36 (KHTML, like Gecko) Chrome/63.0.3239.132 Safari/537.36"
133.13.48.134 - - [24/Jan/2018:23:11:41 +0900] "GET /signin_select HTTP/1.1" 303 0 "-" "Mozilla/5.0 (Macintosh; Intel Mac OS X 10_13_2) AppleWebKit/537.36 (KHTML, like Gecko) Chrome/63.0.3239.132 Safari/537.36"
133.13.48.134 - - [24/Jan/2018:23:11:41 +0900] "GET /google_OAuth HTTP/1.1" 303 0 "-" "Mozilla/5.0 (Macintosh; Intel Mac OS X 10_13_2) AppleWebKit/537.36 (KHTML, like Gecko) Chrome/63.0.3239.132 Safari/537.36"
133.13.48.134 - - [24/Jan/2018:23:11:42 +0900] "GET /oauth2callback_google?state=60WRBas9HwrKCQtH&code=4/J91XEqJ5onjgw73edWkBkLQRhAsvbA2eIL9nklmT0KY HTTP/1.1" 303 0 "-" "Mozilla/5.0 (Macintosh; Intel Mac OS X 10_13_2) AppleWebKit/537.36 (KHTML, like Gecko) Chrome/63.0.3239.132 Safari/537.36"
133.13.48.134 - - [24/Jan/2018:23:11:42 +0900] "GET /r/input_evaluation HTTP/1.1" 200 11480 "-" "Mozilla/5.0 (Macintosh; Intel Mac OS X 10_13_2) AppleWebKit/537.36 (KHTML, like Gecko) Chrome/63.0.3239.132 Safari/537.36"
133.13.48.134 - - [24/Jan/2018:23:11:45 +0900] "GET / HTTP/1.1" 200 7900 "https://webrepo.nal.ie.u-ryukyu.ac.jp/r/input_evaluation" "Mozilla/5.0 (Macintosh; Intel Mac OS X 10_13_2) AppleWebKit/537.36 (KHTML, like Gecko) Chrome/63.0.3239.132 Safari/537.36"
133.13.48.134 - - [24/Jan/2018:23:12:41 +0900] "GET / HTTP/1.1" 200 7900 "https://webrepo.nal.ie.u-ryukyu.ac.jp/r/input_evaluation" "Mozilla/5.0 (Macintosh; Intel Mac OS X 10.13; rv:57.0) Gecko/20100101 Firefox/57.0"
216.218.206.67 - - [24/Jan/2018:23:15:20 +0900] "GET / HTTP/1.1" 200 7900 "-" "-"
133.13.48.134 - - [24/Jan/2018:23:15:34 +0900] "GET / HTTP/1.1" 200 7906 "http://b.hatena.ne.jp/higechira/bookmark" "Mozilla/5.0 (Macintosh; Intel Mac OS X 10.13; rv:57.0) Gecko/20100101 Firefox/57.0"
133.13.48.134 - - [24/Jan/2018:23:15:38 +0900] "GET / HTTP/1.1" 200 7900 "http://b.hatena.ne.jp/higechira/bookmark" "Mozilla/5.0 (Macintosh; Intel Mac OS X 10.13; rv:57.0) Gecko/20100101 Firefox/57.0"
133.13.48.134 - - [24/Jan/2018:23:15:47 +0900] "GET / HTTP/1.1" 200 7900 "https://webrepo.nal.ie.u-ryukyu.ac.jp/r/input_evaluation" "Mozilla/5.0 (Macintosh; Intel Mac OS X 10_13_2) AppleWebKit/537.36 (KHTML, like Gecko) Chrome/63.0.3239.132 Safari/537.36"
133.13.48.134 - - [24/Jan/2018:23:15:48 +0900] "GET /s/image/favicon.png HTTP/1.1" 200 175287 "https://webrepo.nal.ie.u-ryukyu.ac.jp/" "Mozilla/5.0 (Macintosh; Intel Mac OS X 10_13_2) AppleWebKit/537.36 (KHTML, like Gecko) Chrome/63.0.3239.132 Safari/537.36"
133.13.48.134 - - [24/Jan/2018:23:23:36 +0900] "GET /r/input_evaluation HTTP/1.1" 200 11487 "-" "Mozilla/5.0 (Macintosh; Intel Mac OS X 10.13; rv:57.0) Gecko/20100101 Firefox/57.0"
133.13.48.134 - - [24/Jan/2018:23:23:38 +0900] "GET / HTTP/1.1" 200 7906 "https://webrepo.nal.ie.u-ryukyu.ac.jp/r/input_evaluation" "Mozilla/5.0 (Macintosh; Intel Mac OS X 10.13; rv:57.0) Gecko/20100101 Firefox/57.0"
70.42.131.170 - - [25/Jan/2018:00:56:14 +0900] "GET /phpmyadmin/scripts/setup.php HTTP/1.1" 404 23 "http://www.bing.com/search?q=amazon" "Mozilla/4.0 (compatible; MSIE 8.0; Windows NT 6.1; WOW64; Trident/4.0; SLCC2; .NET CLR 2.0.50727; .NET CLR 3.5.30729; .NET CLR 3.0.30729; Media Center PC 6.0; .NET4.0C; .NET4.0E; InfoPath.2)"
70.42.131.170 - - [25/Jan/2018:00:57:55 +0900] "GET / HTTP/1.1" 200 7900 "http://www.bing.com/search?q=amazon" "Mozilla/4.0 (compatible; MSIE 8.0; Windows NT 6.1; WOW64; Trident/4.0; SLCC2; .NET CLR 2.0.50727; .NET CLR 3.5.30729; .NET CLR 3.0.30729; Media Center PC 6.0; .NET4.0C; .NET4.0E; InfoPath.2)"
70.42.131.170 - - [25/Jan/2018:01:03:45 +0900] "GET /phpmyadmin/scripts/setup.php%20http/1.0 HTTP/1.1" 404 23 "http://www.bing.com/search?q=amazon" "Mozilla/4.0 (compatible; MSIE 8.0; Windows NT 6.1; WOW64; Trident/4.0; SLCC2; .NET CLR 2.0.50727; .NET CLR 3.5.30729; .NET CLR 3.0.30729; Media Center PC 6.0; .NET4.0C; .NET4.0E; InfoPath.2)"
45.32.55.187 - - [25/Jan/2018:03:22:52 +0900] "GET / HTTP/1.1" 200 7906 "-" "Mozilla/5.0 (X11; Linux x86_64) AppleWebKit/537.36 (KHTML, like Gecko) Chrome/61.0.3163.100 Safari/537.36"
45.32.55.187 - - [25/Jan/2018:03:22:55 +0900] "GET /s/image/favicon.png HTTP/1.1" 200 175287 "https://webrepo.nal.ie.u-ryukyu.ac.jp/" "Mozilla/5.0 (X11; Linux x86_64) AppleWebKit/537.36 (KHTML, like Gecko) Chrome/61.0.3163.100 Safari/537.36"
157.55.39.234 - - [25/Jan/2018:03:48:33 +0900] "GET / HTTP/1.1" 200 7900 "-" "Mozilla/5.0 (compatible; bingbot/2.0; +http://www.bing.com/bingbot.htm)"
46.229.164.102 - - [25/Jan/2018:04:36:38 +0900] "GET /robots.txt HTTP/1.1" 404 23 "-" "Mozilla/5.0 (compatible; SemrushBot/1.2~bl; +http://www.semrush.com/bot.html)"
66.249.77.22 - - [25/Jan/2018:04:40:32 +0900] "GET /robots.txt HTTP/1.1" 404 23 "-" "Mozilla/5.0 (compatible; Googlebot/2.1; +http://www.google.com/bot.html)"
66.249.77.22 - - [25/Jan/2018:04:40:32 +0900] "GET /preview_evaluation/55? HTTP/1.1" 200 11968 "-" "Mozilla/5.0 (compatible; Googlebot/2.1; +http://www.google.com/bot.html)"
60.191.38.78 - - [25/Jan/2018:06:11:56 +0900] "GET / HTTP/1.1" 200 7906 "-" "Mozilla/5.0 (Macintosh; Intel Mac OS X 10.11; rv:47.0) Gecko/20100101 Firefox/47.0"
141.212.122.128 - - [25/Jan/2018:06:51:12 +0900] "GET / HTTP/1.1" 200 7906 "http://133.13.50.82:80/" "Mozilla/5.0 zgrab/0.x"
66.249.77.22 - - [25/Jan/2018:06:54:48 +0900] "GET /page_list?genre=*&media=%E7%94%BB%E5%83%8F HTTP/1.1" 200 9835 "-" "Mozilla/5.0 (compatible; Googlebot/2.1; +http://www.google.com/bot.html)"
66.249.77.23 - - [25/Jan/2018:07:07:02 +0900] "GET /preview_evaluation/48? HTTP/1.1" 200 11849 "-" "Mozilla/5.0 (compatible; Googlebot/2.1; +http://www.google.com/bot.html)"
107.170.237.16 - - [25/Jan/2018:07:50:31 +0900] "GET / HTTP/1.1" 200 7900 "-" "Mozilla/5.0 zgrab/0.x"
70.42.131.170 - - [25/Jan/2018:07:51:45 +0900] "GET / HTTP/1.1" 200 7900 "http://www.bing.com/search?q=amazon" "Mozilla/4.0 (compatible; MSIE 8.0; Windows NT 6.1; WOW64; Trident/4.0; SLCC2; .NET CLR 2.0.50727; .NET CLR 3.5.30729; .NET CLR 3.0.30729; Media Center PC 6.0; .NET4.0C; .NET4.0E; InfoPath.2)"
70.42.131.170 - - [25/Jan/2018:07:57:41 +0900] "GET /phpmyadmin/scripts/setup.php%20http/1.0 HTTP/1.1" 404 23 "http://www.bing.com/search?q=amazon" "Mozilla/4.0 (compatible; MSIE 8.0; Windows NT 6.1; WOW64; Trident/4.0; SLCC2; .NET CLR 2.0.50727; .NET CLR 3.5.30729; .NET CLR 3.0.30729; Media Center PC 6.0; .NET4.0C; .NET4.0E; InfoPath.2)"
70.42.131.170 - - [25/Jan/2018:08:05:49 +0900] "GET /phpmyadmin/index.php HTTP/1.1" 404 23 "http://www.bing.com/search?q=amazon" "Mozilla/4.0 (compatible; MSIE 8.0; Windows NT 6.1; WOW64; Trident/4.0; SLCC2; .NET CLR 2.0.50727; .NET CLR 3.5.30729; .NET CLR 3.0.30729; Media Center PC 6.0; .NET4.0C; .NET4.0E; InfoPath.2)"
70.42.131.170 - - [25/Jan/2018:08:09:05 +0900] "GET /cgi/common.cgi HTTP/1.1" 404 23 "http://www.bing.com/search?q=amazon" "Mozilla/4.0 (compatible; MSIE 8.0; Windows NT 6.1; WOW64; Trident/4.0; SLCC2; .NET CLR 2.0.50727; .NET CLR 3.5.30729; .NET CLR 3.0.30729; Media Center PC 6.0; .NET4.0C; .NET4.0E; InfoPath.2)"
157.55.39.90 - - [25/Jan/2018:08:13:42 +0900] "GET /r/input_evaluation HTTP/1.1" 303 0 "-" "Mozilla/5.0 (compatible; bingbot/2.0; +http://www.bing.com/bingbot.htm)"
157.55.39.90 - - [25/Jan/2018:08:13:43 +0900] "GET /signin_select HTTP/1.1" 303 0 "-" "Mozilla/5.0 (compatible; bingbot/2.0; +http://www.bing.com/bingbot.htm)"
157.55.39.90 - - [25/Jan/2018:08:13:44 +0900] "GET /google_OAuth HTTP/1.1" 303 0 "-" "Mozilla/5.0 (compatible; bingbot/2.0; +http://www.bing.com/bingbot.htm)"
164.52.6.150 - - [25/Jan/2018:08:24:09 +0900] "GET / HTTP/1.1" 200 7900 "-" "Mozilla/5.0 (Windows NT 6.1; WOW64; rv:52.0) Gecko/20100101 Firefox/52.0"
66.249.77.21 - - [25/Jan/2018:08:59:32 +0900] "GET /page_list?genre=%E5%AD%A6%E8%A1%93&media=%E7%94%BB%E5%83%8F&sort=%E7%99%BB%E9%8C%B2%E3%81%8C%E5%8F%A4%E3%81%84%E9%A0%86 HTTP/1.1" 200 9238 "-" "Mozilla/5.0 (compatible; Googlebot/2.1; +http://www.google.com/bot.html)"
125.207.90.188 - - [25/Jan/2018:09:37:04 +0900] "GET /preview_evaluation/9 HTTP/1.1" 200 11569 "http://search.yahoo.co.jp/" "Mozilla/5.0 (Windows NT 10.0; Win64; x64) AppleWebKit/537.36 (KHTML, like Gecko) Chrome/63.0.3239.132 Safari/537.36"
125.207.90.188 - - [25/Jan/2018:09:37:05 +0900] "GET /s/image/favicon.png HTTP/1.1" 200 175287 "https://webrepo.nal.ie.u-ryukyu.ac.jp/preview_evaluation/9" "Mozilla/5.0 (Windows NT 10.0; Win64; x64) AppleWebKit/537.36 (KHTML, like Gecko) Chrome/63.0.3239.132 Safari/537.36"
66.249.77.22 - - [25/Jan/2018:09:40:57 +0900] "GET /page_list?genre=*&media=%E5%8B%95%E7%94%BB HTTP/1.1" 200 14047 "-" "Mozilla/5.0 (compatible; Googlebot/2.1; +http://www.google.com/bot.html)"
202.74.253.40 - - [25/Jan/2018:10:00:24 +0900] "GET / HTTP/1.1" 200 7906 "https://qiita.com/higechira/items/bdb24c0e5844d1a0a763" "Mozilla/5.0 (Windows NT 6.1) AppleWebKit/537.36 (KHTML, like Gecko) Chrome/60.0.3112.78 Safari/537.36"
202.74.253.40 - - [25/Jan/2018:10:00:25 +0900] "GET /s/image/favicon.png HTTP/1.1" 200 175287 "https://webrepo.nal.ie.u-ryukyu.ac.jp/" "Mozilla/5.0 (Windows NT 6.1) AppleWebKit/537.36 (KHTML, like Gecko) Chrome/60.0.3112.78 Safari/537.36"
202.74.253.40 - - [25/Jan/2018:10:00:30 +0900] "GET /page_list?genre=*&media=%E6%96%87%E7%AB%A0 HTTP/1.1" 200 37011 "https://webrepo.nal.ie.u-ryukyu.ac.jp/" "Mozilla/5.0 (Windows NT 6.1) AppleWebKit/537.36 (KHTML, like Gecko) Chrome/60.0.3112.78 Safari/537.36"
202.74.253.40 - - [25/Jan/2018:10:00:37 +0900] "GET /preview_evaluation/62 HTTP/1.1" 200 9223 "https://webrepo.nal.ie.u-ryukyu.ac.jp/page_list?genre=*&media=%E6%96%87%E7%AB%A0" "Mozilla/5.0 (Windows NT 6.1) AppleWebKit/537.36 (KHTML, like Gecko) Chrome/60.0.3112.78 Safari/537.36"
66.249.77.23 - - [25/Jan/2018:10:07:58 +0900] "GET /page_list?genre=*&media=%E3%81%9D%E3%81%AE%E4%BB%96 HTTP/1.1" 200 13484 "-" "Mozilla/5.0 (compatible; Googlebot/2.1; +http://www.google.com/bot.html)"
66.249.77.23 - - [25/Jan/2018:10:08:57 +0900] "GET /r/input_evaluation/63 HTTP/1.1" 303 0 "-" "Mozilla/5.0 (compatible; Googlebot/2.1; +http://www.google.com/bot.html)"
66.249.77.22 - - [25/Jan/2018:10:08:57 +0900] "GET /signin_select HTTP/1.1" 303 0 "-" "Mozilla/5.0 (compatible; Googlebot/2.1; +http://www.google.com/bot.html)"
66.249.77.23 - - [25/Jan/2018:10:08:58 +0900] "GET /google_OAuth HTTP/1.1" 303 0 "-" "Mozilla/5.0 (compatible; Googlebot/2.1; +http://www.google.com/bot.html)"
66.249.77.23 - - [25/Jan/2018:10:09:48 +0900] "GET /preview_evaluation/63 HTTP/1.1" 200 11431 "-" "Mozilla/5.0 (compatible; Googlebot/2.1; +http://www.google.com/bot.html)"
66.249.77.22 - - [25/Jan/2018:10:09:53 +0900] "GET /preview_evaluation/63 HTTP/1.1" 200 11431 "-" "Mozilla/5.0 (Linux; Android 6.0.1; Nexus 5X Build/MMB29P) AppleWebKit/537.36 (KHTML, like Gecko) Chrome/41.0.2272.96 Mobile Safari/537.36 (compatible; Googlebot/2.1; +http://www.google.com/bot.html)"
66.249.77.23 - - [25/Jan/2018:10:10:40 +0900] "GET /r/recommend_eval/63/64 HTTP/1.1" 405 32 "-" "Mozilla/5.0 (compatible; Googlebot/2.1; +http://www.google.com/bot.html)"
66.249.77.23 - - [25/Jan/2018:10:10:43 +0900] "GET /r/edit_page_cate/63 HTTP/1.1" 303 0 "-" "Mozilla/5.0 (compatible; Googlebot/2.1; +http://www.google.com/bot.html)"
66.249.77.22 - - [25/Jan/2018:10:10:43 +0900] "GET /signin_select HTTP/1.1" 303 0 "-" "Mozilla/5.0 (compatible; Googlebot/2.1; +http://www.google.com/bot.html)"
66.249.77.21 - - [25/Jan/2018:10:10:44 +0900] "GET /google_OAuth HTTP/1.1" 303 0 "-" "Mozilla/5.0 (compatible; Googlebot/2.1; +http://www.google.com/bot.html)"
66.249.77.23 - - [25/Jan/2018:10:11:38 +0900] "GET /r/input_comment/63/64/0 HTTP/1.1" 303 0 "-" "Mozilla/5.0 (compatible; Googlebot/2.1; +http://www.google.com/bot.html)"
66.249.77.22 - - [25/Jan/2018:10:11:38 +0900] "GET /signin_select HTTP/1.1" 303 0 "-" "Mozilla/5.0 (compatible; Googlebot/2.1; +http://www.google.com/bot.html)"
66.249.77.22 - - [25/Jan/2018:10:11:39 +0900] "GET /google_OAuth HTTP/1.1" 303 0 "-" "Mozilla/5.0 (compatible; Googlebot/2.1; +http://www.google.com/bot.html)"
66.249.77.23 - - [25/Jan/2018:10:21:01 +0900] "GET /page_list?genre=5ch%E3%81%BE%E3%81%A8%E3%82%81&media=*&sort= HTTP/1.1" 200 8634 "-" "Mozilla/5.0 (compatible; Googlebot/2.1; +http://www.google.com/bot.html)"
160.18.148.65 - - [25/Jan/2018:11:02:06 +0900] "GET /preview_evaluation/18 HTTP/1.1" 200 11745 "https://www.google.co.jp/" "Mozilla/5.0 (Windows NT 10.0; Win64; x64) AppleWebKit/537.36 (KHTML, like Gecko) Chrome/63.0.3239.132 Safari/537.36"
160.18.148.65 - - [25/Jan/2018:11:02:10 +0900] "GET /s/image/favicon.png HTTP/1.1" 200 175287 "https://webrepo.nal.ie.u-ryukyu.ac.jp/preview_evaluation/18" "Mozilla/5.0 (Windows NT 10.0; Win64; x64) AppleWebKit/537.36 (KHTML, like Gecko) Chrome/63.0.3239.132 Safari/537.36"
66.249.73.212 - - [25/Jan/2018:12:29:07 +0900] "GET /page_list?genre=*&media=%E9%9F%B3%E6%A5%BD&sort= HTTP/1.1" 200 10363 "-" "Mozilla/5.0 (compatible; Googlebot/2.1; +http://www.google.com/bot.html)"
66.249.73.212 - - [25/Jan/2018:12:49:34 +0900] "GET /preview_evaluation/23? HTTP/1.1" 200 11156 "-" "Mozilla/5.0 (compatible; Googlebot/2.1; +http://www.google.com/bot.html)"
133.13.48.134 - - [25/Jan/2018:13:39:07 +0900] "GET /r/input_evaluation HTTP/1.1" 200 11487 "-" "Mozilla/5.0 (Macintosh; Intel Mac OS X 10.13; rv:57.0) Gecko/20100101 Firefox/57.0"
133.13.48.134 - - [25/Jan/2018:13:39:07 +0900] "GET /favicon.ico HTTP/1.1" 404 23 "-" "Mozilla/5.0 (Macintosh; Intel Mac OS X 10.13; rv:57.0) Gecko/20100101 Firefox/57.0"
133.13.48.134 - - [25/Jan/2018:13:39:09 +0900] "GET / HTTP/1.1" 200 7900 "https://webrepo.nal.ie.u-ryukyu.ac.jp/r/input_evaluation" "Mozilla/5.0 (Macintosh; Intel Mac OS X 10.13; rv:57.0) Gecko/20100101 Firefox/57.0"
133.13.48.134 - - [25/Jan/2018:13:39:19 +0900] "GET /ranking HTTP/1.1" 200 4583 "https://webrepo.nal.ie.u-ryukyu.ac.jp/" "Mozilla/5.0 (Macintosh; Intel Mac OS X 10.13; rv:57.0) Gecko/20100101 Firefox/57.0"
157.55.39.90 - - [25/Jan/2018:13:57:42 +0900] "GET /r/input_evaluation HTTP/1.1" 303 0 "-" "Mozilla/5.0 (compatible; bingbot/2.0; +http://www.bing.com/bingbot.htm)"
157.55.39.90 - - [25/Jan/2018:13:57:44 +0900] "GET /signin_select HTTP/1.1" 303 0 "-" "Mozilla/5.0 (compatible; bingbot/2.0; +http://www.bing.com/bingbot.htm)"
157.55.39.90 - - [25/Jan/2018:13:57:45 +0900] "GET /google_OAuth HTTP/1.1" 303 0 "-" "Mozilla/5.0 (compatible; bingbot/2.0; +http://www.bing.com/bingbot.htm)"
133.13.48.142 - - [25/Jan/2018:15:22:24 +0900] "GET / HTTP/1.1" 200 7900 "-" "Mozilla/5.0 (Macintosh; Intel Mac OS X 10_13_2) AppleWebKit/604.4.7 (KHTML, like Gecko) Version/11.0.2 Safari/604.4.7"
133.13.48.142 - - [25/Jan/2018:15:22:27 +0900] "GET /r/input_evaluation HTTP/1.1" 200 11487 "https://webrepo.nal.ie.u-ryukyu.ac.jp/" "Mozilla/5.0 (Macintosh; Intel Mac OS X 10_13_2) AppleWebKit/604.4.7 (KHTML, like Gecko) Version/11.0.2 Safari/604.4.7"
133.13.48.142 - - [25/Jan/2018:15:23:02 +0900] "GET /preview_evaluation/62 HTTP/1.1" 200 9223 "-" "Mozilla/5.0 (Macintosh; Intel Mac OS X 10_13_2) AppleWebKit/604.4.7 (KHTML, like Gecko) Version/11.0.2 Safari/604.4.7"
133.13.48.142 - - [25/Jan/2018:15:23:06 +0900] "GET /r/input_evaluation/62 HTTP/1.1" 200 11176 "https://webrepo.nal.ie.u-ryukyu.ac.jp/preview_evaluation/62" "Mozilla/5.0 (Macintosh; Intel Mac OS X 10_13_2) AppleWebKit/604.4.7 (KHTML, like Gecko) Version/11.0.2 Safari/604.4.7"
133.13.48.142 - - [25/Jan/2018:15:23:26 +0900] "GET /r/input_evaluation/62 HTTP/1.1" 200 11176 "https://webrepo.nal.ie.u-ryukyu.ac.jp/preview_evaluation/62" "Mozilla/5.0 (Macintosh; Intel Mac OS X 10_13_2) AppleWebKit/604.4.7 (KHTML, like Gecko) Version/11.0.2 Safari/604.4.7"
133.13.48.139 - - [25/Jan/2018:15:39:17 +0900] "GET / HTTP/1.1" 200 7906 "-" "Mozilla/5.0 (Macintosh; Intel Mac OS X 10_12_6) AppleWebKit/537.36 (KHTML, like Gecko) Chrome/63.0.3239.132 Safari/537.36"
133.13.48.139 - - [25/Jan/2018:15:39:20 +0900] "GET /s/image/favicon.png HTTP/1.1" 200 175287 "https://webrepo.nal.ie.u-ryukyu.ac.jp/" "Mozilla/5.0 (Macintosh; Intel Mac OS X 10_12_6) AppleWebKit/537.36 (KHTML, like Gecko) Chrome/63.0.3239.132 Safari/537.36"
133.13.48.139 - - [25/Jan/2018:15:41:52 +0900] "GET / HTTP/1.1" 200 7900 "-" "Mozilla/5.0 (Macintosh; Intel Mac OS X 10_12_6) AppleWebKit/537.36 (KHTML, like Gecko) Chrome/63.0.3239.132 Safari/537.36"
133.13.48.139 - - [25/Jan/2018:15:41:55 +0900] "GET /r/input_evaluation HTTP/1.1" 303 0 "https://webrepo.nal.ie.u-ryukyu.ac.jp/" "Mozilla/5.0 (Macintosh; Intel Mac OS X 10_12_6) AppleWebKit/537.36 (KHTML, like Gecko) Chrome/63.0.3239.132 Safari/537.36"
133.13.48.139 - - [25/Jan/2018:15:41:55 +0900] "GET /signin_select HTTP/1.1" 303 0 "https://webrepo.nal.ie.u-ryukyu.ac.jp/" "Mozilla/5.0 (Macintosh; Intel Mac OS X 10_12_6) AppleWebKit/537.36 (KHTML, like Gecko) Chrome/63.0.3239.132 Safari/537.36"
133.13.48.139 - - [25/Jan/2018:15:41:55 +0900] "GET /google_OAuth HTTP/1.1" 303 0 "https://webrepo.nal.ie.u-ryukyu.ac.jp/" "Mozilla/5.0 (Macintosh; Intel Mac OS X 10_12_6) AppleWebKit/537.36 (KHTML, like Gecko) Chrome/63.0.3239.132 Safari/537.36"
133.13.48.139 - - [25/Jan/2018:15:45:26 +0900] "GET /r/input_evaluation HTTP/1.1" 303 0 "https://webrepo.nal.ie.u-ryukyu.ac.jp/" "Mozilla/5.0 (Macintosh; Intel Mac OS X 10_12_6) AppleWebKit/537.36 (KHTML, like Gecko) Chrome/63.0.3239.132 Safari/537.36"
133.13.48.139 - - [25/Jan/2018:15:45:26 +0900] "GET /signin_select HTTP/1.1" 303 0 "https://webrepo.nal.ie.u-ryukyu.ac.jp/" "Mozilla/5.0 (Macintosh; Intel Mac OS X 10_12_6) AppleWebKit/537.36 (KHTML, like Gecko) Chrome/63.0.3239.132 Safari/537.36"
133.13.48.139 - - [25/Jan/2018:15:45:26 +0900] "GET /google_OAuth HTTP/1.1" 303 0 "https://webrepo.nal.ie.u-ryukyu.ac.jp/" "Mozilla/5.0 (Macintosh; Intel Mac OS X 10_12_6) AppleWebKit/537.36 (KHTML, like Gecko) Chrome/63.0.3239.132 Safari/537.36"
133.13.48.142 - - [25/Jan/2018:15:45:33 +0900] "GET /preview_evaluation/62 HTTP/1.1" 200 9230 "-" "Mozilla/5.0 (Macintosh; Intel Mac OS X 10_13_2) AppleWebKit/604.4.7 (KHTML, like Gecko) Version/11.0.2 Safari/604.4.7"
133.13.48.139 - - [25/Jan/2018:15:46:07 +0900] "GET /oauth2callback_google?state=xBXUIzx0wng71znb&code=4/tgqog68PmLLj896MyaSvqaRw6MQ2QJhCJuY0f_MA2DU HTTP/1.1" 302 0 "https://accounts.google.com/signin/oauth/oauthchooseaccount?client_id=370442566774-osi0bgsn710brv1v3uc1s7hk24blhdq2.apps.googleusercontent.com&as=419c9c941f214205&destination=https%3A%2F%2Fwebrepo.nal.ie.u-ryukyu.ac.jp&approval_state=!ChRwQ2ZtOVY2ZllSbi03d08xSk9DaBIfQXlEX3ZQamxsbWdmTUlqOWRic2JOcGFVQWdiQkVoWQ%E2%88%99ACThZt4AAAAAWmrOhtDjLNJ_pqVVL7lhJIajs5zVMvA7&xsrfsig=AHgIfE-sr9syj7D78aCN4fPJUKNcOHTnaw&flowName=GeneralOAuthFlow" "Mozilla/5.0 (Macintosh; Intel Mac OS X 10_12_6) AppleWebKit/537.36 (KHTML, like Gecko) Chrome/63.0.3239.132 Safari/537.36"
133.13.48.139 - - [25/Jan/2018:15:46:07 +0900] "GET /ie_OAuth_signup HTTP/1.1" 200 9849 "https://accounts.google.com/signin/oauth/oauthchooseaccount?client_id=370442566774-osi0bgsn710brv1v3uc1s7hk24blhdq2.apps.googleusercontent.com&as=419c9c941f214205&destination=https%3A%2F%2Fwebrepo.nal.ie.u-ryukyu.ac.jp&approval_state=!ChRwQ2ZtOVY2ZllSbi03d08xSk9DaBIfQXlEX3ZQamxsbWdmTUlqOWRic2JOcGFVQWdiQkVoWQ%E2%88%99ACThZt4AAAAAWmrOhtDjLNJ_pqVVL7lhJIajs5zVMvA7&xsrfsig=AHgIfE-sr9syj7D78aCN4fPJUKNcOHTnaw&flowName=GeneralOAuthFlow" "Mozilla/5.0 (Macintosh; Intel Mac OS X 10_12_6) AppleWebKit/537.36 (KHTML, like Gecko) Chrome/63.0.3239.132 Safari/537.36"
133.13.48.139 - - [25/Jan/2018:15:46:11 +0900] "GET /ie_agree_signup? HTTP/1.1" 303 0 "https://webrepo.nal.ie.u-ryukyu.ac.jp/ie_OAuth_signup" "Mozilla/5.0 (Macintosh; Intel Mac OS X 10_12_6) AppleWebKit/537.36 (KHTML, like Gecko) Chrome/63.0.3239.132 Safari/537.36"
133.13.48.139 - - [25/Jan/2018:15:46:11 +0900] "GET /r/input_evaluation HTTP/1.1" 200 11487 "https://webrepo.nal.ie.u-ryukyu.ac.jp/ie_OAuth_signup" "Mozilla/5.0 (Macintosh; Intel Mac OS X 10_12_6) AppleWebKit/537.36 (KHTML, like Gecko) Chrome/63.0.3239.132 Safari/537.36"
133.13.48.142 - - [25/Jan/2018:15:46:20 +0900] "GET /r/input_evaluation/62 HTTP/1.1" 200 11183 "https://webrepo.nal.ie.u-ryukyu.ac.jp/preview_evaluation/62" "Mozilla/5.0 (Macintosh; Intel Mac OS X 10_13_2) AppleWebKit/604.4.7 (KHTML, like Gecko) Version/11.0.2 Safari/604.4.7"
133.13.48.139 - - [25/Jan/2018:15:46:29 +0900] "GET /search?q=%E6%B2%96%E7%B8%84%E3%80%80%E6%AD%B4%E5%8F%B2 HTTP/1.1" 303 0 "https://webrepo.nal.ie.u-ryukyu.ac.jp/" "Mozilla/5.0 (Macintosh; Intel Mac OS X 10_12_6) AppleWebKit/537.36 (KHTML, like Gecko) Chrome/63.0.3239.132 Safari/537.36"
133.13.48.142 - - [25/Jan/2018:15:46:37 +0900] "GET /r/input_evaluation/62 HTTP/1.1" 200 11176 "https://webrepo.nal.ie.u-ryukyu.ac.jp/preview_evaluation/62" "Mozilla/5.0 (Macintosh; Intel Mac OS X 10_13_2) AppleWebKit/604.4.7 (KHTML, like Gecko) Version/11.0.2 Safari/604.4.7"
133.13.48.139 - - [25/Jan/2018:15:46:39 +0900] "GET /r/input_evaluation HTTP/1.1" 200 11487 "https://webrepo.nal.ie.u-ryukyu.ac.jp/" "Mozilla/5.0 (Macintosh; Intel Mac OS X 10_12_6) AppleWebKit/537.36 (KHTML, like Gecko) Chrome/63.0.3239.132 Safari/537.36"
133.13.48.140 - - [25/Jan/2018:15:46:50 +0900] "GET / HTTP/1.1" 200 7900 "-" "Mozilla/5.0 (Macintosh; Intel Mac OS X 10_10_5) AppleWebKit/537.36 (KHTML, like Gecko) Chrome/63.0.3239.132 Safari/537.36"
133.13.48.139 - - [25/Jan/2018:15:46:52 +0900] "GET /search?q=%E6%B2%96%E7%B8%84%E3%80%80%E6%AD%B4%E5%8F%B2 HTTP/1.1" 303 0 "https://webrepo.nal.ie.u-ryukyu.ac.jp/" "Mozilla/5.0 (Macintosh; Intel Mac OS X 10_12_6) AppleWebKit/537.36 (KHTML, like Gecko) Chrome/63.0.3239.132 Safari/537.36"
133.13.48.140 - - [25/Jan/2018:15:46:53 +0900] "GET /s/image/favicon.png HTTP/1.1" 200 175287 "https://webrepo.nal.ie.u-ryukyu.ac.jp/" "Mozilla/5.0 (Macintosh; Intel Mac OS X 10_10_5) AppleWebKit/537.36 (KHTML, like Gecko) Chrome/63.0.3239.132 Safari/537.36"
133.13.48.140 - - [25/Jan/2018:15:47:11 +0900] "GET /r/input_evaluation HTTP/1.1" 303 0 "https://webrepo.nal.ie.u-ryukyu.ac.jp/" "Mozilla/5.0 (Macintosh; Intel Mac OS X 10_10_5) AppleWebKit/537.36 (KHTML, like Gecko) Chrome/63.0.3239.132 Safari/537.36"
133.13.48.140 - - [25/Jan/2018:15:47:11 +0900] "GET /signin_select HTTP/1.1" 303 0 "https://webrepo.nal.ie.u-ryukyu.ac.jp/" "Mozilla/5.0 (Macintosh; Intel Mac OS X 10_10_5) AppleWebKit/537.36 (KHTML, like Gecko) Chrome/63.0.3239.132 Safari/537.36"
133.13.48.140 - - [25/Jan/2018:15:47:11 +0900] "GET /google_OAuth HTTP/1.1" 303 0 "https://webrepo.nal.ie.u-ryukyu.ac.jp/" "Mozilla/5.0 (Macintosh; Intel Mac OS X 10_10_5) AppleWebKit/537.36 (KHTML, like Gecko) Chrome/63.0.3239.132 Safari/537.36"
133.13.48.139 - - [25/Jan/2018:15:47:11 +0900] "GET /r/input_evaluation HTTP/1.1" 200 11487 "https://webrepo.nal.ie.u-ryukyu.ac.jp/" "Mozilla/5.0 (Macintosh; Intel Mac OS X 10_12_6) AppleWebKit/537.36 (KHTML, like Gecko) Chrome/63.0.3239.132 Safari/537.36"
133.13.48.140 - - [25/Jan/2018:15:47:22 +0900] "GET /oauth2callback_google?state=qd2NonhgCVzrr7UV&code=4/Q7FUruQOZekqf3tAdRgkiJX0CpACAXvO6e-dFgoDPVI HTTP/1.1" 302 0 "https://accounts.google.com/signin/oauth/oauthchooseaccount?client_id=370442566774-osi0bgsn710brv1v3uc1s7hk24blhdq2.apps.googleusercontent.com&as=3738fdac8fd43ef1&destination=https%3A%2F%2Fwebrepo.nal.ie.u-ryukyu.ac.jp&approval_state=!ChRZR3JKaVBxVUZFc2tkQW1BLUhHchIfby10ZjFYQ3RmRzBhTUlqOWRic2JOcFlrMGhfQkVoWQ%E2%88%99ACThZt4AAAAAWmrO7wUIrUHv--hkRCEc0Xhj14nakFee&xsrfsig=AHgIfE_C95kHCxMkhQpSRzRX2vRFq-mL0w&flowName=GeneralOAuthFlow" "Mozilla/5.0 (Macintosh; Intel Mac OS X 10_10_5) AppleWebKit/537.36 (KHTML, like Gecko) Chrome/63.0.3239.132 Safari/537.36"
133.13.48.140 - - [25/Jan/2018:15:47:22 +0900] "GET /ie_OAuth_signup HTTP/1.1" 200 9842 "https://accounts.google.com/signin/oauth/oauthchooseaccount?client_id=370442566774-osi0bgsn710brv1v3uc1s7hk24blhdq2.apps.googleusercontent.com&as=3738fdac8fd43ef1&destination=https%3A%2F%2Fwebrepo.nal.ie.u-ryukyu.ac.jp&approval_state=!ChRZR3JKaVBxVUZFc2tkQW1BLUhHchIfby10ZjFYQ3RmRzBhTUlqOWRic2JOcFlrMGhfQkVoWQ%E2%88%99ACThZt4AAAAAWmrO7wUIrUHv--hkRCEc0Xhj14nakFee&xsrfsig=AHgIfE_C95kHCxMkhQpSRzRX2vRFq-mL0w&flowName=GeneralOAuthFlow" "Mozilla/5.0 (Macintosh; Intel Mac OS X 10_10_5) AppleWebKit/537.36 (KHTML, like Gecko) Chrome/63.0.3239.132 Safari/537.36"
133.13.48.140 - - [25/Jan/2018:15:47:34 +0900] "GET /ie_agree_signup? HTTP/1.1" 303 0 "https://webrepo.nal.ie.u-ryukyu.ac.jp/ie_OAuth_signup" "Mozilla/5.0 (Macintosh; Intel Mac OS X 10_10_5) AppleWebKit/537.36 (KHTML, like Gecko) Chrome/63.0.3239.132 Safari/537.36"
133.13.48.140 - - [25/Jan/2018:15:47:34 +0900] "GET /r/input_evaluation HTTP/1.1" 200 11480 "https://webrepo.nal.ie.u-ryukyu.ac.jp/ie_OAuth_signup" "Mozilla/5.0 (Macintosh; Intel Mac OS X 10_10_5) AppleWebKit/537.36 (KHTML, like Gecko) Chrome/63.0.3239.132 Safari/537.36"
133.13.48.142 - - [25/Jan/2018:15:47:39 +0900] "GET / HTTP/1.1" 200 7900 "https://webrepo.nal.ie.u-ryukyu.ac.jp/preview_evaluation/62" "Mozilla/5.0 (Macintosh; Intel Mac OS X 10_13_2) AppleWebKit/604.4.7 (KHTML, like Gecko) Version/11.0.2 Safari/604.4.7"
133.13.48.142 - - [25/Jan/2018:15:47:47 +0900] "GET /search?q=%E6%B2%96%E7%B8%84%E3%81%AE%E5%AD%A3%E7%AF%80%E3%80%80 HTTP/1.1" 303 0 "https://webrepo.nal.ie.u-ryukyu.ac.jp/" "Mozilla/5.0 (Macintosh; Intel Mac OS X 10_13_2) AppleWebKit/604.4.7 (KHTML, like Gecko) Version/11.0.2 Safari/604.4.7"
133.13.48.139 - - [25/Jan/2018:15:47:57 +0900] "GET / HTTP/1.1" 200 7900 "-" "Mozilla/5.0 (Macintosh; Intel Mac OS X 10_12_6) AppleWebKit/537.36 (KHTML, like Gecko) Chrome/63.0.3239.132 Safari/537.36"
133.13.48.139 - - [25/Jan/2018:15:48:00 +0900] "GET /r/input_evaluation HTTP/1.1" 200 11480 "https://webrepo.nal.ie.u-ryukyu.ac.jp/" "Mozilla/5.0 (Macintosh; Intel Mac OS X 10_12_6) AppleWebKit/537.36 (KHTML, like Gecko) Chrome/63.0.3239.132 Safari/537.36"
133.13.48.142 - - [25/Jan/2018:15:48:30 +0900] "GET /r/input_evaluation HTTP/1.1" 200 11487 "https://webrepo.nal.ie.u-ryukyu.ac.jp/" "Mozilla/5.0 (Macintosh; Intel Mac OS X 10_13_2) AppleWebKit/604.4.7 (KHTML, like Gecko) Version/11.0.2 Safari/604.4.7"
133.13.48.141 - - [25/Jan/2018:15:49:15 +0900] "GET /r/input_evaluation HTTP/1.1" 200 11480 "-" "Mozilla/5.0 (Macintosh; Intel Mac OS X 10_13_3) AppleWebKit/537.36 (KHTML, like Gecko) Chrome/63.0.3239.132 Safari/537.36"
133.13.48.141 - - [25/Jan/2018:15:50:14 +0900] "POST /r/input_evaluation HTTP/1.1" 303 0 "https://webrepo.nal.ie.u-ryukyu.ac.jp/r/input_evaluation" "Mozilla/5.0 (Macintosh; Intel Mac OS X 10_13_3) AppleWebKit/537.36 (KHTML, like Gecko) Chrome/63.0.3239.132 Safari/537.36"
133.13.48.141 - - [25/Jan/2018:15:50:14 +0900] "GET /preview_evaluation/69 HTTP/1.1" 200 11256 "https://webrepo.nal.ie.u-ryukyu.ac.jp/r/input_evaluation" "Mozilla/5.0 (Macintosh; Intel Mac OS X 10_13_3) AppleWebKit/537.36 (KHTML, like Gecko) Chrome/63.0.3239.132 Safari/537.36"
133.13.48.141 - - [25/Jan/2018:15:50:22 +0900] "GET /r/input_evaluation/69 HTTP/1.1" 200 11183 "https://webrepo.nal.ie.u-ryukyu.ac.jp/preview_evaluation/69" "Mozilla/5.0 (Macintosh; Intel Mac OS X 10_13_3) AppleWebKit/537.36 (KHTML, like Gecko) Chrome/63.0.3239.132 Safari/537.36"
133.13.48.142 - - [25/Jan/2018:15:51:45 +0900] "POST /r/input_evaluation HTTP/1.1" 303 0 "https://webrepo.nal.ie.u-ryukyu.ac.jp/r/input_evaluation" "Mozilla/5.0 (Macintosh; Intel Mac OS X 10_13_2) AppleWebKit/604.4.7 (KHTML, like Gecko) Version/11.0.2 Safari/604.4.7"
133.13.48.142 - - [25/Jan/2018:15:51:45 +0900] "GET /preview_evaluation/70 HTTP/1.1" 200 11795 "https://webrepo.nal.ie.u-ryukyu.ac.jp/r/input_evaluation" "Mozilla/5.0 (Macintosh; Intel Mac OS X 10_13_2) AppleWebKit/604.4.7 (KHTML, like Gecko) Version/11.0.2 Safari/604.4.7"
133.13.48.142 - - [25/Jan/2018:15:51:49 +0900] "GET /r/edit_page_cate/70 HTTP/1.1" 200 5448 "https://webrepo.nal.ie.u-ryukyu.ac.jp/preview_evaluation/70" "Mozilla/5.0 (Macintosh; Intel Mac OS X 10_13_2) AppleWebKit/604.4.7 (KHTML, like Gecko) Version/11.0.2 Safari/604.4.7"
133.13.48.141 - - [25/Jan/2018:15:51:50 +0900] "GET /r/register_page HTTP/1.1" 200 5679 "https://webrepo.nal.ie.u-ryukyu.ac.jp/r/input_evaluation/69" "Mozilla/5.0 (Macintosh; Intel Mac OS X 10_13_3) AppleWebKit/537.36 (KHTML, like Gecko) Chrome/63.0.3239.132 Safari/537.36"
133.13.48.141 - - [25/Jan/2018:15:51:51 +0900] "GET /r/input_evaluation HTTP/1.1" 200 11487 "https://webrepo.nal.ie.u-ryukyu.ac.jp/r/register_page" "Mozilla/5.0 (Macintosh; Intel Mac OS X 10_13_3) AppleWebKit/537.36 (KHTML, like Gecko) Chrome/63.0.3239.132 Safari/537.36"
133.13.48.142 - - [25/Jan/2018:15:51:53 +0900] "POST /r/edit_page_cate/70 HTTP/1.1" 303 0 "https://webrepo.nal.ie.u-ryukyu.ac.jp/r/edit_page_cate/70" "Mozilla/5.0 (Macintosh; Intel Mac OS X 10_13_2) AppleWebKit/604.4.7 (KHTML, like Gecko) Version/11.0.2 Safari/604.4.7"
133.13.48.142 - - [25/Jan/2018:15:51:53 +0900] "GET /preview_evaluation/70 HTTP/1.1" 200 11787 "https://webrepo.nal.ie.u-ryukyu.ac.jp/r/edit_page_cate/70" "Mozilla/5.0 (Macintosh; Intel Mac OS X 10_13_2) AppleWebKit/604.4.7 (KHTML, like Gecko) Version/11.0.2 Safari/604.4.7"
133.13.48.142 - - [25/Jan/2018:15:52:04 +0900] "GET /r/input_evaluation/70 HTTP/1.1" 200 11183 "https://webrepo.nal.ie.u-ryukyu.ac.jp/preview_evaluation/70" "Mozilla/5.0 (Macintosh; Intel Mac OS X 10_13_2) AppleWebKit/604.4.7 (KHTML, like Gecko) Version/11.0.2 Safari/604.4.7"
133.13.48.142 - - [25/Jan/2018:15:52:10 +0900] "GET / HTTP/1.1" 200 7906 "https://webrepo.nal.ie.u-ryukyu.ac.jp/preview_evaluation/70" "Mozilla/5.0 (Macintosh; Intel Mac OS X 10_13_2) AppleWebKit/604.4.7 (KHTML, like Gecko) Version/11.0.2 Safari/604.4.7"
133.13.48.139 - - [25/Jan/2018:15:52:48 +0900] "POST /r/input_evaluation HTTP/1.1" 303 0 "https://webrepo.nal.ie.u-ryukyu.ac.jp/r/input_evaluation" "Mozilla/5.0 (Macintosh; Intel Mac OS X 10_12_6) AppleWebKit/537.36 (KHTML, like Gecko) Chrome/63.0.3239.132 Safari/537.36"
133.13.48.139 - - [25/Jan/2018:15:52:48 +0900] "GET /preview_evaluation/71 HTTP/1.1" 200 11621 "https://webrepo.nal.ie.u-ryukyu.ac.jp/r/input_evaluation" "Mozilla/5.0 (Macintosh; Intel Mac OS X 10_12_6) AppleWebKit/537.36 (KHTML, like Gecko) Chrome/63.0.3239.132 Safari/537.36"
133.13.48.142 - - [25/Jan/2018:15:52:53 +0900] "GET /r/input_evaluation HTTP/1.1" 200 11487 "https://webrepo.nal.ie.u-ryukyu.ac.jp/" "Mozilla/5.0 (Macintosh; Intel Mac OS X 10_13_2) AppleWebKit/604.4.7 (KHTML, like Gecko) Version/11.0.2 Safari/604.4.7"
133.13.48.139 - - [25/Jan/2018:15:52:56 +0900] "GET /r/edit_page_cate/71 HTTP/1.1" 200 5454 "https://webrepo.nal.ie.u-ryukyu.ac.jp/preview_evaluation/71" "Mozilla/5.0 (Macintosh; Intel Mac OS X 10_12_6) AppleWebKit/537.36 (KHTML, like Gecko) Chrome/63.0.3239.132 Safari/537.36"
133.13.48.139 - - [25/Jan/2018:15:53:27 +0900] "POST /r/edit_page_cate/71 HTTP/1.1" 303 0 "https://webrepo.nal.ie.u-ryukyu.ac.jp/r/edit_page_cate/71" "Mozilla/5.0 (Macintosh; Intel Mac OS X 10_12_6) AppleWebKit/537.36 (KHTML, like Gecko) Chrome/63.0.3239.132 Safari/537.36"
133.13.48.139 - - [25/Jan/2018:15:53:27 +0900] "GET /preview_evaluation/71 HTTP/1.1" 200 11451 "https://webrepo.nal.ie.u-ryukyu.ac.jp/r/edit_page_cate/71" "Mozilla/5.0 (Macintosh; Intel Mac OS X 10_12_6) AppleWebKit/537.36 (KHTML, like Gecko) Chrome/63.0.3239.132 Safari/537.36"
133.13.48.139 - - [25/Jan/2018:15:53:37 +0900] "GET /r/input_evaluation/71 HTTP/1.1" 200 11176 "https://webrepo.nal.ie.u-ryukyu.ac.jp/preview_evaluation/71" "Mozilla/5.0 (Macintosh; Intel Mac OS X 10_12_6) AppleWebKit/537.36 (KHTML, like Gecko) Chrome/63.0.3239.132 Safari/537.36"
133.13.48.141 - - [25/Jan/2018:15:53:38 +0900] "POST /r/input_evaluation HTTP/1.1" 303 0 "https://webrepo.nal.ie.u-ryukyu.ac.jp/r/input_evaluation" "Mozilla/5.0 (Macintosh; Intel Mac OS X 10_13_3) AppleWebKit/537.36 (KHTML, like Gecko) Chrome/63.0.3239.132 Safari/537.36"
133.13.48.141 - - [25/Jan/2018:15:53:38 +0900] "GET /preview_evaluation/72 HTTP/1.1" 200 11514 "https://webrepo.nal.ie.u-ryukyu.ac.jp/r/input_evaluation" "Mozilla/5.0 (Macintosh; Intel Mac OS X 10_13_3) AppleWebKit/537.36 (KHTML, like Gecko) Chrome/63.0.3239.132 Safari/537.36"
133.13.48.139 - - [25/Jan/2018:15:54:14 +0900] "POST /r/input_evaluation HTTP/1.1" 303 0 "https://webrepo.nal.ie.u-ryukyu.ac.jp/r/input_evaluation" "Mozilla/5.0 (Macintosh; Intel Mac OS X 10_12_6) AppleWebKit/537.36 (KHTML, like Gecko) Chrome/63.0.3239.132 Safari/537.36"
133.13.48.139 - - [25/Jan/2018:15:54:14 +0900] "GET /preview_evaluation/73 HTTP/1.1" 200 11512 "https://webrepo.nal.ie.u-ryukyu.ac.jp/r/input_evaluation" "Mozilla/5.0 (Macintosh; Intel Mac OS X 10_12_6) AppleWebKit/537.36 (KHTML, like Gecko) Chrome/63.0.3239.132 Safari/537.36"
133.13.48.139 - - [25/Jan/2018:15:54:19 +0900] "GET /r/edit_page_cate/73 HTTP/1.1" 200 5454 "https://webrepo.nal.ie.u-ryukyu.ac.jp/preview_evaluation/73" "Mozilla/5.0 (Macintosh; Intel Mac OS X 10_12_6) AppleWebKit/537.36 (KHTML, like Gecko) Chrome/63.0.3239.132 Safari/537.36"
133.13.48.139 - - [25/Jan/2018:15:54:29 +0900] "POST /r/edit_page_cate/73 HTTP/1.1" 303 0 "https://webrepo.nal.ie.u-ryukyu.ac.jp/r/edit_page_cate/73" "Mozilla/5.0 (Macintosh; Intel Mac OS X 10_12_6) AppleWebKit/537.36 (KHTML, like Gecko) Chrome/63.0.3239.132 Safari/537.36"
133.13.48.139 - - [25/Jan/2018:15:54:29 +0900] "GET /preview_evaluation/73 HTTP/1.1" 200 11411 "https://webrepo.nal.ie.u-ryukyu.ac.jp/r/edit_page_cate/73" "Mozilla/5.0 (Macintosh; Intel Mac OS X 10_12_6) AppleWebKit/537.36 (KHTML, like Gecko) Chrome/63.0.3239.132 Safari/537.36"
133.13.48.139 - - [25/Jan/2018:15:54:37 +0900] "GET /r/input_evaluation/73 HTTP/1.1" 200 11176 "https://webrepo.nal.ie.u-ryukyu.ac.jp/preview_evaluation/73" "Mozilla/5.0 (Macintosh; Intel Mac OS X 10_12_6) AppleWebKit/537.36 (KHTML, like Gecko) Chrome/63.0.3239.132 Safari/537.36"
133.13.48.139 - - [25/Jan/2018:15:55:28 +0900] "GET /r/input_evaluation HTTP/1.1" 200 11480 "https://webrepo.nal.ie.u-ryukyu.ac.jp/preview_evaluation/71" "Mozilla/5.0 (Macintosh; Intel Mac OS X 10_12_6) AppleWebKit/537.36 (KHTML, like Gecko) Chrome/63.0.3239.132 Safari/537.36"
133.13.48.142 - - [25/Jan/2018:15:55:59 +0900] "POST /r/input_evaluation HTTP/1.1" 303 0 "https://webrepo.nal.ie.u-ryukyu.ac.jp/r/input_evaluation" "Mozilla/5.0 (Macintosh; Intel Mac OS X 10_13_2) AppleWebKit/604.4.7 (KHTML, like Gecko) Version/11.0.2 Safari/604.4.7"
133.13.48.142 - - [25/Jan/2018:15:55:59 +0900] "GET /preview_evaluation/74 HTTP/1.1" 200 11955 "https://webrepo.nal.ie.u-ryukyu.ac.jp/r/input_evaluation" "Mozilla/5.0 (Macintosh; Intel Mac OS X 10_13_2) AppleWebKit/604.4.7 (KHTML, like Gecko) Version/11.0.2 Safari/604.4.7"
133.13.48.142 - - [25/Jan/2018:15:56:07 +0900] "GET /r/edit_page_cate/74 HTTP/1.1" 200 5448 "https://webrepo.nal.ie.u-ryukyu.ac.jp/preview_evaluation/74" "Mozilla/5.0 (Macintosh; Intel Mac OS X 10_13_2) AppleWebKit/604.4.7 (KHTML, like Gecko) Version/11.0.2 Safari/604.4.7"
133.13.48.142 - - [25/Jan/2018:15:56:17 +0900] "POST /r/edit_page_cate/74 HTTP/1.1" 303 0 "https://webrepo.nal.ie.u-ryukyu.ac.jp/r/edit_page_cate/74" "Mozilla/5.0 (Macintosh; Intel Mac OS X 10_13_2) AppleWebKit/604.4.7 (KHTML, like Gecko) Version/11.0.2 Safari/604.4.7"
133.13.48.142 - - [25/Jan/2018:15:56:17 +0900] "GET /preview_evaluation/74 HTTP/1.1" 200 11796 "https://webrepo.nal.ie.u-ryukyu.ac.jp/r/edit_page_cate/74" "Mozilla/5.0 (Macintosh; Intel Mac OS X 10_13_2) AppleWebKit/604.4.7 (KHTML, like Gecko) Version/11.0.2 Safari/604.4.7"
133.13.48.142 - - [25/Jan/2018:15:56:19 +0900] "GET / HTTP/1.1" 200 7906 "https://webrepo.nal.ie.u-ryukyu.ac.jp/preview_evaluation/74" "Mozilla/5.0 (Macintosh; Intel Mac OS X 10_13_2) AppleWebKit/604.4.7 (KHTML, like Gecko) Version/11.0.2 Safari/604.4.7"
157.55.39.234 - - [25/Jan/2018:15:56:28 +0900] "GET / HTTP/1.1" 200 7900 "-" "Mozilla/5.0 (compatible; bingbot/2.0; +http://www.bing.com/bingbot.htm)"
133.13.48.142 - - [25/Jan/2018:15:56:30 +0900] "GET /ranking HTTP/1.1" 200 4626 "https://webrepo.nal.ie.u-ryukyu.ac.jp/" "Mozilla/5.0 (Macintosh; Intel Mac OS X 10_13_2) AppleWebKit/604.4.7 (KHTML, like Gecko) Version/11.0.2 Safari/604.4.7"
133.13.48.142 - - [25/Jan/2018:15:56:42 +0900] "GET /r/mypage HTTP/1.1" 200 4145 "https://webrepo.nal.ie.u-ryukyu.ac.jp/ranking" "Mozilla/5.0 (Macintosh; Intel Mac OS X 10_13_2) AppleWebKit/604.4.7 (KHTML, like Gecko) Version/11.0.2 Safari/604.4.7"
133.13.48.142 - - [25/Jan/2018:15:56:44 +0900] "GET /r/my_eval_list HTTP/1.1" 200 9901 "https://webrepo.nal.ie.u-ryukyu.ac.jp/r/mypage" "Mozilla/5.0 (Macintosh; Intel Mac OS X 10_13_2) AppleWebKit/604.4.7 (KHTML, like Gecko) Version/11.0.2 Safari/604.4.7"
133.13.48.142 - - [25/Jan/2018:15:56:57 +0900] "GET /r/input_evaluation HTTP/1.1" 200 11487 "https://webrepo.nal.ie.u-ryukyu.ac.jp/r/my_eval_list" "Mozilla/5.0 (Macintosh; Intel Mac OS X 10_13_2) AppleWebKit/604.4.7 (KHTML, like Gecko) Version/11.0.2 Safari/604.4.7"
133.13.48.141 - - [25/Jan/2018:15:57:03 +0900] "GET /r/input_evaluation HTTP/1.1" 200 11487 "https://webrepo.nal.ie.u-ryukyu.ac.jp/preview_evaluation/72" "Mozilla/5.0 (Macintosh; Intel Mac OS X 10_13_3) AppleWebKit/537.36 (KHTML, like Gecko) Chrome/63.0.3239.132 Safari/537.36"
133.13.48.139 - - [25/Jan/2018:15:57:21 +0900] "POST /r/input_evaluation HTTP/1.1" 303 0 "https://webrepo.nal.ie.u-ryukyu.ac.jp/r/input_evaluation" "Mozilla/5.0 (Macintosh; Intel Mac OS X 10_12_6) AppleWebKit/537.36 (KHTML, like Gecko) Chrome/63.0.3239.132 Safari/537.36"
133.13.48.139 - - [25/Jan/2018:15:57:21 +0900] "GET /preview_evaluation/75 HTTP/1.1" 200 11409 "https://webrepo.nal.ie.u-ryukyu.ac.jp/r/input_evaluation" "Mozilla/5.0 (Macintosh; Intel Mac OS X 10_12_6) AppleWebKit/537.36 (KHTML, like Gecko) Chrome/63.0.3239.132 Safari/537.36"
133.13.48.139 - - [25/Jan/2018:15:57:25 +0900] "GET /r/edit_page_cate/75 HTTP/1.1" 200 5454 "https://webrepo.nal.ie.u-ryukyu.ac.jp/preview_evaluation/75" "Mozilla/5.0 (Macintosh; Intel Mac OS X 10_12_6) AppleWebKit/537.36 (KHTML, like Gecko) Chrome/63.0.3239.132 Safari/537.36"
133.13.48.139 - - [25/Jan/2018:15:58:28 +0900] "POST /r/edit_page_cate/75 HTTP/1.1" 303 0 "https://webrepo.nal.ie.u-ryukyu.ac.jp/r/edit_page_cate/75" "Mozilla/5.0 (Macintosh; Intel Mac OS X 10_12_6) AppleWebKit/537.36 (KHTML, like Gecko) Chrome/63.0.3239.132 Safari/537.36"
133.13.48.139 - - [25/Jan/2018:15:58:28 +0900] "GET /preview_evaluation/75 HTTP/1.1" 200 11293 "https://webrepo.nal.ie.u-ryukyu.ac.jp/r/edit_page_cate/75" "Mozilla/5.0 (Macintosh; Intel Mac OS X 10_12_6) AppleWebKit/537.36 (KHTML, like Gecko) Chrome/63.0.3239.132 Safari/537.36"
133.13.48.139 - - [25/Jan/2018:15:58:30 +0900] "GET /r/input_evaluation/75 HTTP/1.1" 200 11183 "https://webrepo.nal.ie.u-ryukyu.ac.jp/preview_evaluation/75" "Mozilla/5.0 (Macintosh; Intel Mac OS X 10_12_6) AppleWebKit/537.36 (KHTML, like Gecko) Chrome/63.0.3239.132 Safari/537.36"
133.13.48.140 - - [25/Jan/2018:15:59:14 +0900] "POST /r/input_evaluation HTTP/1.1" 303 0 "https://webrepo.nal.ie.u-ryukyu.ac.jp/r/input_evaluation" "Mozilla/5.0 (Macintosh; Intel Mac OS X 10_10_5) AppleWebKit/537.36 (KHTML, like Gecko) Chrome/63.0.3239.132 Safari/537.36"
133.13.48.140 - - [25/Jan/2018:15:59:14 +0900] "GET /preview_evaluation/76 HTTP/1.1" 200 11555 "https://webrepo.nal.ie.u-ryukyu.ac.jp/r/input_evaluation" "Mozilla/5.0 (Macintosh; Intel Mac OS X 10_10_5) AppleWebKit/537.36 (KHTML, like Gecko) Chrome/63.0.3239.132 Safari/537.36"
133.13.48.140 - - [25/Jan/2018:15:59:44 +0900] "GET /r/edit_page_cate/76 HTTP/1.1" 200 5454 "https://webrepo.nal.ie.u-ryukyu.ac.jp/preview_evaluation/76" "Mozilla/5.0 (Macintosh; Intel Mac OS X 10_10_5) AppleWebKit/537.36 (KHTML, like Gecko) Chrome/63.0.3239.132 Safari/537.36"
133.13.48.139 - - [25/Jan/2018:16:00:04 +0900] "POST /r/input_evaluation/73 HTTP/1.1" 200 84 "https://webrepo.nal.ie.u-ryukyu.ac.jp/r/input_evaluation/73" "Mozilla/5.0 (Macintosh; Intel Mac OS X 10_12_6) AppleWebKit/537.36 (KHTML, like Gecko) Chrome/63.0.3239.132 Safari/537.36"
133.13.48.139 - - [25/Jan/2018:16:00:04 +0900] "GET /favicon.ico HTTP/1.1" 404 23 "https://webrepo.nal.ie.u-ryukyu.ac.jp/r/input_evaluation/73" "Mozilla/5.0 (Macintosh; Intel Mac OS X 10_12_6) AppleWebKit/537.36 (KHTML, like Gecko) Chrome/63.0.3239.132 Safari/537.36"
133.13.48.139 - - [25/Jan/2018:16:00:06 +0900] "GET /r/input_evaluation/73 HTTP/1.1" 200 11176 "https://webrepo.nal.ie.u-ryukyu.ac.jp/preview_evaluation/73" "Mozilla/5.0 (Macintosh; Intel Mac OS X 10_12_6) AppleWebKit/537.36 (KHTML, like Gecko) Chrome/63.0.3239.132 Safari/537.36"
133.13.48.139 - - [25/Jan/2018:16:00:39 +0900] "GET / HTTP/1.1" 200 7900 "https://webrepo.nal.ie.u-ryukyu.ac.jp/preview_evaluation/73" "Mozilla/5.0 (Macintosh; Intel Mac OS X 10_12_6) AppleWebKit/537.36 (KHTML, like Gecko) Chrome/63.0.3239.132 Safari/537.36"
133.13.48.139 - - [25/Jan/2018:16:00:40 +0900] "GET /r/input_evaluation HTTP/1.1" 200 11487 "https://webrepo.nal.ie.u-ryukyu.ac.jp/" "Mozilla/5.0 (Macintosh; Intel Mac OS X 10_12_6) AppleWebKit/537.36 (KHTML, like Gecko) Chrome/63.0.3239.132 Safari/537.36"
133.13.48.141 - - [25/Jan/2018:16:00:41 +0900] "POST /r/input_evaluation HTTP/1.1" 303 0 "https://webrepo.nal.ie.u-ryukyu.ac.jp/r/input_evaluation" "Mozilla/5.0 (Macintosh; Intel Mac OS X 10_13_3) AppleWebKit/537.36 (KHTML, like Gecko) Chrome/63.0.3239.132 Safari/537.36"
133.13.48.141 - - [25/Jan/2018:16:00:41 +0900] "GET /preview_evaluation/77 HTTP/1.1" 200 11466 "https://webrepo.nal.ie.u-ryukyu.ac.jp/r/input_evaluation" "Mozilla/5.0 (Macintosh; Intel Mac OS X 10_13_3) AppleWebKit/537.36 (KHTML, like Gecko) Chrome/63.0.3239.132 Safari/537.36"
133.13.48.141 - - [25/Jan/2018:16:01:02 +0900] "GET /r/edit_page_cate/77 HTTP/1.1" 200 5448 "https://webrepo.nal.ie.u-ryukyu.ac.jp/preview_evaluation/77" "Mozilla/5.0 (Macintosh; Intel Mac OS X 10_13_3) AppleWebKit/537.36 (KHTML, like Gecko) Chrome/63.0.3239.132 Safari/537.36"
133.13.48.139 - - [25/Jan/2018:16:01:12 +0900] "POST /r/input_evaluation HTTP/1.1" 303 0 "https://webrepo.nal.ie.u-ryukyu.ac.jp/r/input_evaluation" "Mozilla/5.0 (Macintosh; Intel Mac OS X 10_12_6) AppleWebKit/537.36 (KHTML, like Gecko) Chrome/63.0.3239.132 Safari/537.36"
133.13.48.139 - - [25/Jan/2018:16:01:12 +0900] "GET /preview_evaluation/78 HTTP/1.1" 200 11462 "https://webrepo.nal.ie.u-ryukyu.ac.jp/r/input_evaluation" "Mozilla/5.0 (Macintosh; Intel Mac OS X 10_12_6) AppleWebKit/537.36 (KHTML, like Gecko) Chrome/63.0.3239.132 Safari/537.36"
133.13.48.139 - - [25/Jan/2018:16:01:13 +0900] "GET /r/edit_page_cate/78 HTTP/1.1" 200 5448 "https://webrepo.nal.ie.u-ryukyu.ac.jp/preview_evaluation/78" "Mozilla/5.0 (Macintosh; Intel Mac OS X 10_12_6) AppleWebKit/537.36 (KHTML, like Gecko) Chrome/63.0.3239.132 Safari/537.36"
133.13.48.139 - - [25/Jan/2018:16:01:16 +0900] "GET / HTTP/1.1" 200 7906 "https://webrepo.nal.ie.u-ryukyu.ac.jp/r/input_evaluation/75" "Mozilla/5.0 (Macintosh; Intel Mac OS X 10_12_6) AppleWebKit/537.36 (KHTML, like Gecko) Chrome/63.0.3239.132 Safari/537.36"
133.13.48.140 - - [25/Jan/2018:16:01:28 +0900] "POST /r/edit_page_cate/76 HTTP/1.1" 303 0 "https://webrepo.nal.ie.u-ryukyu.ac.jp/r/edit_page_cate/76" "Mozilla/5.0 (Macintosh; Intel Mac OS X 10_10_5) AppleWebKit/537.36 (KHTML, like Gecko) Chrome/63.0.3239.132 Safari/537.36"
133.13.48.140 - - [25/Jan/2018:16:01:28 +0900] "GET /preview_evaluation/76 HTTP/1.1" 200 11418 "https://webrepo.nal.ie.u-ryukyu.ac.jp/r/edit_page_cate/76" "Mozilla/5.0 (Macintosh; Intel Mac OS X 10_10_5) AppleWebKit/537.36 (KHTML, like Gecko) Chrome/63.0.3239.132 Safari/537.36"
133.13.48.141 - - [25/Jan/2018:16:01:30 +0900] "POST /r/edit_page_cate/77 HTTP/1.1" 303 0 "https://webrepo.nal.ie.u-ryukyu.ac.jp/r/edit_page_cate/77" "Mozilla/5.0 (Macintosh; Intel Mac OS X 10_13_3) AppleWebKit/537.36 (KHTML, like Gecko) Chrome/63.0.3239.132 Safari/537.36"
