70.42.131.170 - - [14/Jan/2018:08:58:12 +0900] "GET /muieblackcat HTTP/1.1" 404 23 "http://www.bing.com/search?q=amazon" "Mozilla/4.0 (compatible; MSIE 8.0; Windows NT 6.1; WOW64; Trident/4.0; SLCC2; .NET CLR 2.0.50727; .NET CLR 3.5.30729; .NET CLR 3.0.30729; Media Center PC 6.0; .NET4.0C; .NET4.0E; InfoPath.2)"
207.46.13.161 - - [14/Jan/2018:11:25:56 +0900] "GET / HTTP/1.1" 200 6551 "-" "Mozilla/5.0 (iPhone; CPU iPhone OS 7_0 like Mac OS X) AppleWebKit/537.51.1 (KHTML, like Gecko) Version/7.0 Mobile/11A465 Safari/9537.53 (compatible; bingbot/2.0; +http://www.bing.com/bingbot.htm)"
164.52.6.150 - - [14/Jan/2018:13:05:44 +0900] "GET / HTTP/1.1" 200 6557 "-" "Mozilla/5.0 (Windows NT 6.1; WOW64; rv:52.0) Gecko/20100101 Firefox/52.0"
207.46.13.196 - - [14/Jan/2018:15:40:28 +0900] "GET /robots.txt HTTP/1.1" 404 23 "-" "Mozilla/5.0 (compatible; bingbot/2.0; +http://www.bing.com/bingbot.htm)"
207.46.13.161 - - [14/Jan/2018:15:40:28 +0900] "GET /robots.txt HTTP/1.1" 404 23 "-" "Mozilla/5.0 (compatible; bingbot/2.0; +http://www.bing.com/bingbot.htm)"
70.42.131.170 - - [14/Jan/2018:18:57:34 +0900] "GET /invoker/jmxinvokerservlet HTTP/1.1" 404 23 "http://www.bing.com/search?q=amazon" "Mozilla/4.0 (compatible; MSIE 8.0; Windows NT 6.1; WOW64; Trident/4.0; SLCC2; .NET CLR 2.0.50727; .NET CLR 3.5.30729; .NET CLR 3.0.30729; Media Center PC 6.0; .NET4.0C; .NET4.0E; InfoPath.2)"
184.105.139.68 - - [14/Jan/2018:22:23:05 +0900] "GET / HTTP/1.1" 200 6551 "-" "-"
60.38.118.143 - - [14/Jan/2018:22:35:49 +0900] "GET /preview_evaluation/10 HTTP/1.1" 200 9999 "https://www.google.co.jp/" "Mozilla/5.0 (Windows NT 10.0; Win64; x64) AppleWebKit/537.36 (KHTML, like Gecko) Chrome/63.0.3239.132 Safari/537.36"
60.38.118.143 - - [14/Jan/2018:22:35:49 +0900] "GET /s/image/favicon.png HTTP/1.1" 200 175287 "https://webrepo.nal.ie.u-ryukyu.ac.jp/preview_evaluation/10" "Mozilla/5.0 (Windows NT 10.0; Win64; x64) AppleWebKit/537.36 (KHTML, like Gecko) Chrome/63.0.3239.132 Safari/537.36"
70.42.131.170 - - [15/Jan/2018:00:04:11 +0900] "GET /muieblackcat HTTP/1.1" 404 23 "http://www.bing.com/search?q=amazon" "Mozilla/4.0 (compatible; MSIE 8.0; Windows NT 6.1; WOW64; Trident/4.0; SLCC2; .NET CLR 2.0.50727; .NET CLR 3.5.30729; .NET CLR 3.0.30729; Media Center PC 6.0; .NET4.0C; .NET4.0E; InfoPath.2)"
70.42.131.170 - - [15/Jan/2018:00:52:11 +0900] "GET / HTTP/1.1" 200 6557 "http://www.bing.com/search?q=amazon" "Mozilla/4.0 (compatible; MSIE 8.0; Windows NT 6.1; WOW64; Trident/4.0; SLCC2; .NET CLR 2.0.50727; .NET CLR 3.5.30729; .NET CLR 3.0.30729; Media Center PC 6.0; .NET4.0C; .NET4.0E; InfoPath.2)"
70.42.131.170 - - [15/Jan/2018:02:08:27 +0900] "GET /phpmyadmin/index.php HTTP/1.1" 404 23 "http://www.bing.com/search?q=amazon" "Mozilla/4.0 (compatible; MSIE 8.0; Windows NT 6.1; WOW64; Trident/4.0; SLCC2; .NET CLR 2.0.50727; .NET CLR 3.5.30729; .NET CLR 3.0.30729; Media Center PC 6.0; .NET4.0C; .NET4.0E; InfoPath.2)"
70.42.131.170 - - [15/Jan/2018:02:26:28 +0900] "GET /security.txt HTTP/1.1" 404 23 "http://www.bing.com/search?q=amazon" "Mozilla/4.0 (compatible; MSIE 8.0; Windows NT 6.1; WOW64; Trident/4.0; SLCC2; .NET CLR 2.0.50727; .NET CLR 3.5.30729; .NET CLR 3.0.30729; Media Center PC 6.0; .NET4.0C; .NET4.0E; InfoPath.2)"
70.42.131.170 - - [15/Jan/2018:02:40:46 +0900] "GET /wwwroot.zip HTTP/1.1" 404 23 "http://www.bing.com/search?q=amazon" "Mozilla/4.0 (compatible; MSIE 8.0; Windows NT 6.1; WOW64; Trident/4.0; SLCC2; .NET CLR 2.0.50727; .NET CLR 3.5.30729; .NET CLR 3.0.30729; Media Center PC 6.0; .NET4.0C; .NET4.0E; InfoPath.2)"
139.162.106.181 - - [15/Jan/2018:03:19:05 +0900] "GET / HTTP/1.1" 200 6557 "-" "Mozilla/5.0 (Windows NT 10.0; WOW64) AppleWebKit/537.36 (KHTML, like Gecko) Chrome/50.0.2661.102 Safari/537.36"
207.46.13.78 - - [15/Jan/2018:03:46:50 +0900] "GET / HTTP/1.1" 200 6557 "-" "Mozilla/5.0 (compatible; bingbot/2.0; +http://www.bing.com/bingbot.htm)"
70.42.131.170 - - [15/Jan/2018:03:54:04 +0900] "GET /invoker/jmxinvokerservlet HTTP/1.1" 404 23 "http://www.bing.com/search?q=amazon" "Mozilla/4.0 (compatible; MSIE 8.0; Windows NT 6.1; WOW64; Trident/4.0; SLCC2; .NET CLR 2.0.50727; .NET CLR 3.5.30729; .NET CLR 3.0.30729; Media Center PC 6.0; .NET4.0C; .NET4.0E; InfoPath.2)"
70.42.131.170 - - [15/Jan/2018:04:11:08 +0900] "GET /cgi/common.cgi HTTP/1.1" 404 23 "http://www.bing.com/search?q=amazon" "Mozilla/4.0 (compatible; MSIE 8.0; Windows NT 6.1; WOW64; Trident/4.0; SLCC2; .NET CLR 2.0.50727; .NET CLR 3.5.30729; .NET CLR 3.0.30729; Media Center PC 6.0; .NET4.0C; .NET4.0E; InfoPath.2)"
66.249.79.136 - - [15/Jan/2018:04:23:16 +0900] "GET /robots.txt HTTP/1.1" 404 23 "-" "Mozilla/5.0 (compatible; Googlebot/2.1; +http://www.google.com/bot.html)"
66.249.79.136 - - [15/Jan/2018:04:23:17 +0900] "GET / HTTP/1.1" 200 6557 "-" "Mozilla/5.0 (compatible; Googlebot/2.1; +http://www.google.com/bot.html)"
212.129.39.185 - - [15/Jan/2018:04:45:20 +0900] "GET /a2billing/common/javascript/misc.js HTTP/1.1" 404 23 "-" "python-requests/2.18.4"
193.111.198.9 - - [15/Jan/2018:04:45:39 +0900] "GET /.ftpconfig HTTP/1.1" 404 23 "-" "Mozilla/5.0 (Windows NT 6.3; Win64; x64) AppleWebKit/537.36 (KHTML, like Gecko) Chrome/62.0.3202.94 Safari/537.36"
193.111.198.9 - - [15/Jan/2018:04:45:43 +0900] "GET /.remote-sync.json HTTP/1.1" 404 23 "-" "Mozilla/5.0 (Windows NT 6.3; Win64; x64) AppleWebKit/537.36 (KHTML, like Gecko) Chrome/62.0.3202.94 Safari/537.36"
193.111.198.9 - - [15/Jan/2018:04:45:47 +0900] "GET /.vscode/ftp-sync.json HTTP/1.1" 404 23 "-" "Mozilla/5.0 (Windows NT 6.3; Win64; x64) AppleWebKit/537.36 (KHTML, like Gecko) Chrome/62.0.3202.94 Safari/537.36"
193.111.198.9 - - [15/Jan/2018:04:45:52 +0900] "GET /sftp-config.json HTTP/1.1" 404 23 "-" "Mozilla/5.0 (Windows NT 6.3; Win64; x64) AppleWebKit/537.36 (KHTML, like Gecko) Chrome/62.0.3202.94 Safari/537.36"
193.111.198.9 - - [15/Jan/2018:04:45:56 +0900] "GET /.env HTTP/1.1" 404 23 "-" "Mozilla/5.0 (Windows NT 6.3; Win64; x64) AppleWebKit/537.36 (KHTML, like Gecko) Chrome/62.0.3202.94 Safari/537.36"
193.111.198.9 - - [15/Jan/2018:04:46:00 +0900] "GET /deployment-config.json HTTP/1.1" 404 23 "-" "Mozilla/5.0 (Windows NT 6.3; Win64; x64) AppleWebKit/537.36 (KHTML, like Gecko) Chrome/62.0.3202.94 Safari/537.36"
60.191.48.204 - - [15/Jan/2018:06:22:42 +0900] "GET / HTTP/1.0" 200 6538 "-" "-"
66.249.79.134 - - [15/Jan/2018:07:15:37 +0900] "GET /.well-known/assetlinks.json HTTP/1.1" 404 23 "-" "Mozilla/5.0 (compatible; Googlebot/2.1; +http://www.google.com/bot.html)"
196.52.43.95 - - [15/Jan/2018:08:00:40 +0900] "GET / HTTP/1.1" 200 6557 "-" "-"
70.42.131.170 - - [15/Jan/2018:08:36:54 +0900] "GET / HTTP/1.1" 200 6557 "http://www.bing.com/search?q=amazon" "Mozilla/4.0 (compatible; MSIE 8.0; Windows NT 6.1; WOW64; Trident/4.0; SLCC2; .NET CLR 2.0.50727; .NET CLR 3.5.30729; .NET CLR 3.0.30729; Media Center PC 6.0; .NET4.0C; .NET4.0E; InfoPath.2)"
66.249.79.136 - - [15/Jan/2018:12:04:05 +0900] "GET /.well-known/apple-app-site-association HTTP/1.1" 404 23 "-" "Mozilla/5.0 (compatible; Googlebot/2.1; +http://www.google.com/bot.html)"
66.249.79.132 - - [15/Jan/2018:12:04:06 +0900] "GET /.well-known/apple-app-site-association HTTP/1.1" 404 23 "-" "Mozilla/5.0 (compatible; Googlebot/2.1; +http://www.google.com/bot.html)"
46.229.164.98 - - [15/Jan/2018:12:26:45 +0900] "GET /robots.txt HTTP/1.1" 404 23 "-" "Mozilla/5.0 (compatible; SemrushBot/1.2~bl; +http://www.semrush.com/bot.html)"
70.42.131.170 - - [15/Jan/2018:14:53:56 +0900] "GET /xxzy HTTP/1.1" 404 23 "http://www.bing.com/search?q=amazon" "Mozilla/4.0 (compatible; MSIE 8.0; Windows NT 6.1; WOW64; Trident/4.0; SLCC2; .NET CLR 2.0.50727; .NET CLR 3.5.30729; .NET CLR 3.0.30729; Media Center PC 6.0; .NET4.0C; .NET4.0E; InfoPath.2)"
66.249.79.132 - - [15/Jan/2018:14:57:08 +0900] "GET /apple-app-site-association HTTP/1.1" 404 23 "-" "Mozilla/5.0 (compatible; Googlebot/2.1; +http://www.google.com/bot.html)"
70.42.131.170 - - [15/Jan/2018:15:07:11 +0900] "GET /security.txt HTTP/1.1" 404 23 "http://www.bing.com/search?q=amazon" "Mozilla/4.0 (compatible; MSIE 8.0; Windows NT 6.1; WOW64; Trident/4.0; SLCC2; .NET CLR 2.0.50727; .NET CLR 3.5.30729; .NET CLR 3.0.30729; Media Center PC 6.0; .NET4.0C; .NET4.0E; InfoPath.2)"
133.13.48.134 - - [15/Jan/2018:15:40:30 +0900] "GET /preview_evaluation/52 HTTP/1.1" 200 10011 "https://webrepo.nal.ie.u-ryukyu.ac.jp/r/input_evaluation/52" "Mozilla/5.0 (Macintosh; Intel Mac OS X 10_13_2) AppleWebKit/537.36 (KHTML, like Gecko) Chrome/63.0.3239.132 Safari/537.36"
133.13.48.134 - - [15/Jan/2018:15:40:30 +0900] "GET /s/image/favicon.png HTTP/1.1" 200 175287 "https://webrepo.nal.ie.u-ryukyu.ac.jp/preview_evaluation/52" "Mozilla/5.0 (Macintosh; Intel Mac OS X 10_13_2) AppleWebKit/537.36 (KHTML, like Gecko) Chrome/63.0.3239.132 Safari/537.36"
139.162.113.204 - - [15/Jan/2018:16:09:58 +0900] "GET / HTTP/1.1" 200 6551 "-" "Mozilla/5.0 (Windows NT 10.0; WOW64) AppleWebKit/537.36 (KHTML, like Gecko) Chrome/50.0.2661.102 Safari/537.36"
199.59.150.180 - - [15/Jan/2018:16:28:53 +0900] "GET /robots.txt HTTP/1.1" 404 23 "-" "Twitterbot/1.0"
199.59.150.180 - - [15/Jan/2018:16:28:53 +0900] "GET / HTTP/1.1" 200 6557 "-" "Twitterbot/1.0"
133.13.48.134 - - [15/Jan/2018:16:42:51 +0900] "GET /preview_evaluation/52 HTTP/1.1" 200 10011 "https://webrepo.nal.ie.u-ryukyu.ac.jp/r/input_evaluation/52" "Mozilla/5.0 (Macintosh; Intel Mac OS X 10_13_2) AppleWebKit/537.36 (KHTML, like Gecko) Chrome/63.0.3239.132 Safari/537.36"
133.13.48.134 - - [15/Jan/2018:16:42:52 +0900] "GET /s/image/favicon.png HTTP/1.1" 200 175287 "https://webrepo.nal.ie.u-ryukyu.ac.jp/preview_evaluation/52" "Mozilla/5.0 (Macintosh; Intel Mac OS X 10_13_2) AppleWebKit/537.36 (KHTML, like Gecko) Chrome/63.0.3239.132 Safari/537.36"
70.42.131.170 - - [15/Jan/2018:16:42:59 +0900] "GET / HTTP/1.1" 200 6551 "http://www.bing.com/search?q=amazon" "Mozilla/4.0 (compatible; MSIE 8.0; Windows NT 6.1; WOW64; Trident/4.0; SLCC2; .NET CLR 2.0.50727; .NET CLR 3.5.30729; .NET CLR 3.0.30729; Media Center PC 6.0; .NET4.0C; .NET4.0E; InfoPath.2)"
133.13.48.134 - - [15/Jan/2018:16:54:49 +0900] "GET /preview_evaluation/52 HTTP/1.1" 200 10577 "https://webrepo.nal.ie.u-ryukyu.ac.jp/r/input_evaluation/52" "Mozilla/5.0 (Macintosh; Intel Mac OS X 10_13_2) AppleWebKit/537.36 (KHTML, like Gecko) Chrome/63.0.3239.132 Safari/537.36"
133.13.48.134 - - [15/Jan/2018:16:54:50 +0900] "GET /s/image/favicon.png HTTP/1.1" 200 175287 "https://webrepo.nal.ie.u-ryukyu.ac.jp/preview_evaluation/52" "Mozilla/5.0 (Macintosh; Intel Mac OS X 10_13_2) AppleWebKit/537.36 (KHTML, like Gecko) Chrome/63.0.3239.132 Safari/537.36"
133.13.48.134 - - [15/Jan/2018:16:57:00 +0900] "GET /preview_evaluation/52 HTTP/1.1" 200 10578 "https://webrepo.nal.ie.u-ryukyu.ac.jp/r/input_evaluation/52" "Mozilla/5.0 (Macintosh; Intel Mac OS X 10_13_2) AppleWebKit/537.36 (KHTML, like Gecko) Chrome/63.0.3239.132 Safari/537.36"
133.13.48.134 - - [15/Jan/2018:16:57:00 +0900] "GET /s/image/favicon.png HTTP/1.1" 200 175287 "https://webrepo.nal.ie.u-ryukyu.ac.jp/preview_evaluation/52" "Mozilla/5.0 (Macintosh; Intel Mac OS X 10_13_2) AppleWebKit/537.36 (KHTML, like Gecko) Chrome/63.0.3239.132 Safari/537.36"
66.249.79.134 - - [15/Jan/2018:17:50:43 +0900] "GET /robots.txt HTTP/1.1" 404 23 "-" "Mozilla/5.0 (compatible; Googlebot/2.1; +http://www.google.com/bot.html)"
66.249.79.136 - - [15/Jan/2018:17:50:43 +0900] "GET / HTTP/1.1" 200 6557 "-" "Mozilla/5.0 (Linux; Android 6.0.1; Nexus 5X Build/MMB29P) AppleWebKit/537.36 (KHTML, like Gecko) Chrome/41.0.2272.96 Mobile Safari/537.36 (compatible; Googlebot/2.1; +http://www.google.com/bot.html)"
207.46.13.170 - - [15/Jan/2018:18:21:42 +0900] "GET / HTTP/1.1" 200 6557 "-" "Mozilla/5.0 (compatible; bingbot/2.0; +http://www.bing.com/bingbot.htm)"
66.249.79.136 - - [15/Jan/2018:21:05:44 +0900] "GET / HTTP/1.1" 200 6551 "-" "Mozilla/5.0 (compatible; Googlebot/2.1; +http://www.google.com/bot.html)"
198.143.158.82 - - [15/Jan/2018:21:35:47 +0900] "GET / HTTP/1.1" 200 6557 "-" "Mozilla/5.0 zgrab/0.x"
223.105.4.250 - - [15/Jan/2018:21:36:24 +0900] "GET http://114.215.207.183:83/index.php HTTP/1.1" 400 666 "-" "Mozilla/5.0 (Windows NT 6.1; WOW64) AppleWebKit/537.36 (KHTML, like Gecko) Chrome/47.0.2526.80 Safari/537.36"
66.249.79.136 - - [15/Jan/2018:22:07:06 +0900] "GET / HTTP/1.1" 200 6551 "-" "Mozilla/5.0 (Linux; Android 6.0.1; Nexus 5X Build/MMB29P) AppleWebKit/537.36 (KHTML, like Gecko) Chrome/41.0.2272.96 Mobile Safari/537.36 (compatible; Googlebot/2.1; +http://www.google.com/bot.html)"
108.178.61.58 - - [15/Jan/2018:22:30:49 +0900] "GET / HTTP/1.1" 200 6557 "-" "Mozilla/5.0 zgrab/0.x"
184.105.139.70 - - [15/Jan/2018:23:15:45 +0900] "GET / HTTP/1.1" 200 6557 "-" "-"
184.154.189.90 - - [15/Jan/2018:23:37:38 +0900] "GET / HTTP/1.1" 200 6557 "-" "Mozilla/5.0 zgrab/0.x"
180.32.5.94 - - [15/Jan/2018:23:50:34 +0900] "GET /r/register_page HTTP/1.1" 200 5754 "https://webrepo.nal.ie.u-ryukyu.ac.jp/r/mypage" "Mozilla/5.0 (Windows NT 10.0; Win64; x64) AppleWebKit/537.36 (KHTML, like Gecko) Chrome/63.0.3239.132 Safari/537.36"
180.32.5.94 - - [15/Jan/2018:23:52:26 +0900] "POST /r/register_page HTTP/1.1" 303 0 "https://webrepo.nal.ie.u-ryukyu.ac.jp/r/register_page" "Mozilla/5.0 (Windows NT 10.0; Win64; x64) AppleWebKit/537.36 (KHTML, like Gecko) Chrome/63.0.3239.132 Safari/537.36"
180.32.5.94 - - [15/Jan/2018:23:52:26 +0900] "GET /r/input_evaluation/55 HTTP/1.1" 200 11133 "https://webrepo.nal.ie.u-ryukyu.ac.jp/r/register_page" "Mozilla/5.0 (Windows NT 10.0; Win64; x64) AppleWebKit/537.36 (KHTML, like Gecko) Chrome/63.0.3239.132 Safari/537.36"
180.32.5.94 - - [16/Jan/2018:00:01:18 +0900] "POST /r/input_evaluation/55 HTTP/1.1" 303 0 "https://webrepo.nal.ie.u-ryukyu.ac.jp/r/input_evaluation/55" "Mozilla/5.0 (Windows NT 10.0; Win64; x64) AppleWebKit/537.36 (KHTML, like Gecko) Chrome/63.0.3239.132 Safari/537.36"
180.32.5.94 - - [16/Jan/2018:00:01:19 +0900] "GET /preview_evaluation/55 HTTP/1.1" 200 10871 "https://webrepo.nal.ie.u-ryukyu.ac.jp/r/input_evaluation/55" "Mozilla/5.0 (Windows NT 10.0; Win64; x64) AppleWebKit/537.36 (KHTML, like Gecko) Chrome/63.0.3239.132 Safari/537.36"
180.32.5.94 - - [16/Jan/2018:00:01:21 +0900] "GET /r/edit_page_cate/55 HTTP/1.1" 200 5586 "https://webrepo.nal.ie.u-ryukyu.ac.jp/preview_evaluation/55" "Mozilla/5.0 (Windows NT 10.0; Win64; x64) AppleWebKit/537.36 (KHTML, like Gecko) Chrome/63.0.3239.132 Safari/537.36"
180.32.5.94 - - [16/Jan/2018:00:01:27 +0900] "POST /r/edit_page_cate/55 HTTP/1.1" 303 0 "https://webrepo.nal.ie.u-ryukyu.ac.jp/r/edit_page_cate/55" "Mozilla/5.0 (Windows NT 10.0; Win64; x64) AppleWebKit/537.36 (KHTML, like Gecko) Chrome/63.0.3239.132 Safari/537.36"
180.32.5.94 - - [16/Jan/2018:00:01:27 +0900] "GET /preview_evaluation/55 HTTP/1.1" 200 10891 "https://webrepo.nal.ie.u-ryukyu.ac.jp/r/edit_page_cate/55" "Mozilla/5.0 (Windows NT 10.0; Win64; x64) AppleWebKit/537.36 (KHTML, like Gecko) Chrome/63.0.3239.132 Safari/537.36"
199.59.150.182 - - [16/Jan/2018:00:02:30 +0900] "GET /robots.txt HTTP/1.1" 404 23 "-" "Twitterbot/1.0"
199.59.150.182 - - [16/Jan/2018:00:02:31 +0900] "GET /preview_evaluation/55 HTTP/1.1" 200 10891 "-" "Twitterbot/1.0"
144.76.14.45 - - [16/Jan/2018:00:02:51 +0900] "GET /robots.txt HTTP/1.1" 404 23 "-" "Mozilla/5.0 (Windows; U; Windows NT 5.1; es-ES; rv:1.8.1.14) Gecko/20080404 Firefox/2.0.0.13"
144.76.14.45 - - [16/Jan/2018:00:02:53 +0900] "GET /preview_evaluation/55 HTTP/1.1" 200 10891 "-" "Mozilla/5.0 (Windows; U; Windows NT 5.1; es-ES; rv:1.8.1.14) Gecko/20080404 Firefox/2.0.0.13"
88.99.29.5 - - [16/Jan/2018:00:03:12 +0900] "HEAD /preview_evaluation/55 HTTP/1.1" 405 0 "-" "MetaURI API/2.0 +metauri.com"
88.99.29.5 - - [16/Jan/2018:00:03:18 +0900] "GET /preview_evaluation/55 HTTP/1.1" 200 10891 "-" "MetaURI API/2.0 +metauri.com"
180.32.5.94 - - [16/Jan/2018:00:04:14 +0900] "GET /preview_evaluation/55 HTTP/1.1" 200 10891 "https://t.co/6FDIwRApRM" "Mozilla/5.0 (Windows NT 10.0; Win64; x64; rv:57.0) Gecko/20100101 Firefox/57.0"
180.32.5.94 - - [16/Jan/2018:00:04:14 +0900] "GET /s/image/favicon.png HTTP/1.1" 200 175287 "-" "Mozilla/5.0 (Windows NT 10.0; Win64; x64; rv:57.0) Gecko/20100101 Firefox/57.0"
34.253.158.166 - - [16/Jan/2018:00:10:32 +0900] "GET /preview_evaluation/55 HTTP/1.1" 200 10891 "-" "Mozilla/5.0 (Macintosh; Intel Mac OS X 10_11_3) AppleWebKit/537.36 (KHTML, like Gecko) Chrome/47.0.2526.111 Safari/537.36"
37.187.162.185 - - [16/Jan/2018:00:14:28 +0900] "GET /preview_evaluation/55 HTTP/1.1" 200 10891 "-" "Mozilla/5.0 (compatible; PaperLiBot/2.1; http://support.paper.li/entries/20023257-what-is-paper-li)"
70.42.131.170 - - [16/Jan/2018:00:25:13 +0900] "GET / HTTP/1.1" 200 6557 "http://www.bing.com/search?q=amazon" "Mozilla/4.0 (compatible; MSIE 8.0; Windows NT 6.1; WOW64; Trident/4.0; SLCC2; .NET CLR 2.0.50727; .NET CLR 3.5.30729; .NET CLR 3.0.30729; Media Center PC 6.0; .NET4.0C; .NET4.0E; InfoPath.2)"
70.42.131.170 - - [16/Jan/2018:01:38:47 +0900] "GET /phpmyadmin/index.php HTTP/1.1" 404 23 "http://www.bing.com/search?q=amazon" "Mozilla/4.0 (compatible; MSIE 8.0; Windows NT 6.1; WOW64; Trident/4.0; SLCC2; .NET CLR 2.0.50727; .NET CLR 3.5.30729; .NET CLR 3.0.30729; Media Center PC 6.0; .NET4.0C; .NET4.0E; InfoPath.2)"
70.42.131.170 - - [16/Jan/2018:01:50:10 +0900] "GET /xxzy HTTP/1.1" 404 23 "http://www.bing.com/search?q=amazon" "Mozilla/4.0 (compatible; MSIE 8.0; Windows NT 6.1; WOW64; Trident/4.0; SLCC2; .NET CLR 2.0.50727; .NET CLR 3.5.30729; .NET CLR 3.0.30729; Media Center PC 6.0; .NET4.0C; .NET4.0E; InfoPath.2)"
70.42.131.170 - - [16/Jan/2018:02:38:13 +0900] "GET /muieblackcat HTTP/1.1" 404 23 "http://www.bing.com/search?q=amazon" "Mozilla/4.0 (compatible; MSIE 8.0; Windows NT 6.1; WOW64; Trident/4.0; SLCC2; .NET CLR 2.0.50727; .NET CLR 3.5.30729; .NET CLR 3.0.30729; Media Center PC 6.0; .NET4.0C; .NET4.0E; InfoPath.2)"
70.42.131.170 - - [16/Jan/2018:02:41:21 +0900] "GET /.ftpconfig HTTP/1.1" 404 23 "http://www.bing.com/search?q=amazon" "Mozilla/4.0 (compatible; MSIE 8.0; Windows NT 6.1; WOW64; Trident/4.0; SLCC2; .NET CLR 2.0.50727; .NET CLR 3.5.30729; .NET CLR 3.0.30729; Media Center PC 6.0; .NET4.0C; .NET4.0E; InfoPath.2)"
212.129.39.185 - - [16/Jan/2018:03:12:12 +0900] "GET /a2billing/common/javascript/misc.js HTTP/1.1" 404 23 "-" "python-requests/2.18.4"
70.42.131.170 - - [16/Jan/2018:03:17:20 +0900] "GET /invoker/jmxinvokerservlet HTTP/1.1" 404 23 "http://www.bing.com/search?q=amazon" "Mozilla/4.0 (compatible; MSIE 8.0; Windows NT 6.1; WOW64; Trident/4.0; SLCC2; .NET CLR 2.0.50727; .NET CLR 3.5.30729; .NET CLR 3.0.30729; Media Center PC 6.0; .NET4.0C; .NET4.0E; InfoPath.2)"
70.42.131.170 - - [16/Jan/2018:03:45:51 +0900] "GET /muieblackcat HTTP/1.1" 404 23 "http://www.bing.com/search?q=amazon" "Mozilla/4.0 (compatible; MSIE 8.0; Windows NT 6.1; WOW64; Trident/4.0; SLCC2; .NET CLR 2.0.50727; .NET CLR 3.5.30729; .NET CLR 3.0.30729; Media Center PC 6.0; .NET4.0C; .NET4.0E; InfoPath.2)"
64.74.215.150 - - [16/Jan/2018:03:48:58 +0900] "GET /cgi/common.cgi HTTP/1.1" 404 23 "-" "Mozilla/5.0 (Windows NT 6.1) AppleWebKit/537.36 (KHTML, like Gecko) Chrome/56.0.2924.76 Safari/537.36"
70.42.131.170 - - [16/Jan/2018:04:31:16 +0900] "GET / HTTP/1.1" 200 6557 "http://www.bing.com/search?q=amazon" "Mozilla/4.0 (compatible; MSIE 8.0; Windows NT 6.1; WOW64; Trident/4.0; SLCC2; .NET CLR 2.0.50727; .NET CLR 3.5.30729; .NET CLR 3.0.30729; Media Center PC 6.0; .NET4.0C; .NET4.0E; InfoPath.2)"
70.42.131.170 - - [16/Jan/2018:05:44:25 +0900] "GET /phpmyadmin/index.php HTTP/1.1" 404 23 "http://www.bing.com/search?q=amazon" "Mozilla/4.0 (compatible; MSIE 8.0; Windows NT 6.1; WOW64; Trident/4.0; SLCC2; .NET CLR 2.0.50727; .NET CLR 3.5.30729; .NET CLR 3.0.30729; Media Center PC 6.0; .NET4.0C; .NET4.0E; InfoPath.2)"
70.42.131.170 - - [16/Jan/2018:06:01:51 +0900] "GET /security.txt HTTP/1.1" 404 23 "http://www.bing.com/search?q=amazon" "Mozilla/4.0 (compatible; MSIE 8.0; Windows NT 6.1; WOW64; Trident/4.0; SLCC2; .NET CLR 2.0.50727; .NET CLR 3.5.30729; .NET CLR 3.0.30729; Media Center PC 6.0; .NET4.0C; .NET4.0E; InfoPath.2)"
70.42.131.170 - - [16/Jan/2018:06:15:41 +0900] "GET /wwwroot.zip HTTP/1.1" 404 23 "http://www.bing.com/search?q=amazon" "Mozilla/4.0 (compatible; MSIE 8.0; Windows NT 6.1; WOW64; Trident/4.0; SLCC2; .NET CLR 2.0.50727; .NET CLR 3.5.30729; .NET CLR 3.0.30729; Media Center PC 6.0; .NET4.0C; .NET4.0E; InfoPath.2)"
207.46.13.34 - - [16/Jan/2018:07:26:26 +0900] "GET / HTTP/1.1" 200 6551 "-" "Mozilla/5.0 (compatible; bingbot/2.0; +http://www.bing.com/bingbot.htm)"
70.42.131.170 - - [16/Jan/2018:07:27:08 +0900] "GET /invoker/jmxinvokerservlet HTTP/1.1" 404 23 "http://www.bing.com/search?q=amazon" "Mozilla/4.0 (compatible; MSIE 8.0; Windows NT 6.1; WOW64; Trident/4.0; SLCC2; .NET CLR 2.0.50727; .NET CLR 3.5.30729; .NET CLR 3.0.30729; Media Center PC 6.0; .NET4.0C; .NET4.0E; InfoPath.2)"
219.116.241.223 - - [16/Jan/2018:08:56:47 +0900] "GET / HTTP/1.1" 200 6557 "-" "Mozilla/5.0"
69.175.97.170 - - [16/Jan/2018:10:14:27 +0900] "GET / HTTP/1.1" 200 6557 "-" "Mozilla/5.0 zgrab/0.x"
46.229.164.98 - - [16/Jan/2018:10:21:28 +0900] "GET /robots.txt HTTP/1.1" 404 23 "-" "Mozilla/5.0 (compatible; SemrushBot/1.2~bl; +http://www.semrush.com/bot.html)"
157.55.39.201 - - [16/Jan/2018:10:25:04 +0900] "GET /preview_evaluation/52 HTTP/1.1" 200 10585 "-" "Mozilla/5.0 (compatible; bingbot/2.0; +http://www.bing.com/bingbot.htm)"
207.46.13.204 - - [16/Jan/2018:10:45:02 +0900] "GET /robots.txt HTTP/1.1" 404 23 "-" "Mozilla/5.0 (compatible; bingbot/2.0; +http://www.bing.com/bingbot.htm)"
34.214.149.245 - - [16/Jan/2018:11:55:11 +0900] "GET / HTTP/1.1" 200 6557 "-" "Mozilla/5.0 (Macintosh; Intel Mac OS X 10_11_5) AppleWebKit/537.36 (KHTML, like Gecko) Chrome/50.0.2661.102 Safari/537.36"
212.129.39.185 - - [16/Jan/2018:19:19:33 +0900] "GET /a2billing/common/javascript/misc.js HTTP/1.1" 404 23 "-" "python-requests/2.18.4"
157.55.39.2 - - [16/Jan/2018:20:27:56 +0900] "GET /robots.txt HTTP/1.1" 404 23 "-" "Mozilla/5.0 (compatible; bingbot/2.0; +http://www.bing.com/bingbot.htm)"
157.55.39.43 - - [16/Jan/2018:20:27:58 +0900] "GET / HTTP/1.1" 200 6557 "-" "Mozilla/5.0 (compatible; bingbot/2.0; +http://www.bing.com/bingbot.htm)"
184.105.139.69 - - [16/Jan/2018:21:51:42 +0900] "GET / HTTP/1.1" 200 6557 "-" "-"
108.178.61.58 - - [16/Jan/2018:22:07:07 +0900] "GET / HTTP/1.1" 200 6551 "-" "Mozilla/5.0 zgrab/0.x"
184.154.189.90 - - [16/Jan/2018:22:32:25 +0900] "GET / HTTP/1.1" 200 6557 "-" "Mozilla/5.0 zgrab/0.x"
5.8.10.202 - - [16/Jan/2018:23:01:52 +0900] "GET / HTTP/1.1" 400 166 "-" "-"
157.55.39.43 - - [17/Jan/2018:00:50:27 +0900] "GET / HTTP/1.1" 200 6557 "-" "Mozilla/5.0 (iPhone; CPU iPhone OS 7_0 like Mac OS X) AppleWebKit/537.51.1 (KHTML, like Gecko) Version/7.0 Mobile/11A465 Safari/9537.53 (compatible; bingbot/2.0; +http://www.bing.com/bingbot.htm)"
157.55.39.43 - - [17/Jan/2018:00:50:32 +0900] "GET /robots.txt HTTP/1.1" 404 23 "-" "Mozilla/5.0 (compatible; bingbot/2.0; +http://www.bing.com/bingbot.htm)"
141.212.122.144 - - [17/Jan/2018:01:03:52 +0900] "GET / HTTP/1.1" 200 6557 "http://133.13.50.82:80/" "Mozilla/5.0 zgrab/0.x"
180.32.5.94 - - [17/Jan/2018:02:00:56 +0900] "GET / HTTP/1.1" 200 6551 "-" "Mozilla/5.0 (Windows NT 10.0; Win64; x64) AppleWebKit/537.36 (KHTML, like Gecko) Chrome/63.0.3239.132 Safari/537.36"
180.32.5.94 - - [17/Jan/2018:02:00:57 +0900] "GET /r/register_page HTTP/1.1" 200 5754 "https://webrepo.nal.ie.u-ryukyu.ac.jp/" "Mozilla/5.0 (Windows NT 10.0; Win64; x64) AppleWebKit/537.36 (KHTML, like Gecko) Chrome/63.0.3239.132 Safari/537.36"
180.32.5.94 - - [17/Jan/2018:02:01:07 +0900] "POST /r/register_page HTTP/1.1" 303 0 "https://webrepo.nal.ie.u-ryukyu.ac.jp/r/register_page" "Mozilla/5.0 (Windows NT 10.0; Win64; x64) AppleWebKit/537.36 (KHTML, like Gecko) Chrome/63.0.3239.132 Safari/537.36"
180.32.5.94 - - [17/Jan/2018:02:01:07 +0900] "GET /preview_evaluation/7 HTTP/1.1" 200 10316 "https://webrepo.nal.ie.u-ryukyu.ac.jp/r/register_page" "Mozilla/5.0 (Windows NT 10.0; Win64; x64) AppleWebKit/537.36 (KHTML, like Gecko) Chrome/63.0.3239.132 Safari/537.36"
180.32.5.94 - - [17/Jan/2018:02:02:49 +0900] "GET /r/input_evaluation/7 HTTP/1.1" 200 11133 "https://webrepo.nal.ie.u-ryukyu.ac.jp/preview_evaluation/7" "Mozilla/5.0 (Windows NT 10.0; Win64; x64) AppleWebKit/537.36 (KHTML, like Gecko) Chrome/63.0.3239.132 Safari/537.36"
180.32.5.94 - - [17/Jan/2018:02:05:10 +0900] "GET / HTTP/1.1" 200 6551 "https://webrepo.nal.ie.u-ryukyu.ac.jp/r/input_evaluation/7" "Mozilla/5.0 (Windows NT 10.0; Win64; x64) AppleWebKit/537.36 (KHTML, like Gecko) Chrome/63.0.3239.132 Safari/537.36"
180.32.5.94 - - [17/Jan/2018:02:05:13 +0900] "GET /page_list?genre=*&media=%E6%96%87%E7%AB%A0 HTTP/1.1" 200 31834 "https://webrepo.nal.ie.u-ryukyu.ac.jp/" "Mozilla/5.0 (Windows NT 10.0; Win64; x64) AppleWebKit/537.36 (KHTML, like Gecko) Chrome/63.0.3239.132 Safari/537.36"
180.32.5.94 - - [17/Jan/2018:02:06:32 +0900] "GET / HTTP/1.1" 200 6557 "https://webrepo.nal.ie.u-ryukyu.ac.jp/r/input_evaluation/7" "Mozilla/5.0 (Windows NT 10.0; Win64; x64) AppleWebKit/537.36 (KHTML, like Gecko) Chrome/63.0.3239.132 Safari/537.36"
180.32.5.94 - - [17/Jan/2018:02:06:36 +0900] "GET /search?q=%E9%AB%98%E9%80%9F%E3%81%A7%E8%AB%96%E6%96%87%E3%81%8C%E3%83%90%E3%83%AA%E3%83%90%E3%83%AA%E8%AA%AD%E3%82%81%E3%82%8B%E8%90%BD%E5%90%88%E5%85%88%E7%94%9F%E3%81%AE%E3%83%95%E3%82%A9%E3%83%BC%E3%83%9E%E3%83%83%E3%83%88%E3%81%8C%E3%81%84%E3%81%84%E6%84%9F%E3%81%98%E3%81%A0%E3%81%A3%E3%81%9F%E3%81%AE%E3%81%A7%E3%83%A1%E3%83%A2 HTTP/1.1" 303 0 "https://webrepo.nal.ie.u-ryukyu.ac.jp/" "Mozilla/5.0 (Windows NT 10.0; Win64; x64) AppleWebKit/537.36 (KHTML, like Gecko) Chrome/63.0.3239.132 Safari/537.36"
66.102.6.15 - - [17/Jan/2018:02:09:16 +0900] "GET / HTTP/1.1" 200 6557 "http://www.google.com/search" "Mozilla/5.0 (X11; Linux x86_64) AppleWebKit/537.36 (KHTML, like Gecko; Google Web Preview) Chrome/41.0.2272.118 Safari/537.36"
66.102.6.17 - - [17/Jan/2018:02:09:17 +0900] "GET / HTTP/1.1" 200 6557 "-" "Mozilla/5.0 (X11; Linux x86_64) AppleWebKit/537.36 (KHTML, like Gecko) Chrome/49.0.2623.75 Safari/537.36 Google Favicon"
66.102.6.17 - - [17/Jan/2018:02:09:18 +0900] "GET /s/image/favicon.png HTTP/1.1" 200 175287 "-" "Mozilla/5.0 (X11; Linux x86_64) AppleWebKit/537.36 (KHTML, like Gecko) Chrome/49.0.2623.75 Safari/537.36 Google Favicon"
66.249.69.206 - - [17/Jan/2018:02:09:52 +0900] "GET /robots.txt HTTP/1.1" 404 23 "-" "Mozilla/5.0 (compatible; Googlebot/2.1; +http://www.google.com/bot.html)"
66.249.69.208 - - [17/Jan/2018:02:09:52 +0900] "GET /https://webrepo.nal.ie.u-ryukyu.ac.jp/page_list?genre=*&media=%E6%96%87%E7%AB%A0 HTTP/1.1" 404 23 "-" "Mozilla/5.0 (compatible; Googlebot/2.1; +http://www.google.com/bot.html)"
66.249.69.208 - - [17/Jan/2018:02:10:09 +0900] "GET /page_list?genre=*&media=%E6%96%87%E7%AB%A0 HTTP/1.1" 200 31834 "-" "Mozilla/5.0 (compatible; Googlebot/2.1; +http://www.google.com/bot.html)"
66.249.69.204 - - [17/Jan/2018:02:10:17 +0900] "GET /page_list?genre=*&media=%E6%96%87%E7%AB%A0 HTTP/1.1" 200 31803 "-" "Mozilla/5.0 (compatible; Googlebot/2.1; +http://www.google.com/bot.html)"
66.249.69.206 - - [17/Jan/2018:02:10:20 +0900] "GET /s/image/favicon.png HTTP/1.1" 200 175287 "-" "Googlebot-Image/1.0"
66.249.69.204 - - [17/Jan/2018:02:10:22 +0900] "GET /page_list?genre=*&media=%E6%96%87%E7%AB%A0 HTTP/1.1" 200 31834 "-" "Mozilla/5.0 (Linux; Android 6.0.1; Nexus 5X Build/MMB29P) AppleWebKit/537.36 (KHTML, like Gecko) Chrome/41.0.2272.96 Mobile Safari/537.36 (compatible; Googlebot/2.1; +http://www.google.com/bot.html)"
180.32.5.94 - - [17/Jan/2018:02:12:05 +0900] "GET /page_list?genre=*&media=%E9%81%B8%E6%8A%9E%E3%81%97%E3%81%A6%E4%B8%8B%E3%81%95%E3%81%84 HTTP/1.1" 200 13749 "https://webrepo.nal.ie.u-ryukyu.ac.jp/page_list?genre=*&media=%E6%96%87%E7%AB%A0" "Mozilla/5.0 (Windows NT 10.0; Win64; x64) AppleWebKit/537.36 (KHTML, like Gecko) Chrome/63.0.3239.132 Safari/537.36"
180.32.5.94 - - [17/Jan/2018:02:12:14 +0900] "GET /page_list?genre=*&media=%E3%81%9D%E3%81%AE%E4%BB%96 HTTP/1.1" 200 13513 "https://webrepo.nal.ie.u-ryukyu.ac.jp/page_list?genre=*&media=%E9%81%B8%E6%8A%9E%E3%81%97%E3%81%A6%E4%B8%8B%E3%81%95%E3%81%84" "Mozilla/5.0 (Windows NT 10.0; Win64; x64) AppleWebKit/537.36 (KHTML, like Gecko) Chrome/63.0.3239.132 Safari/537.36"
66.249.69.206 - - [17/Jan/2018:02:12:25 +0900] "GET / HTTP/1.1" 200 6557 "-" "Mozilla/5.0 (compatible; Googlebot/2.1; +http://www.google.com/bot.html)"
180.32.5.94 - - [17/Jan/2018:02:12:38 +0900] "GET /preview_evaluation/7 HTTP/1.1" 200 10316 "https://webrepo.nal.ie.u-ryukyu.ac.jp/page_list?genre=*&media=%E3%81%9D%E3%81%AE%E4%BB%96" "Mozilla/5.0 (Windows NT 10.0; Win64; x64) AppleWebKit/537.36 (KHTML, like Gecko) Chrome/63.0.3239.132 Safari/537.36"
66.249.69.208 - - [17/Jan/2018:02:18:11 +0900] "GET /preview_evaluation/52 HTTP/1.1" 200 10578 "-" "Mozilla/5.0 (compatible; Googlebot/2.1; +http://www.google.com/bot.html)"
66.249.69.206 - - [17/Jan/2018:02:18:16 +0900] "GET /preview_evaluation/52 HTTP/1.1" 200 10585 "-" "Mozilla/5.0 (Linux; Android 6.0.1; Nexus 5X Build/MMB29P) AppleWebKit/537.36 (KHTML, like Gecko) Chrome/41.0.2272.96 Mobile Safari/537.36 (compatible; Googlebot/2.1; +http://www.google.com/bot.html)"
180.32.5.94 - - [17/Jan/2018:02:20:44 +0900] "POST /r/input_evaluation/7 HTTP/1.1" 303 0 "https://webrepo.nal.ie.u-ryukyu.ac.jp/r/input_evaluation/7" "Mozilla/5.0 (Windows NT 10.0; Win64; x64) AppleWebKit/537.36 (KHTML, like Gecko) Chrome/63.0.3239.132 Safari/537.36"
180.32.5.94 - - [17/Jan/2018:02:20:44 +0900] "GET /preview_evaluation/7 HTTP/1.1" 200 12657 "https://webrepo.nal.ie.u-ryukyu.ac.jp/r/input_evaluation/7" "Mozilla/5.0 (Windows NT 10.0; Win64; x64) AppleWebKit/537.36 (KHTML, like Gecko) Chrome/63.0.3239.132 Safari/537.36"
180.32.5.94 - - [17/Jan/2018:02:21:42 +0900] "GET /preview_evaluation/7 HTTP/1.1" 200 12642 "-" "Mozilla/5.0 (Windows NT 10.0; Win64; x64; rv:57.0) Gecko/20100101 Firefox/57.0"
199.59.150.181 - - [17/Jan/2018:02:22:03 +0900] "GET /robots.txt HTTP/1.1" 404 23 "-" "Twitterbot/1.0"
199.59.150.181 - - [17/Jan/2018:02:22:03 +0900] "GET /preview_evaluation/7 HTTP/1.1" 200 12657 "-" "Twitterbot/1.0"
17.142.157.27 - - [17/Jan/2018:02:22:03 +0900] "GET /robots.txt HTTP/1.1" 404 23 "-" "Mozilla/5.0 (Macintosh; Intel Mac OS X 10_10_1) AppleWebKit/600.2.5 (KHTML, like Gecko) Version/8.0.2 Safari/600.2.5 (Applebot/0.1; +http://www.apple.com/go/applebot)"
17.142.157.27 - - [17/Jan/2018:02:22:03 +0900] "GET /preview_evaluation/7 HTTP/1.1" 200 12642 "-" "Mozilla/5.0 (Macintosh; Intel Mac OS X 10_10_1) AppleWebKit/600.2.5 (KHTML, like Gecko) Version/8.0.2 Safari/600.2.5 (Applebot/0.1; +http://www.apple.com/go/applebot)"
17.142.154.157 - - [17/Jan/2018:02:22:04 +0900] "GET /robots.txt HTTP/1.1" 404 23 "-" "Mozilla/5.0 (Macintosh; Intel Mac OS X 10_10_1) AppleWebKit/600.2.5 (KHTML, like Gecko) Version/8.0.2 Safari/600.2.5 (Applebot/0.1; +http://www.apple.com/go/applebot)"
17.142.154.157 - - [17/Jan/2018:02:22:04 +0900] "GET /preview_evaluation/7 HTTP/1.1" 200 12657 "-" "Mozilla/5.0 (Macintosh; Intel Mac OS X 10_10_1) AppleWebKit/600.2.5 (KHTML, like Gecko) Version/8.0.2 Safari/600.2.5 (Applebot/0.1; +http://www.apple.com/go/applebot)"
199.59.150.182 - - [17/Jan/2018:02:22:07 +0900] "GET /robots.txt HTTP/1.1" 404 23 "-" "Twitterbot/1.0"
199.59.150.182 - - [17/Jan/2018:02:22:08 +0900] "GET /preview_evaluation/7 HTTP/1.1" 200 12657 "-" "Twitterbot/1.0"
199.59.150.180 - - [17/Jan/2018:02:22:08 +0900] "GET /preview_evaluation/7 HTTP/1.1" 200 12657 "-" "Twitterbot/1.0"
94.130.15.91 - - [17/Jan/2018:02:22:15 +0900] "HEAD /preview_evaluation/7 HTTP/1.1" 405 0 "-" "MetaURI API/2.0 +metauri.com"
94.130.15.91 - - [17/Jan/2018:02:22:16 +0900] "GET /preview_evaluation/7 HTTP/1.1" 200 12642 "-" "MetaURI API/2.0 +metauri.com"
142.44.215.7 - - [17/Jan/2018:02:22:20 +0900] "GET /preview_evaluation/7 HTTP/1.1" 200 12657 "-" "Mozilla/5.0 (Macintosh; Intel Mac OS X 10_12_4) AppleWebKit/537.36 (KHTML, like Gecko) Chrome/57.0.2987.133 Safari/537.36"
54.36.150.2 - - [17/Jan/2018:02:23:19 +0900] "GET /robots.txt HTTP/1.1" 404 23 "-" "Mozilla/5.0 (compatible; AhrefsBot/5.2; +http://ahrefs.com/robot/)"
54.36.149.205 - - [17/Jan/2018:02:23:20 +0900] "GET /preview_evaluation/7 HTTP/1.1" 200 12657 "-" "Mozilla/5.0 (compatible; AhrefsBot/5.2; News; +http://ahrefs.com/robot/)"
66.249.69.204 - - [17/Jan/2018:02:23:56 +0900] "GET /preview_evaluation/55 HTTP/1.1" 200 10891 "-" "Mozilla/5.0 (compatible; Googlebot/2.1; +http://www.google.com/bot.html)"
66.249.69.204 - - [17/Jan/2018:02:24:02 +0900] "GET /preview_evaluation/55 HTTP/1.1" 200 10891 "-" "Mozilla/5.0 (Linux; Android 6.0.1; Nexus 5X Build/MMB29P) AppleWebKit/537.36 (KHTML, like Gecko) Chrome/41.0.2272.96 Mobile Safari/537.36 (compatible; Googlebot/2.1; +http://www.google.com/bot.html)"
144.76.23.232 - - [17/Jan/2018:02:28:37 +0900] "GET /robots.txt HTTP/1.1" 404 23 "-" "Mozilla/5.0 (X11; U; Linux i686; de; rv:1.8.1.22pre) Gecko/20090327 Ubuntu/7.10 (gutsy) Firefox/2.0.0.22pre"
144.76.23.232 - - [17/Jan/2018:02:28:38 +0900] "GET /preview_evaluation/7 HTTP/1.1" 200 12657 "-" "Mozilla/5.0 (X11; U; Linux i686; de; rv:1.8.1.22pre) Gecko/20090327 Ubuntu/7.10 (gutsy) Firefox/2.0.0.22pre"
66.249.69.204 - - [17/Jan/2018:02:29:41 +0900] "GET /preview_evaluation/50 HTTP/1.1" 200 10395 "-" "Mozilla/5.0 (compatible; Googlebot/2.1; +http://www.google.com/bot.html)"
66.249.69.204 - - [17/Jan/2018:02:29:47 +0900] "GET /preview_evaluation/50 HTTP/1.1" 200 10388 "-" "Mozilla/5.0 (Linux; Android 6.0.1; Nexus 5X Build/MMB29P) AppleWebKit/537.36 (KHTML, like Gecko) Chrome/41.0.2272.96 Mobile Safari/537.36 (compatible; Googlebot/2.1; +http://www.google.com/bot.html)"
209.133.111.215 - - [17/Jan/2018:02:31:39 +0900] "GET /robots.txt HTTP/1.1" 404 23 "-" "rogerbot/1.0 (http://moz.com/help/pro/what-is-rogerbot-, rogerbot-crawler+shiny@moz.com)"
209.133.111.215 - - [17/Jan/2018:02:31:40 +0900] "GET /preview_evaluation/7 HTTP/1.1" 200 12657 "-" "rogerbot/1.0 (http://moz.com/help/pro/what-is-rogerbot-, rogerbot-crawler+shiny@moz.com)"
70.42.131.170 - - [17/Jan/2018:02:33:50 +0900] "GET /phpmyadmin/index.php HTTP/1.1" 404 23 "http://www.bing.com/search?q=amazon" "Mozilla/4.0 (compatible; MSIE 8.0; Windows NT 6.1; WOW64; Trident/4.0; SLCC2; .NET CLR 2.0.50727; .NET CLR 3.5.30729; .NET CLR 3.0.30729; Media Center PC 6.0; .NET4.0C; .NET4.0E; InfoPath.2)"
66.249.69.208 - - [17/Jan/2018:02:35:26 +0900] "GET /preview_evaluation/49 HTTP/1.1" 200 10428 "-" "Mozilla/5.0 (compatible; Googlebot/2.1; +http://www.google.com/bot.html)"
66.249.69.206 - - [17/Jan/2018:02:35:32 +0900] "GET /preview_evaluation/49 HTTP/1.1" 200 10435 "-" "Mozilla/5.0 (Linux; Android 6.0.1; Nexus 5X Build/MMB29P) AppleWebKit/537.36 (KHTML, like Gecko) Chrome/41.0.2272.96 Mobile Safari/537.36 (compatible; Googlebot/2.1; +http://www.google.com/bot.html)"
66.249.69.208 - - [17/Jan/2018:02:41:12 +0900] "GET /preview_evaluation/48 HTTP/1.1" 200 10772 "-" "Mozilla/5.0 (compatible; Googlebot/2.1; +http://www.google.com/bot.html)"
66.249.69.206 - - [17/Jan/2018:02:41:18 +0900] "GET /preview_evaluation/48 HTTP/1.1" 200 10772 "-" "Mozilla/5.0 (Linux; Android 6.0.1; Nexus 5X Build/MMB29P) AppleWebKit/537.36 (KHTML, like Gecko) Chrome/41.0.2272.96 Mobile Safari/537.36 (compatible; Googlebot/2.1; +http://www.google.com/bot.html)"
70.42.131.170 - - [17/Jan/2018:02:44:13 +0900] "GET /xxzy HTTP/1.1" 404 23 "http://www.bing.com/search?q=amazon" "Mozilla/4.0 (compatible; MSIE 8.0; Windows NT 6.1; WOW64; Trident/4.0; SLCC2; .NET CLR 2.0.50727; .NET CLR 3.5.30729; .NET CLR 3.0.30729; Media Center PC 6.0; .NET4.0C; .NET4.0E; InfoPath.2)"
66.249.69.208 - - [17/Jan/2018:02:46:57 +0900] "GET /r/input_evaluation/22 HTTP/1.1" 303 0 "-" "Mozilla/5.0 (compatible; Googlebot/2.1; +http://www.google.com/bot.html)"
66.249.69.208 - - [17/Jan/2018:02:46:57 +0900] "GET /signin_select HTTP/1.1" 303 0 "-" "Mozilla/5.0 (compatible; Googlebot/2.1; +http://www.google.com/bot.html)"
66.249.69.206 - - [17/Jan/2018:02:46:58 +0900] "GET /google_OAuth HTTP/1.1" 303 0 "-" "Mozilla/5.0 (compatible; Googlebot/2.1; +http://www.google.com/bot.html)"
59.106.108.116 - - [17/Jan/2018:02:52:04 +0900] "GET /preview_evaluation/7 HTTP/1.1" 200 12657 "-" "Hatena::Bookmark/2.00 (Hatena::Bookmark; master;)"
153.120.13.147 - - [17/Jan/2018:02:53:09 +0900] "GET /preview_evaluation/7 HTTP/1.1" 200 12642 "-" "Hatena::Bookmark/2.00 (Hatena::Bookmark; master;)"
70.42.131.170 - - [17/Jan/2018:02:58:56 +0900] "GET / HTTP/1.1" 200 6551 "http://www.bing.com/search?q=amazon" "Mozilla/4.0 (compatible; MSIE 8.0; Windows NT 6.1; WOW64; Trident/4.0; SLCC2; .NET CLR 2.0.50727; .NET CLR 3.5.30729; .NET CLR 3.0.30729; Media Center PC 6.0; .NET4.0C; .NET4.0E; InfoPath.2)"
70.42.131.170 - - [17/Jan/2018:03:01:34 +0900] "GET /security.txt HTTP/1.1" 404 23 "http://www.bing.com/search?q=amazon" "Mozilla/4.0 (compatible; MSIE 8.0; Windows NT 6.1; WOW64; Trident/4.0; SLCC2; .NET CLR 2.0.50727; .NET CLR 3.5.30729; .NET CLR 3.0.30729; Media Center PC 6.0; .NET4.0C; .NET4.0E; InfoPath.2)"
209.126.136.7 - - [17/Jan/2018:03:08:03 +0900] "GET / HTTP/1.1" 200 6551 "-" "Mozilla/5.0 (Windows NT 10.0; Win64; x64) AppleWebKit/537.36 (KHTML, like Gecko) Chrome/57.0.2987.133 Safari/537.36"
58.95.102.70 - - [17/Jan/2018:03:46:15 +0900] "GET /preview_evaluation/7 HTTP/1.1" 200 12642 "https://t.co/WVEEfsPcnb" "Mozilla/5.0 (Macintosh; Intel Mac OS X 10_12_6) AppleWebKit/537.36 (KHTML, like Gecko) Chrome/63.0.3239.132 Safari/537.36"
58.95.102.70 - - [17/Jan/2018:03:46:16 +0900] "GET /s/image/favicon.png HTTP/1.1" 200 175287 "https://webrepo.nal.ie.u-ryukyu.ac.jp/preview_evaluation/7" "Mozilla/5.0 (Macintosh; Intel Mac OS X 10_12_6) AppleWebKit/537.36 (KHTML, like Gecko) Chrome/63.0.3239.132 Safari/537.36"
37.187.162.165 - - [17/Jan/2018:03:54:49 +0900] "GET /preview_evaluation/7 HTTP/1.1" 200 12657 "-" "Mozilla/5.0 (compatible; PaperLiBot/2.1; http://support.paper.li/entries/20023257-what-is-paper-li)"
70.42.131.170 - - [17/Jan/2018:04:47:28 +0900] "GET /invoker/jmxinvokerservlet HTTP/1.1" 404 23 "http://www.bing.com/search?q=amazon" "Mozilla/4.0 (compatible; MSIE 8.0; Windows NT 6.1; WOW64; Trident/4.0; SLCC2; .NET CLR 2.0.50727; .NET CLR 3.5.30729; .NET CLR 3.0.30729; Media Center PC 6.0; .NET4.0C; .NET4.0E; InfoPath.2)"
17.142.154.157 - - [17/Jan/2018:05:20:20 +0900] "GET / HTTP/1.1" 200 6557 "-" "Mozilla/5.0 (Macintosh; Intel Mac OS X 10_10_1) AppleWebKit/600.2.5 (KHTML, like Gecko) Version/8.0.2 Safari/600.2.5 (Applebot/0.1; +http://www.apple.com/go/applebot)"
54.167.116.195 - - [17/Jan/2018:05:40:17 +0900] "GET / HTTP/1.1" 200 6557 "-" "Mozilla/5.0 (Macintosh; Intel Mac OS X 10_11_5) AppleWebKit/537.36 (KHTML, like Gecko) Chrome/50.0.2661.102 Safari/537.36"
198.143.155.138 - - [17/Jan/2018:05:50:08 +0900] "GET / HTTP/1.1" 200 6551 "-" "Mozilla/5.0 zgrab/0.x"
70.42.131.170 - - [17/Jan/2018:05:56:18 +0900] "GET / HTTP/1.1" 200 6557 "http://www.bing.com/search?q=amazon" "Mozilla/4.0 (compatible; MSIE 8.0; Windows NT 6.1; WOW64; Trident/4.0; SLCC2; .NET CLR 2.0.50727; .NET CLR 3.5.30729; .NET CLR 3.0.30729; Media Center PC 6.0; .NET4.0C; .NET4.0E; InfoPath.2)"
46.229.164.98 - - [17/Jan/2018:06:13:52 +0900] "GET /robots.txt HTTP/1.1" 404 23 "-" "Mozilla/5.0 (compatible; SemrushBot/1.2~bl; +http://www.semrush.com/bot.html)"
117.50.7.159 - - [17/Jan/2018:06:26:54 +0900] "GET / HTTP/1.0" 200 6538 "-" "-"
126.211.1.215 - - [17/Jan/2018:06:42:04 +0900] "GET /preview_evaluation/7 HTTP/1.1" 200 12642 "-" "Dalvik/2.1.0 (Linux; U; Android 6.0.1; 506SH Build/S0024)"
70.42.131.170 - - [17/Jan/2018:07:05:07 +0900] "GET /phpmyadmin/index.php HTTP/1.1" 404 23 "http://www.bing.com/search?q=amazon" "Mozilla/4.0 (compatible; MSIE 8.0; Windows NT 6.1; WOW64; Trident/4.0; SLCC2; .NET CLR 2.0.50727; .NET CLR 3.5.30729; .NET CLR 3.0.30729; Media Center PC 6.0; .NET4.0C; .NET4.0E; InfoPath.2)"
70.42.131.170 - - [17/Jan/2018:07:15:50 +0900] "GET /xxzy HTTP/1.1" 404 23 "http://www.bing.com/search?q=amazon" "Mozilla/4.0 (compatible; MSIE 8.0; Windows NT 6.1; WOW64; Trident/4.0; SLCC2; .NET CLR 2.0.50727; .NET CLR 3.5.30729; .NET CLR 3.0.30729; Media Center PC 6.0; .NET4.0C; .NET4.0E; InfoPath.2)"
106.75.85.117 - - [17/Jan/2018:07:20:47 +0900] "GET / HTTP/1.1" 200 6557 "-" "Mozilla/5.0 (Windows NT 6.1) AppleWebKit/537.1 (KHTML, like Gecko) Chrome/21.0.1180.89 Safari/537.1"
66.249.75.22 - - [17/Jan/2018:07:31:58 +0900] "GET /r/edit_page_cate/50 HTTP/1.1" 303 0 "-" "Mozilla/5.0 (compatible; Googlebot/2.1; +http://www.google.com/bot.html)"
66.249.75.23 - - [17/Jan/2018:07:31:59 +0900] "GET /signin_select HTTP/1.1" 303 0 "-" "Mozilla/5.0 (compatible; Googlebot/2.1; +http://www.google.com/bot.html)"
66.249.75.23 - - [17/Jan/2018:07:31:59 +0900] "GET /google_OAuth HTTP/1.1" 303 0 "-" "Mozilla/5.0 (compatible; Googlebot/2.1; +http://www.google.com/bot.html)"
66.249.75.22 - - [17/Jan/2018:07:32:06 +0900] "GET /r/edit_page_cate/49 HTTP/1.1" 303 0 "-" "Mozilla/5.0 (compatible; Googlebot/2.1; +http://www.google.com/bot.html)"
66.249.75.24 - - [17/Jan/2018:07:32:07 +0900] "GET /signin_select HTTP/1.1" 303 0 "-" "Mozilla/5.0 (compatible; Googlebot/2.1; +http://www.google.com/bot.html)"
66.249.75.24 - - [17/Jan/2018:07:32:07 +0900] "GET /google_OAuth HTTP/1.1" 303 0 "-" "Mozilla/5.0 (compatible; Googlebot/2.1; +http://www.google.com/bot.html)"
66.249.75.23 - - [17/Jan/2018:07:32:12 +0900] "GET /r/edit_page_cate/48 HTTP/1.1" 303 0 "-" "Mozilla/5.0 (compatible; Googlebot/2.1; +http://www.google.com/bot.html)"
66.249.75.23 - - [17/Jan/2018:07:32:12 +0900] "GET /signin_select HTTP/1.1" 303 0 "-" "Mozilla/5.0 (compatible; Googlebot/2.1; +http://www.google.com/bot.html)"
66.249.75.23 - - [17/Jan/2018:07:32:13 +0900] "GET /google_OAuth HTTP/1.1" 303 0 "-" "Mozilla/5.0 (compatible; Googlebot/2.1; +http://www.google.com/bot.html)"
66.249.75.22 - - [17/Jan/2018:07:32:19 +0900] "GET /r/edit_page_cate/55 HTTP/1.1" 303 0 "-" "Mozilla/5.0 (compatible; Googlebot/2.1; +http://www.google.com/bot.html)"
66.249.75.22 - - [17/Jan/2018:07:32:19 +0900] "GET /signin_select HTTP/1.1" 303 0 "-" "Mozilla/5.0 (compatible; Googlebot/2.1; +http://www.google.com/bot.html)"
66.249.75.22 - - [17/Jan/2018:07:32:20 +0900] "GET /google_OAuth HTTP/1.1" 303 0 "-" "Mozilla/5.0 (compatible; Googlebot/2.1; +http://www.google.com/bot.html)"
66.249.75.22 - - [17/Jan/2018:07:32:27 +0900] "GET /r/input_evaluation/48 HTTP/1.1" 303 0 "-" "Mozilla/5.0 (compatible; Googlebot/2.1; +http://www.google.com/bot.html)"
66.249.75.22 - - [17/Jan/2018:07:32:27 +0900] "GET /signin_select HTTP/1.1" 303 0 "-" "Mozilla/5.0 (compatible; Googlebot/2.1; +http://www.google.com/bot.html)"
66.249.75.22 - - [17/Jan/2018:07:32:28 +0900] "GET /google_OAuth HTTP/1.1" 303 0 "-" "Mozilla/5.0 (compatible; Googlebot/2.1; +http://www.google.com/bot.html)"
66.249.75.22 - - [17/Jan/2018:07:32:41 +0900] "GET /r/input_evaluation/55 HTTP/1.1" 303 0 "-" "Mozilla/5.0 (compatible; Googlebot/2.1; +http://www.google.com/bot.html)"
66.249.75.22 - - [17/Jan/2018:07:32:41 +0900] "GET /signin_select HTTP/1.1" 303 0 "-" "Mozilla/5.0 (compatible; Googlebot/2.1; +http://www.google.com/bot.html)"
66.249.75.22 - - [17/Jan/2018:07:32:42 +0900] "GET /google_OAuth HTTP/1.1" 303 0 "-" "Mozilla/5.0 (compatible; Googlebot/2.1; +http://www.google.com/bot.html)"
66.249.75.22 - - [17/Jan/2018:07:32:50 +0900] "GET /r/edit_page_cate/52 HTTP/1.1" 303 0 "-" "Mozilla/5.0 (compatible; Googlebot/2.1; +http://www.google.com/bot.html)"
66.249.75.22 - - [17/Jan/2018:07:32:50 +0900] "GET /signin_select HTTP/1.1" 303 0 "-" "Mozilla/5.0 (compatible; Googlebot/2.1; +http://www.google.com/bot.html)"
66.249.75.22 - - [17/Jan/2018:07:32:50 +0900] "GET /google_OAuth HTTP/1.1" 303 0 "-" "Mozilla/5.0 (compatible; Googlebot/2.1; +http://www.google.com/bot.html)"
66.249.75.24 - - [17/Jan/2018:07:33:00 +0900] "GET /r/input_evaluation/50 HTTP/1.1" 303 0 "-" "Mozilla/5.0 (compatible; Googlebot/2.1; +http://www.google.com/bot.html)"
66.249.75.23 - - [17/Jan/2018:07:33:00 +0900] "GET /signin_select HTTP/1.1" 303 0 "-" "Mozilla/5.0 (compatible; Googlebot/2.1; +http://www.google.com/bot.html)"
66.249.75.22 - - [17/Jan/2018:07:33:01 +0900] "GET /google_OAuth HTTP/1.1" 303 0 "-" "Mozilla/5.0 (compatible; Googlebot/2.1; +http://www.google.com/bot.html)"
66.249.75.23 - - [17/Jan/2018:07:33:10 +0900] "GET /r/input_evaluation/52 HTTP/1.1" 303 0 "-" "Mozilla/5.0 (compatible; Googlebot/2.1; +http://www.google.com/bot.html)"
66.249.75.23 - - [17/Jan/2018:07:33:10 +0900] "GET /signin_select HTTP/1.1" 303 0 "-" "Mozilla/5.0 (compatible; Googlebot/2.1; +http://www.google.com/bot.html)"
66.249.75.23 - - [17/Jan/2018:07:33:11 +0900] "GET /google_OAuth HTTP/1.1" 303 0 "-" "Mozilla/5.0 (compatible; Googlebot/2.1; +http://www.google.com/bot.html)"
66.249.75.22 - - [17/Jan/2018:07:33:20 +0900] "GET /r/input_evaluation/49 HTTP/1.1" 303 0 "-" "Mozilla/5.0 (compatible; Googlebot/2.1; +http://www.google.com/bot.html)"
66.249.75.22 - - [17/Jan/2018:07:33:20 +0900] "GET /signin_select HTTP/1.1" 303 0 "-" "Mozilla/5.0 (compatible; Googlebot/2.1; +http://www.google.com/bot.html)"
66.249.75.22 - - [17/Jan/2018:07:33:21 +0900] "GET /google_OAuth HTTP/1.1" 303 0 "-" "Mozilla/5.0 (compatible; Googlebot/2.1; +http://www.google.com/bot.html)"
66.249.75.22 - - [17/Jan/2018:07:33:29 +0900] "GET /r/recommend_eval/55/54 HTTP/1.1" 405 32 "-" "Mozilla/5.0 (compatible; Googlebot/2.1; +http://www.google.com/bot.html)"
66.249.75.22 - - [17/Jan/2018:07:33:39 +0900] "GET /r/recommend_eval/49/48 HTTP/1.1" 405 32 "-" "Mozilla/5.0 (compatible; Googlebot/2.1; +http://www.google.com/bot.html)"
66.249.75.22 - - [17/Jan/2018:07:33:49 +0900] "GET /r/recommend_eval/52/51 HTTP/1.1" 405 32 "-" "Mozilla/5.0 (compatible; Googlebot/2.1; +http://www.google.com/bot.html)"
66.249.75.22 - - [17/Jan/2018:07:33:59 +0900] "GET /r/recommend_eval/48/47 HTTP/1.1" 405 32 "-" "Mozilla/5.0 (compatible; Googlebot/2.1; +http://www.google.com/bot.html)"
66.249.75.24 - - [17/Jan/2018:07:34:10 +0900] "GET /r/recommend_eval/50/49 HTTP/1.1" 405 32 "-" "Mozilla/5.0 (compatible; Googlebot/2.1; +http://www.google.com/bot.html)"
66.249.75.22 - - [17/Jan/2018:07:34:19 +0900] "GET /r/input_comment/52/51/0 HTTP/1.1" 303 0 "-" "Mozilla/5.0 (compatible; Googlebot/2.1; +http://www.google.com/bot.html)"
66.249.75.22 - - [17/Jan/2018:07:34:20 +0900] "GET /signin_select HTTP/1.1" 303 0 "-" "Mozilla/5.0 (compatible; Googlebot/2.1; +http://www.google.com/bot.html)"
66.249.75.22 - - [17/Jan/2018:07:34:20 +0900] "GET /google_OAuth HTTP/1.1" 303 0 "-" "Mozilla/5.0 (compatible; Googlebot/2.1; +http://www.google.com/bot.html)"
66.249.75.22 - - [17/Jan/2018:07:34:29 +0900] "GET /r/input_comment/50/49/0 HTTP/1.1" 303 0 "-" "Mozilla/5.0 (compatible; Googlebot/2.1; +http://www.google.com/bot.html)"
66.249.75.22 - - [17/Jan/2018:07:34:30 +0900] "GET /signin_select HTTP/1.1" 303 0 "-" "Mozilla/5.0 (compatible; Googlebot/2.1; +http://www.google.com/bot.html)"
66.249.75.22 - - [17/Jan/2018:07:34:30 +0900] "GET /google_OAuth HTTP/1.1" 303 0 "-" "Mozilla/5.0 (compatible; Googlebot/2.1; +http://www.google.com/bot.html)"
66.249.75.22 - - [17/Jan/2018:07:34:39 +0900] "GET /r/input_comment/48/47/0 HTTP/1.1" 303 0 "-" "Mozilla/5.0 (compatible; Googlebot/2.1; +http://www.google.com/bot.html)"
66.249.75.22 - - [17/Jan/2018:07:34:40 +0900] "GET /signin_select HTTP/1.1" 303 0 "-" "Mozilla/5.0 (compatible; Googlebot/2.1; +http://www.google.com/bot.html)"
66.249.75.22 - - [17/Jan/2018:07:34:40 +0900] "GET /google_OAuth HTTP/1.1" 303 0 "-" "Mozilla/5.0 (compatible; Googlebot/2.1; +http://www.google.com/bot.html)"
66.249.75.22 - - [17/Jan/2018:07:34:50 +0900] "GET /r/input_comment/55/54/0 HTTP/1.1" 303 0 "-" "Mozilla/5.0 (compatible; Googlebot/2.1; +http://www.google.com/bot.html)"
66.249.75.22 - - [17/Jan/2018:07:34:50 +0900] "GET /signin_select HTTP/1.1" 303 0 "-" "Mozilla/5.0 (compatible; Googlebot/2.1; +http://www.google.com/bot.html)"
66.249.75.22 - - [17/Jan/2018:07:34:51 +0900] "GET /google_OAuth HTTP/1.1" 303 0 "-" "Mozilla/5.0 (compatible; Googlebot/2.1; +http://www.google.com/bot.html)"
66.249.75.23 - - [17/Jan/2018:07:35:02 +0900] "GET /r/input_comment/49/48/0 HTTP/1.1" 303 0 "-" "Mozilla/5.0 (compatible; Googlebot/2.1; +http://www.google.com/bot.html)"
66.249.75.22 - - [17/Jan/2018:07:35:02 +0900] "GET /signin_select HTTP/1.1" 303 0 "-" "Mozilla/5.0 (compatible; Googlebot/2.1; +http://www.google.com/bot.html)"
66.249.75.24 - - [17/Jan/2018:07:35:03 +0900] "GET /google_OAuth HTTP/1.1" 303 0 "-" "Mozilla/5.0 (compatible; Googlebot/2.1; +http://www.google.com/bot.html)"
45.55.8.126 - - [17/Jan/2018:07:41:55 +0900] "GET / HTTP/1.1" 200 6557 "-" "Mozilla/5.0 zgrab/0.x"
70.42.131.170 - - [17/Jan/2018:08:01:22 +0900] "GET /muieblackcat HTTP/1.1" 404 23 "http://www.bing.com/search?q=amazon" "Mozilla/4.0 (compatible; MSIE 8.0; Windows NT 6.1; WOW64; Trident/4.0; SLCC2; .NET CLR 2.0.50727; .NET CLR 3.5.30729; .NET CLR 3.0.30729; Media Center PC 6.0; .NET4.0C; .NET4.0E; InfoPath.2)"
70.42.131.170 - - [17/Jan/2018:08:04:23 +0900] "GET /.ftpconfig HTTP/1.1" 404 23 "http://www.bing.com/search?q=amazon" "Mozilla/4.0 (compatible; MSIE 8.0; Windows NT 6.1; WOW64; Trident/4.0; SLCC2; .NET CLR 2.0.50727; .NET CLR 3.5.30729; .NET CLR 3.0.30729; Media Center PC 6.0; .NET4.0C; .NET4.0E; InfoPath.2)"
70.42.131.170 - - [17/Jan/2018:08:38:43 +0900] "GET /invoker/jmxinvokerservlet HTTP/1.1" 404 23 "http://www.bing.com/search?q=amazon" "Mozilla/4.0 (compatible; MSIE 8.0; Windows NT 6.1; WOW64; Trident/4.0; SLCC2; .NET CLR 2.0.50727; .NET CLR 3.5.30729; .NET CLR 3.0.30729; Media Center PC 6.0; .NET4.0C; .NET4.0E; InfoPath.2)"
196.52.43.101 - - [17/Jan/2018:08:42:10 +0900] "GET / HTTP/1.1" 200 6557 "-" "-"
66.249.75.88 - - [17/Jan/2018:11:02:22 +0900] "GET /s/image/favicon.png HTTP/1.1" 200 175287 "-" "Googlebot-Image/1.0"
212.129.39.185 - - [17/Jan/2018:11:29:39 +0900] "GET /a2billing/common/javascript/misc.js HTTP/1.1" 404 23 "-" "python-requests/2.18.4"
