133.13.48.139 - - [25/Dec/2017:12:20:08 +0900] "GET /oauth2callback_google?state=54PTkRHGztMWKYvN&code=4/ddIZoi7u9-_gHCA9vHJ604wxFdBzvAMEy9j0Hxj6rvs HTTP/1.1" 302 0 "https://accounts.google.com/signin/oauth/oauthchooseaccount?client_id=370442566774-osi0bgsn710brv1v3uc1s7hk24blhdq2.apps.googleusercontent.com&as=35e37c5e9f5566e6&destination=https%3A%2F%2Fwebrepo.nal.ie.u-ryukyu.ac.jp&approval_state=!ChQ1SjVUTW5vRDFoWkNWSmMtN0NKaBIfNDFqaFJNcXhiLVVUTUlqOWRic2JOcGJFWGZPNkNCWQ%E2%88%99ACThZt4AAAAAWkG_4wq2Ad03QypyZmQv1ynNY5o7LVhr&xsrfsig=AHgIfE9Lfr-Dp9DkDeQb-tdQ2sScErgLeA&flowName=GeneralOAuthFlow" "Mozilla/5.0 (Macintosh; Intel Mac OS X 10.12; rv:57.0) Gecko/20100101 Firefox/57.0"
133.13.48.139 - - [25/Dec/2017:12:20:08 +0900] "GET /ie_OAuth_signup HTTP/1.1" 200 9924 "https://accounts.google.com/signin/oauth/oauthchooseaccount?client_id=370442566774-osi0bgsn710brv1v3uc1s7hk24blhdq2.apps.googleusercontent.com&as=35e37c5e9f5566e6&destination=https%3A%2F%2Fwebrepo.nal.ie.u-ryukyu.ac.jp&approval_state=!ChQ1SjVUTW5vRDFoWkNWSmMtN0NKaBIfNDFqaFJNcXhiLVVUTUlqOWRic2JOcGJFWGZPNkNCWQ%E2%88%99ACThZt4AAAAAWkG_4wq2Ad03QypyZmQv1ynNY5o7LVhr&xsrfsig=AHgIfE9Lfr-Dp9DkDeQb-tdQ2sScErgLeA&flowName=GeneralOAuthFlow" "Mozilla/5.0 (Macintosh; Intel Mac OS X 10.12; rv:57.0) Gecko/20100101 Firefox/57.0"
133.13.48.139 - - [25/Dec/2017:12:20:14 +0900] "GET /r/mypage HTTP/1.1" 303 0 "https://webrepo.nal.ie.u-ryukyu.ac.jp/ie_OAuth_signup" "Mozilla/5.0 (Macintosh; Intel Mac OS X 10.12; rv:57.0) Gecko/20100101 Firefox/57.0"
133.13.48.139 - - [25/Dec/2017:12:20:14 +0900] "GET /signin_select HTTP/1.1" 303 0 "https://webrepo.nal.ie.u-ryukyu.ac.jp/ie_OAuth_signup" "Mozilla/5.0 (Macintosh; Intel Mac OS X 10.12; rv:57.0) Gecko/20100101 Firefox/57.0"
133.13.48.139 - - [25/Dec/2017:12:20:14 +0900] "GET /google_OAuth HTTP/1.1" 303 0 "https://webrepo.nal.ie.u-ryukyu.ac.jp/ie_OAuth_signup" "Mozilla/5.0 (Macintosh; Intel Mac OS X 10.12; rv:57.0) Gecko/20100101 Firefox/57.0"
133.13.48.139 - - [25/Dec/2017:12:20:15 +0900] "GET /oauth2callback_google?state=xmakiMj8R9sUI9zt&code=4/Lvi6K1WYAwhqWaz1eonMqzJo7GZqC-UiHagDV98CvsM HTTP/1.1" 302 0 "https://webrepo.nal.ie.u-ryukyu.ac.jp/ie_OAuth_signup" "Mozilla/5.0 (Macintosh; Intel Mac OS X 10.12; rv:57.0) Gecko/20100101 Firefox/57.0"
133.13.48.139 - - [25/Dec/2017:12:20:15 +0900] "GET /ie_OAuth_signup HTTP/1.1" 200 9917 "https://webrepo.nal.ie.u-ryukyu.ac.jp/ie_OAuth_signup" "Mozilla/5.0 (Macintosh; Intel Mac OS X 10.12; rv:57.0) Gecko/20100101 Firefox/57.0"
133.13.48.139 - - [25/Dec/2017:12:20:20 +0900] "GET / HTTP/1.1" 200 6551 "-" "Mozilla/5.0 (Macintosh; Intel Mac OS X 10.12; rv:57.0) Gecko/20100101 Firefox/57.0"
133.13.48.139 - - [25/Dec/2017:12:20:21 +0900] "GET /r/input_evaluation HTTP/1.1" 303 0 "https://webrepo.nal.ie.u-ryukyu.ac.jp/" "Mozilla/5.0 (Macintosh; Intel Mac OS X 10.12; rv:57.0) Gecko/20100101 Firefox/57.0"
133.13.48.139 - - [25/Dec/2017:12:20:22 +0900] "GET /signin_select HTTP/1.1" 303 0 "https://webrepo.nal.ie.u-ryukyu.ac.jp/" "Mozilla/5.0 (Macintosh; Intel Mac OS X 10.12; rv:57.0) Gecko/20100101 Firefox/57.0"
133.13.48.139 - - [25/Dec/2017:12:20:22 +0900] "GET /google_OAuth HTTP/1.1" 303 0 "https://webrepo.nal.ie.u-ryukyu.ac.jp/" "Mozilla/5.0 (Macintosh; Intel Mac OS X 10.12; rv:57.0) Gecko/20100101 Firefox/57.0"
133.13.48.139 - - [25/Dec/2017:12:20:22 +0900] "GET /oauth2callback_google?state=yY14qqApZb3d5J3E&code=4/-LclESogqjPN-RkV1YcvFGByMFLRZCIw3yqKtwcmCAM HTTP/1.1" 302 0 "https://webrepo.nal.ie.u-ryukyu.ac.jp/" "Mozilla/5.0 (Macintosh; Intel Mac OS X 10.12; rv:57.0) Gecko/20100101 Firefox/57.0"
133.13.48.139 - - [25/Dec/2017:12:20:22 +0900] "GET /ie_OAuth_signup HTTP/1.1" 200 9924 "https://webrepo.nal.ie.u-ryukyu.ac.jp/" "Mozilla/5.0 (Macintosh; Intel Mac OS X 10.12; rv:57.0) Gecko/20100101 Firefox/57.0"
133.13.48.139 - - [25/Dec/2017:12:20:43 +0900] "GET / HTTP/1.1" 200 6551 "-" "Mozilla/5.0 (Macintosh; Intel Mac OS X 10.12; rv:57.0) Gecko/20100101 Firefox/57.0"
133.13.48.139 - - [25/Dec/2017:12:20:44 +0900] "GET /r/input_evaluation HTTP/1.1" 303 0 "https://webrepo.nal.ie.u-ryukyu.ac.jp/" "Mozilla/5.0 (Macintosh; Intel Mac OS X 10.12; rv:57.0) Gecko/20100101 Firefox/57.0"
133.13.48.139 - - [25/Dec/2017:12:20:44 +0900] "GET /signin_select HTTP/1.1" 303 0 "https://webrepo.nal.ie.u-ryukyu.ac.jp/" "Mozilla/5.0 (Macintosh; Intel Mac OS X 10.12; rv:57.0) Gecko/20100101 Firefox/57.0"
133.13.48.139 - - [25/Dec/2017:12:20:44 +0900] "GET /google_OAuth HTTP/1.1" 303 0 "https://webrepo.nal.ie.u-ryukyu.ac.jp/" "Mozilla/5.0 (Macintosh; Intel Mac OS X 10.12; rv:57.0) Gecko/20100101 Firefox/57.0"
133.13.48.139 - - [25/Dec/2017:12:20:45 +0900] "GET /oauth2callback_google?state=PTN26xrDevm4BkqC&code=4/44Cqia2lczr3oU02JLK7kDvuvlSugHmQ1pCxw7Gt33w HTTP/1.1" 302 0 "https://webrepo.nal.ie.u-ryukyu.ac.jp/" "Mozilla/5.0 (Macintosh; Intel Mac OS X 10.12; rv:57.0) Gecko/20100101 Firefox/57.0"
133.13.48.139 - - [25/Dec/2017:12:20:45 +0900] "GET /ie_OAuth_signup HTTP/1.1" 200 9924 "https://webrepo.nal.ie.u-ryukyu.ac.jp/" "Mozilla/5.0 (Macintosh; Intel Mac OS X 10.12; rv:57.0) Gecko/20100101 Firefox/57.0"
133.13.48.139 - - [25/Dec/2017:12:21:00 +0900] "GET /ie_agree_signup HTTP/1.1" 303 0 "https://webrepo.nal.ie.u-ryukyu.ac.jp/ie_OAuth_signup" "Mozilla/5.0 (Macintosh; Intel Mac OS X 10.12; rv:57.0) Gecko/20100101 Firefox/57.0"
133.13.48.139 - - [25/Dec/2017:12:21:00 +0900] "GET /r/input_evaluation HTTP/1.1" 200 11259 "https://webrepo.nal.ie.u-ryukyu.ac.jp/ie_OAuth_signup" "Mozilla/5.0 (Macintosh; Intel Mac OS X 10.12; rv:57.0) Gecko/20100101 Firefox/57.0"
199.59.150.182 - - [25/Dec/2017:12:29:34 +0900] "GET /robots.txt HTTP/1.1" 404 23 "-" "Twitterbot/1.0"
199.59.150.180 - - [25/Dec/2017:12:29:34 +0900] "GET /robots.txt HTTP/1.1" 404 23 "-" "Twitterbot/1.0"
199.59.150.180 - - [25/Dec/2017:12:29:34 +0900] "GET / HTTP/1.1" 200 6551 "-" "Twitterbot/1.0"
199.59.150.182 - - [25/Dec/2017:12:29:34 +0900] "GET / HTTP/1.1" 200 6551 "-" "Twitterbot/1.0"
133.13.48.134 - - [25/Dec/2017:12:41:52 +0900] "GET /r/input_evaluation HTTP/1.1" 303 0 "-" "Mozilla/5.0 (Macintosh; Intel Mac OS X 10.13; rv:57.0) Gecko/20100101 Firefox/57.0"
133.13.48.134 - - [25/Dec/2017:12:41:52 +0900] "GET /signin_select HTTP/1.1" 303 0 "-" "Mozilla/5.0 (Macintosh; Intel Mac OS X 10.13; rv:57.0) Gecko/20100101 Firefox/57.0"
133.13.48.134 - - [25/Dec/2017:12:41:52 +0900] "GET /google_OAuth HTTP/1.1" 303 0 "-" "Mozilla/5.0 (Macintosh; Intel Mac OS X 10.13; rv:57.0) Gecko/20100101 Firefox/57.0"
133.13.48.134 - - [25/Dec/2017:12:58:54 +0900] "GET /r/input_evaluation HTTP/1.1" 303 0 "-" "Mozilla/5.0 (Macintosh; Intel Mac OS X 10.13; rv:57.0) Gecko/20100101 Firefox/57.0"
133.13.48.134 - - [25/Dec/2017:12:58:54 +0900] "GET /signin_select HTTP/1.1" 303 0 "-" "Mozilla/5.0 (Macintosh; Intel Mac OS X 10.13; rv:57.0) Gecko/20100101 Firefox/57.0"
133.13.48.134 - - [25/Dec/2017:12:58:54 +0900] "GET /google_OAuth HTTP/1.1" 303 0 "-" "Mozilla/5.0 (Macintosh; Intel Mac OS X 10.13; rv:57.0) Gecko/20100101 Firefox/57.0"
133.13.48.134 - - [25/Dec/2017:12:59:03 +0900] "GET /r/mypage HTTP/1.1" 200 4116 "https://webrepo.nal.ie.u-ryukyu.ac.jp/preview_evaluation/1" "Mozilla/5.0 (Macintosh; Intel Mac OS X 10.13; rv:57.0) Gecko/20100101 Firefox/57.0"
133.13.48.134 - - [25/Dec/2017:12:59:05 +0900] "GET /r/sign_out HTTP/1.1" 303 0 "https://webrepo.nal.ie.u-ryukyu.ac.jp/r/mypage" "Mozilla/5.0 (Macintosh; Intel Mac OS X 10.13; rv:57.0) Gecko/20100101 Firefox/57.0"
133.13.48.134 - - [25/Dec/2017:12:59:05 +0900] "GET / HTTP/1.1" 200 6551 "https://webrepo.nal.ie.u-ryukyu.ac.jp/r/mypage" "Mozilla/5.0 (Macintosh; Intel Mac OS X 10.13; rv:57.0) Gecko/20100101 Firefox/57.0"
133.13.48.134 - - [25/Dec/2017:13:09:07 +0900] "GET /preview_evaluation/1 HTTP/1.1" 200 9810 "https://webrepo.nal.ie.u-ryukyu.ac.jp/page_list?genre=*&media=%E6%96%87%E7%AB%A0" "Mozilla/5.0 (Macintosh; Intel Mac OS X 10_13_2) AppleWebKit/537.36 (KHTML, like Gecko) Chrome/63.0.3239.84 Safari/537.36"
133.13.48.134 - - [25/Dec/2017:13:09:08 +0900] "GET /s/image/favicon.png HTTP/1.1" 200 175287 "https://webrepo.nal.ie.u-ryukyu.ac.jp/preview_evaluation/1" "Mozilla/5.0 (Macintosh; Intel Mac OS X 10_13_2) AppleWebKit/537.36 (KHTML, like Gecko) Chrome/63.0.3239.84 Safari/537.36"
133.13.48.140 - - [25/Dec/2017:13:47:40 +0900] "GET / HTTP/1.1" 200 6551 "-" "Mozilla/5.0 (Macintosh; Intel Mac OS X 10_13_1) AppleWebKit/537.36 (KHTML, like Gecko) Chrome/63.0.3239.108 Safari/537.36"
133.13.48.140 - - [25/Dec/2017:13:47:42 +0900] "GET /s/image/favicon.png HTTP/1.1" 200 175287 "https://webrepo.nal.ie.u-ryukyu.ac.jp/" "Mozilla/5.0 (Macintosh; Intel Mac OS X 10_13_1) AppleWebKit/537.36 (KHTML, like Gecko) Chrome/63.0.3239.108 Safari/537.36"
133.13.48.140 - - [25/Dec/2017:13:47:56 +0900] "GET /page_list?genre=*&media=%E6%96%87%E7%AB%A0 HTTP/1.1" 200 23844 "https://webrepo.nal.ie.u-ryukyu.ac.jp/" "Mozilla/5.0 (Macintosh; Intel Mac OS X 10_13_1) AppleWebKit/537.36 (KHTML, like Gecko) Chrome/63.0.3239.108 Safari/537.36"
133.13.48.140 - - [25/Dec/2017:13:48:17 +0900] "GET /r/input_evaluation/1 HTTP/1.1" 303 0 "https://webrepo.nal.ie.u-ryukyu.ac.jp/page_list?genre=*&media=%E6%96%87%E7%AB%A0" "Mozilla/5.0 (Macintosh; Intel Mac OS X 10_13_1) AppleWebKit/537.36 (KHTML, like Gecko) Chrome/63.0.3239.108 Safari/537.36"
133.13.48.140 - - [25/Dec/2017:13:48:17 +0900] "GET /signin_select HTTP/1.1" 303 0 "https://webrepo.nal.ie.u-ryukyu.ac.jp/page_list?genre=*&media=%E6%96%87%E7%AB%A0" "Mozilla/5.0 (Macintosh; Intel Mac OS X 10_13_1) AppleWebKit/537.36 (KHTML, like Gecko) Chrome/63.0.3239.108 Safari/537.36"
133.13.48.140 - - [25/Dec/2017:13:48:17 +0900] "GET /google_OAuth HTTP/1.1" 303 0 "https://webrepo.nal.ie.u-ryukyu.ac.jp/page_list?genre=*&media=%E6%96%87%E7%AB%A0" "Mozilla/5.0 (Macintosh; Intel Mac OS X 10_13_1) AppleWebKit/537.36 (KHTML, like Gecko) Chrome/63.0.3239.108 Safari/537.36"
133.13.48.140 - - [25/Dec/2017:13:48:21 +0900] "GET /preview_evaluation/1 HTTP/1.1" 200 9810 "https://webrepo.nal.ie.u-ryukyu.ac.jp/page_list?genre=*&media=%E6%96%87%E7%AB%A0" "Mozilla/5.0 (Macintosh; Intel Mac OS X 10_13_1) AppleWebKit/537.36 (KHTML, like Gecko) Chrome/63.0.3239.108 Safari/537.36"
133.13.48.136 - - [25/Dec/2017:14:42:28 +0900] "GET / HTTP/1.1" 200 6557 "-" "Mozilla/5.0 (Macintosh; Intel Mac OS X 10_13_2) AppleWebKit/604.4.7 (KHTML, like Gecko) Version/11.0.2 Safari/604.4.7"
133.13.48.136 - - [25/Dec/2017:14:42:29 +0900] "GET /s/image/favicon.png HTTP/1.1" 200 175287 "https://webrepo.nal.ie.u-ryukyu.ac.jp/" "Mozilla/5.0 (Macintosh; Intel Mac OS X 10_13_2) AppleWebKit/604.4.7 (KHTML, like Gecko) Version/11.0.2 Safari/604.4.7"
133.13.48.136 - - [25/Dec/2017:14:42:39 +0900] "GET /r/input_evaluation HTTP/1.1" 303 0 "https://webrepo.nal.ie.u-ryukyu.ac.jp/" "Mozilla/5.0 (Macintosh; Intel Mac OS X 10_13_2) AppleWebKit/604.4.7 (KHTML, like Gecko) Version/11.0.2 Safari/604.4.7"
133.13.48.136 - - [25/Dec/2017:14:42:39 +0900] "GET /signin_select HTTP/1.1" 303 0 "https://webrepo.nal.ie.u-ryukyu.ac.jp/" "Mozilla/5.0 (Macintosh; Intel Mac OS X 10_13_2) AppleWebKit/604.4.7 (KHTML, like Gecko) Version/11.0.2 Safari/604.4.7"
133.13.48.136 - - [25/Dec/2017:14:42:39 +0900] "GET /google_OAuth HTTP/1.1" 303 0 "https://webrepo.nal.ie.u-ryukyu.ac.jp/" "Mozilla/5.0 (Macintosh; Intel Mac OS X 10_13_2) AppleWebKit/604.4.7 (KHTML, like Gecko) Version/11.0.2 Safari/604.4.7"
133.13.48.136 - - [25/Dec/2017:14:42:50 +0900] "GET /oauth2callback_google?state=txttGZcyzmPfW2et&code=4%2F1EPaiuOg3KFiZcbWL_5gy56FO71W2fbBxHM75kxTXQ4 HTTP/1.1" 302 0 "https://accounts.google.com/CheckCookie" "Mozilla/5.0 (Macintosh; Intel Mac OS X 10_13_2) AppleWebKit/604.4.7 (KHTML, like Gecko) Version/11.0.2 Safari/604.4.7"
133.13.48.136 - - [25/Dec/2017:14:42:50 +0900] "GET /ie_OAuth_signup HTTP/1.1" 200 9924 "https://accounts.google.com/CheckCookie" "Mozilla/5.0 (Macintosh; Intel Mac OS X 10_13_2) AppleWebKit/604.4.7 (KHTML, like Gecko) Version/11.0.2 Safari/604.4.7"
182.248.224.237 - - [25/Dec/2017:14:52:09 +0900] "GET / HTTP/1.1" 200 6557 "-" "Mozilla/5.0 (iPhone; CPU iPhone OS 11_2_1 like Mac OS X) AppleWebKit/604.4.7 (KHTML, like Gecko) Version/11.0 Mobile/15C153 Safari/604.1"
133.13.239.102 - - [25/Dec/2017:15:42:04 +0900] "GET / HTTP/1.1" 200 6557 "-" "Mozilla/5.0 (Macintosh; Intel Mac OS X 10_12_6) AppleWebKit/604.3.5 (KHTML, like Gecko) Version/11.0.1 Safari/604.3.5"
133.13.239.102 - - [25/Dec/2017:15:42:05 +0900] "GET /s/image/favicon.png HTTP/1.1" 200 175287 "https://webrepo.nal.ie.u-ryukyu.ac.jp/" "Mozilla/5.0 (Macintosh; Intel Mac OS X 10_12_6) AppleWebKit/604.3.5 (KHTML, like Gecko) Version/11.0.1 Safari/604.3.5"
164.52.7.131 - - [25/Dec/2017:18:18:56 +0900] "GET / HTTP/1.1" 200 6551 "-" "Mozilla/5.0 (Windows NT 6.1; WOW64; rv:52.0) Gecko/20100101 Firefox/52.0"
106.181.141.194 - - [25/Dec/2017:18:33:57 +0900] "GET / HTTP/1.1" 200 6557 "-" "Mozilla/5.0 (Macintosh; Intel Mac OS X 10_13_2) AppleWebKit/604.4.7 (KHTML, like Gecko) Version/11.0.2 Safari/604.4.7"
106.181.141.194 - - [25/Dec/2017:18:33:58 +0900] "GET /s/image/favicon.png HTTP/1.1" 200 175287 "https://webrepo.nal.ie.u-ryukyu.ac.jp/" "Mozilla/5.0 (Macintosh; Intel Mac OS X 10_13_2) AppleWebKit/604.4.7 (KHTML, like Gecko) Version/11.0.2 Safari/604.4.7"
64.74.215.98 - - [25/Dec/2017:19:33:15 +0900] "GET /cgi/common.cgi HTTP/1.1" 404 23 "-" "Mozilla/5.0 (Windows NT 6.1) AppleWebKit/537.36 (KHTML, like Gecko) Chrome/56.0.2924.76 Safari/537.36"
216.218.206.66 - - [25/Dec/2017:20:31:55 +0900] "GET / HTTP/1.1" 200 6557 "-" "-"
157.55.39.25 - - [25/Dec/2017:21:50:00 +0900] "GET /robots.txt HTTP/1.1" 404 23 "-" "Mozilla/5.0 (compatible; bingbot/2.0; +http://www.bing.com/bingbot.htm)"
157.55.39.171 - - [25/Dec/2017:21:50:05 +0900] "GET / HTTP/1.1" 200 6551 "-" "Mozilla/5.0 (iPhone; CPU iPhone OS 7_0 like Mac OS X) AppleWebKit/537.51.1 (KHTML, like Gecko) Version/7.0 Mobile/11A465 Safari/9537.53 (compatible; bingbot/2.0; +http://www.bing.com/bingbot.htm)"
139.162.78.135 - - [26/Dec/2017:01:20:20 +0900] "GET / HTTP/1.1" 200 6551 "-" "Mozilla/5.0 (Windows NT 10.0; WOW64) AppleWebKit/537.36 (KHTML, like Gecko) Chrome/45.0.2454.101 Safari/537.36"
157.55.39.118 - - [26/Dec/2017:01:58:06 +0900] "GET /robots.txt HTTP/1.1" 404 23 "-" "Mozilla/5.0 (compatible; bingbot/2.0; +http://www.bing.com/bingbot.htm)"
157.55.39.171 - - [26/Dec/2017:01:58:09 +0900] "GET /robots.txt HTTP/1.1" 404 23 "-" "Mozilla/5.0 (compatible; bingbot/2.0; +http://www.bing.com/bingbot.htm)"
66.249.64.78 - - [26/Dec/2017:03:51:40 +0900] "GET /robots.txt HTTP/1.1" 404 23 "-" "Mozilla/5.0 (compatible; Googlebot/2.1; +http://www.google.com/bot.html)"
66.249.64.80 - - [26/Dec/2017:03:51:41 +0900] "GET /.well-known/assetlinks.json HTTP/1.1" 404 23 "-" "Mozilla/5.0 (compatible; Googlebot/2.1; +http://www.google.com/bot.html)"
66.249.64.76 - - [26/Dec/2017:06:39:14 +0900] "GET /.well-known/apple-app-site-association HTTP/1.1" 404 23 "-" "Mozilla/5.0 (compatible; Googlebot/2.1; +http://www.google.com/bot.html)"
66.249.64.76 - - [26/Dec/2017:06:59:28 +0900] "GET /apple-app-site-association HTTP/1.1" 404 23 "-" "Mozilla/5.0 (compatible; Googlebot/2.1; +http://www.google.com/bot.html)"
66.249.64.80 - - [26/Dec/2017:07:45:22 +0900] "GET /robots.txt HTTP/1.1" 404 23 "-" "Mozilla/5.0 (compatible; Googlebot/2.1; +http://www.google.com/bot.html)"
66.249.64.80 - - [26/Dec/2017:07:45:23 +0900] "GET / HTTP/1.1" 200 6557 "-" "Mozilla/5.0 (Linux; Android 6.0.1; Nexus 5X Build/MMB29P) AppleWebKit/537.36 (KHTML, like Gecko) Chrome/41.0.2272.96 Mobile Safari/537.36 (compatible; Googlebot/2.1; +http://www.google.com/bot.html)"
66.249.64.76 - - [26/Dec/2017:08:51:19 +0900] "GET / HTTP/1.1" 200 6557 "-" "Mozilla/5.0 (compatible; Googlebot/2.1; +http://www.google.com/bot.html)"
157.55.39.171 - - [26/Dec/2017:08:51:39 +0900] "GET /page_list HTTP/1.1" 200 8198 "-" "Mozilla/5.0 (iPhone; CPU iPhone OS 7_0 like Mac OS X) AppleWebKit/537.51.1 (KHTML, like Gecko) Version/7.0 Mobile/11A465 Safari/9537.53 (compatible; bingbot/2.0; +http://www.bing.com/bingbot.htm)"
66.249.64.78 - - [26/Dec/2017:08:55:48 +0900] "GET /page_list?genre=*&media=%E6%96%87%E7%AB%A0 HTTP/1.1" 200 23867 "-" "Mozilla/5.0 (compatible; Googlebot/2.1; +http://www.google.com/bot.html)"
66.249.64.80 - - [26/Dec/2017:09:00:49 +0900] "GET /r/input_evaluation/41 HTTP/1.1" 303 0 "-" "Mozilla/5.0 (compatible; Googlebot/2.1; +http://www.google.com/bot.html)"
66.249.64.76 - - [26/Dec/2017:09:00:50 +0900] "GET /signin_select HTTP/1.1" 303 0 "-" "Mozilla/5.0 (compatible; Googlebot/2.1; +http://www.google.com/bot.html)"
66.249.64.78 - - [26/Dec/2017:09:00:51 +0900] "GET /google_OAuth HTTP/1.1" 303 0 "-" "Mozilla/5.0 (compatible; Googlebot/2.1; +http://www.google.com/bot.html)"
66.249.64.80 - - [26/Dec/2017:09:06:29 +0900] "GET / HTTP/1.1" 200 6557 "-" "Mozilla/5.0 (compatible; Googlebot/2.1; +http://www.google.com/bot.html)"
66.249.64.76 - - [26/Dec/2017:10:22:58 +0900] "GET / HTTP/1.1" 200 6551 "-" "Mozilla/5.0 (Linux; Android 6.0.1; Nexus 5X Build/MMB29P) AppleWebKit/537.36 (KHTML, like Gecko) Chrome/41.0.2272.96 Mobile Safari/537.36 (compatible; Googlebot/2.1; +http://www.google.com/bot.html)"
123.59.78.122 - - [26/Dec/2017:11:09:33 +0900] "GET / HTTP/1.0" 200 6538 "-" "-"
153.197.33.18 - - [26/Dec/2017:12:26:02 +0900] "GET / HTTP/1.1" 200 6557 "-" "Mozilla/5.0 (Macintosh; Intel Mac OS X 10_13_2) AppleWebKit/604.4.7 (KHTML, like Gecko) Version/11.0.2 Safari/604.4.7"
153.197.33.18 - - [26/Dec/2017:12:26:03 +0900] "GET /s/image/favicon.png HTTP/1.1" 200 175287 "https://webrepo.nal.ie.u-ryukyu.ac.jp/" "Mozilla/5.0 (Macintosh; Intel Mac OS X 10_13_2) AppleWebKit/604.4.7 (KHTML, like Gecko) Version/11.0.2 Safari/604.4.7"
157.55.39.171 - - [26/Dec/2017:12:35:09 +0900] "GET /robots.txt HTTP/1.1" 404 23 "-" "Mozilla/5.0 (compatible; bingbot/2.0; +http://www.bing.com/bingbot.htm)"
66.249.64.76 - - [26/Dec/2017:13:06:22 +0900] "GET / HTTP/1.1" 200 6557 "-" "Mozilla/5.0 (compatible; Googlebot/2.1; +http://www.google.com/bot.html)"
85.93.20.252 - - [26/Dec/2017:15:29:49 +0900] "SSH-2.0-libssh2_1.7.0" 400 166 "-" "-"
66.249.64.78 - - [26/Dec/2017:15:56:50 +0900] "GET / HTTP/1.1" 200 6551 "-" "Mozilla/5.0 (Linux; Android 6.0.1; Nexus 5X Build/MMB29P) AppleWebKit/537.36 (KHTML, like Gecko) Chrome/41.0.2272.96 Mobile Safari/537.36 (compatible; Googlebot/2.1; +http://www.google.com/bot.html)"
66.249.64.80 - - [26/Dec/2017:15:56:52 +0900] "GET /robots.txt HTTP/1.1" 404 23 "-" "Mozilla/5.0 (compatible; Googlebot/2.1; +http://www.google.com/bot.html)"
66.249.64.80 - - [26/Dec/2017:16:16:55 +0900] "GET / HTTP/1.1" 200 6557 "-" "Mozilla/5.0 (compatible; Googlebot/2.1; +http://www.google.com/bot.html)"
164.132.91.13 - - [26/Dec/2017:16:21:13 +0900] "GET / HTTP/1.1" 200 6551 "-" "Mozilla/5.0 (compatible; MSIE 9.0; AOL 9.7; AOLBuild 4343.19;"
133.13.48.142 - - [26/Dec/2017:18:44:35 +0900] "GET / HTTP/1.1" 200 6557 "-" "Mozilla/5.0 (Macintosh; Intel Mac OS X 10_13_1) AppleWebKit/604.3.5 (KHTML, like Gecko)"
133.13.48.142 - - [26/Dec/2017:18:44:36 +0900] "GET /apple-touch-icon-precomposed.png HTTP/1.1" 404 23 "-" "Safari/13604.3.5 CFNetwork/889.9 Darwin/17.2.0 (x86_64)"
133.13.48.142 - - [26/Dec/2017:18:44:36 +0900] "GET /apple-touch-icon.png HTTP/1.1" 404 23 "-" "Safari/13604.3.5 CFNetwork/889.9 Darwin/17.2.0 (x86_64)"
133.13.48.142 - - [26/Dec/2017:18:44:36 +0900] "GET /s/image/favicon.png HTTP/1.1" 200 175287 "-" "Safari/13604.3.5 CFNetwork/889.9 Darwin/17.2.0 (x86_64)"
66.249.64.76 - - [26/Dec/2017:19:14:51 +0900] "GET / HTTP/1.1" 200 6557 "-" "Mozilla/5.0 (Linux; Android 6.0.1; Nexus 5X Build/MMB29P) AppleWebKit/537.36 (KHTML, like Gecko) Chrome/41.0.2272.96 Mobile Safari/537.36 (compatible; Googlebot/2.1; +http://www.google.com/bot.html)"
139.162.116.133 - - [26/Dec/2017:20:20:15 +0900] "GET / HTTP/1.1" 200 6551 "-" "Mozilla/5.0 (Windows NT 10.0; WOW64) AppleWebKit/537.36 (KHTML, like Gecko) Chrome/50.0.2661.102 Safari/537.36"
66.249.64.78 - - [26/Dec/2017:20:35:59 +0900] "GET / HTTP/1.1" 200 6557 "-" "Mozilla/5.0 (compatible; Googlebot/2.1; +http://www.google.com/bot.html)"
66.249.64.76 - - [26/Dec/2017:20:36:00 +0900] "GET / HTTP/1.1" 200 6551 "-" "Mozilla/5.0 (compatible; Googlebot/2.1; +http://www.google.com/bot.html)"
66.249.64.78 - - [26/Dec/2017:20:40:47 +0900] "GET /page_list?genre=*&media=%E6%96%87%E7%AB%A0 HTTP/1.1" 200 23867 "-" "Mozilla/5.0 (compatible; Googlebot/2.1; +http://www.google.com/bot.html)"
66.249.64.76 - - [26/Dec/2017:20:46:31 +0900] "GET /preview_evaluation/21 HTTP/1.1" 200 9888 "-" "Mozilla/5.0 (compatible; Googlebot/2.1; +http://www.google.com/bot.html)"
66.249.64.78 - - [26/Dec/2017:20:47:01 +0900] "GET /preview_evaluation/15 HTTP/1.1" 200 9590 "-" "Mozilla/5.0 (compatible; Googlebot/2.1; +http://www.google.com/bot.html)"
66.249.64.78 - - [26/Dec/2017:20:47:43 +0900] "GET /preview_evaluation/32 HTTP/1.1" 200 10496 "-" "Mozilla/5.0 (compatible; Googlebot/2.1; +http://www.google.com/bot.html)"
66.249.64.80 - - [26/Dec/2017:20:48:23 +0900] "GET /r/input_evaluation/8 HTTP/1.1" 303 0 "-" "Mozilla/5.0 (compatible; Googlebot/2.1; +http://www.google.com/bot.html)"
66.249.64.78 - - [26/Dec/2017:20:48:24 +0900] "GET /signin_select HTTP/1.1" 303 0 "-" "Mozilla/5.0 (compatible; Googlebot/2.1; +http://www.google.com/bot.html)"
66.249.64.76 - - [26/Dec/2017:20:48:25 +0900] "GET /google_OAuth HTTP/1.1" 303 0 "-" "Mozilla/5.0 (compatible; Googlebot/2.1; +http://www.google.com/bot.html)"
88.229.243.47 - - [26/Dec/2017:20:54:48 +0900] "GET / HTTP/1.1" 200 6557 "https://webrepo.nal.ie.u-ryukyu.ac.jp" "Mozilla/5.0 (Windows NT 6.3; WOW64; rv:50.0) Gecko/20100101 Firefox/50.0"
66.249.64.80 - - [26/Dec/2017:21:11:58 +0900] "GET / HTTP/1.1" 200 6557 "-" "Mozilla/5.0 (Linux; Android 6.0.1; Nexus 5X Build/MMB29P) AppleWebKit/537.36 (KHTML, like Gecko) Chrome/41.0.2272.96 Mobile Safari/537.36 (compatible; Googlebot/2.1; +http://www.google.com/bot.html)"
88.229.243.47 - - [26/Dec/2017:21:13:48 +0900] "GET / HTTP/1.1" 200 6551 "https://webrepo.nal.ie.u-ryukyu.ac.jp/" "Mozilla/5.0 (Windows NT 6.3; WOW64; rv:50.0) Gecko/20100101 Firefox/50.0"
88.229.243.47 - - [26/Dec/2017:21:13:50 +0900] "GET /about HTTP/1.1" 200 5397 "https://webrepo.nal.ie.u-ryukyu.ac.jp/" "Mozilla/5.0 (Windows NT 6.3; WOW64; rv:50.0) Gecko/20100101 Firefox/50.0"
88.229.243.47 - - [26/Dec/2017:21:13:50 +0900] "GET /r/mypage HTTP/1.1" 303 0 "https://webrepo.nal.ie.u-ryukyu.ac.jp/" "Mozilla/5.0 (Windows NT 6.3; WOW64; rv:50.0) Gecko/20100101 Firefox/50.0"
88.229.243.47 - - [26/Dec/2017:21:13:50 +0900] "GET /r/input_evaluation HTTP/1.1" 303 0 "https://webrepo.nal.ie.u-ryukyu.ac.jp/" "Mozilla/5.0 (Windows NT 6.3; WOW64; rv:50.0) Gecko/20100101 Firefox/50.0"
88.229.243.47 - - [26/Dec/2017:21:13:51 +0900] "GET /signin_select HTTP/1.1" 303 0 "https://webrepo.nal.ie.u-ryukyu.ac.jp/r/mypage" "Mozilla/5.0 (Windows NT 6.3; WOW64; rv:50.0) Gecko/20100101 Firefox/50.0"
88.229.243.47 - - [26/Dec/2017:21:13:51 +0900] "GET /signin_select HTTP/1.1" 303 0 "https://webrepo.nal.ie.u-ryukyu.ac.jp/r/input_evaluation" "Mozilla/5.0 (Windows NT 6.3; WOW64; rv:50.0) Gecko/20100101 Firefox/50.0"
88.229.243.47 - - [26/Dec/2017:21:13:51 +0900] "GET /google_OAuth HTTP/1.1" 303 0 "https://webrepo.nal.ie.u-ryukyu.ac.jp/signin_select" "Mozilla/5.0 (Windows NT 6.3; WOW64; rv:50.0) Gecko/20100101 Firefox/50.0"
88.229.243.47 - - [26/Dec/2017:21:13:51 +0900] "GET /google_OAuth HTTP/1.1" 303 0 "https://webrepo.nal.ie.u-ryukyu.ac.jp/signin_select" "Mozilla/5.0 (Windows NT 6.3; WOW64; rv:50.0) Gecko/20100101 Firefox/50.0"
88.229.243.47 - - [26/Dec/2017:21:13:52 +0900] "GET /page_list?genre=*&media=%E6%96%87%E7%AB HTTP/1.1" 200 8204 "https://webrepo.nal.ie.u-ryukyu.ac.jp/" "Mozilla/5.0 (Windows NT 6.3; WOW64; rv:50.0) Gecko/20100101 Firefox/50.0"
88.229.243.47 - - [26/Dec/2017:21:13:52 +0900] "GET /xhr.responseText; HTTP/1.1" 404 23 "https://webrepo.nal.ie.u-ryukyu.ac.jp/" "Mozilla/5.0 (Windows NT 6.3; WOW64; rv:50.0) Gecko/20100101 Firefox/50.0"
88.229.243.47 - - [26/Dec/2017:21:13:52 +0900] "GET /r/register_page HTTP/1.1" 303 0 "https://webrepo.nal.ie.u-ryukyu.ac.jp/" "Mozilla/5.0 (Windows NT 6.3; WOW64; rv:50.0) Gecko/20100101 Firefox/50.0"
88.229.243.47 - - [26/Dec/2017:21:13:53 +0900] "GET /signin_select HTTP/1.1" 303 0 "https://webrepo.nal.ie.u-ryukyu.ac.jp/r/register_page" "Mozilla/5.0 (Windows NT 6.3; WOW64; rv:50.0) Gecko/20100101 Firefox/50.0"
88.229.243.47 - - [26/Dec/2017:21:13:53 +0900] "GET /google_OAuth HTTP/1.1" 303 0 "https://webrepo.nal.ie.u-ryukyu.ac.jp/signin_select" "Mozilla/5.0 (Windows NT 6.3; WOW64; rv:50.0) Gecko/20100101 Firefox/50.0"
88.229.243.47 - - [26/Dec/2017:21:14:00 +0900] "GET /term_of_service HTTP/1.1" 200 9909 "https://webrepo.nal.ie.u-ryukyu.ac.jp/" "Mozilla/5.0 (Windows NT 6.3; WOW64; rv:50.0) Gecko/20100101 Firefox/50.0"
66.249.64.76 - - [26/Dec/2017:21:28:52 +0900] "GET /r/input_evaluation/2 HTTP/1.1" 303 0 "-" "Mozilla/5.0 (compatible; Googlebot/2.1; +http://www.google.com/bot.html)"
66.249.64.80 - - [26/Dec/2017:21:28:54 +0900] "GET /signin_select HTTP/1.1" 303 0 "-" "Mozilla/5.0 (compatible; Googlebot/2.1; +http://www.google.com/bot.html)"
66.249.64.80 - - [26/Dec/2017:21:28:54 +0900] "GET /google_OAuth HTTP/1.1" 303 0 "-" "Mozilla/5.0 (compatible; Googlebot/2.1; +http://www.google.com/bot.html)"
88.229.243.47 - - [26/Dec/2017:21:50:01 +0900] "GET / HTTP/1.1" 200 6557 "https://webrepo.nal.ie.u-ryukyu.ac.jp/" "Mozilla/5.0 (Windows NT 6.3; WOW64; rv:50.0) Gecko/20100101 Firefox/50.0"
88.229.243.47 - - [26/Dec/2017:21:50:01 +0900] "GET /r/mypage HTTP/1.1" 303 0 "https://webrepo.nal.ie.u-ryukyu.ac.jp/" "Mozilla/5.0 (Windows NT 6.3; WOW64; rv:50.0) Gecko/20100101 Firefox/50.0"
88.229.243.47 - - [26/Dec/2017:21:50:01 +0900] "GET /page_list?genre=*&media=%E6%96%87%E7%AB HTTP/1.1" 200 8198 "https://webrepo.nal.ie.u-ryukyu.ac.jp/" "Mozilla/5.0 (Windows NT 6.3; WOW64; rv:50.0) Gecko/20100101 Firefox/50.0"
88.229.243.47 - - [26/Dec/2017:21:50:02 +0900] "GET /signin_select HTTP/1.1" 303 0 "https://webrepo.nal.ie.u-ryukyu.ac.jp/r/mypage" "Mozilla/5.0 (Windows NT 6.3; WOW64; rv:50.0) Gecko/20100101 Firefox/50.0"
88.229.243.47 - - [26/Dec/2017:21:50:02 +0900] "GET /google_OAuth HTTP/1.1" 303 0 "https://webrepo.nal.ie.u-ryukyu.ac.jp/signin_select" "Mozilla/5.0 (Windows NT 6.3; WOW64; rv:50.0) Gecko/20100101 Firefox/50.0"
88.229.243.47 - - [26/Dec/2017:21:50:37 +0900] "GET /about HTTP/1.1" 200 5403 "https://webrepo.nal.ie.u-ryukyu.ac.jp/" "Mozilla/5.0 (Windows NT 6.3; WOW64; rv:50.0) Gecko/20100101 Firefox/50.0"
88.229.243.47 - - [26/Dec/2017:21:50:38 +0900] "GET /page_list?genre=*&media=%E6%96%87%E7%AB HTTP/1.1" 200 8198 "https://webrepo.nal.ie.u-ryukyu.ac.jp/" "Mozilla/5.0 (Windows NT 6.3; WOW64; rv:50.0) Gecko/20100101 Firefox/50.0"
66.249.64.76 - - [26/Dec/2017:22:45:12 +0900] "GET /r/input_evaluation/3 HTTP/1.1" 303 0 "-" "Mozilla/5.0 (compatible; Googlebot/2.1; +http://www.google.com/bot.html)"
66.249.64.78 - - [26/Dec/2017:22:45:13 +0900] "GET /signin_select HTTP/1.1" 303 0 "-" "Mozilla/5.0 (compatible; Googlebot/2.1; +http://www.google.com/bot.html)"
66.249.64.76 - - [26/Dec/2017:22:45:14 +0900] "GET /google_OAuth HTTP/1.1" 303 0 "-" "Mozilla/5.0 (compatible; Googlebot/2.1; +http://www.google.com/bot.html)"
184.105.247.252 - - [26/Dec/2017:23:08:15 +0900] "GET / HTTP/1.1" 200 6557 "-" "-"
66.249.64.80 - - [27/Dec/2017:00:00:27 +0900] "GET /r/input_evaluation/38 HTTP/1.1" 303 0 "-" "Mozilla/5.0 (compatible; Googlebot/2.1; +http://www.google.com/bot.html)"
66.249.64.76 - - [27/Dec/2017:00:00:28 +0900] "GET /signin_select HTTP/1.1" 303 0 "-" "Mozilla/5.0 (compatible; Googlebot/2.1; +http://www.google.com/bot.html)"
66.249.64.80 - - [27/Dec/2017:00:00:29 +0900] "GET /google_OAuth HTTP/1.1" 303 0 "-" "Mozilla/5.0 (compatible; Googlebot/2.1; +http://www.google.com/bot.html)"
180.32.5.94 - - [27/Dec/2017:00:27:26 +0900] "GET / HTTP/1.1" 200 6557 "https://www.google.co.jp/" "Mozilla/5.0 (Windows NT 10.0; Win64; x64; rv:57.0) Gecko/20100101 Firefox/57.0"
180.32.5.94 - - [27/Dec/2017:00:27:26 +0900] "GET /favicon.ico HTTP/1.1" 404 23 "-" "Mozilla/5.0 (Windows NT 10.0; Win64; x64; rv:57.0) Gecko/20100101 Firefox/57.0"
180.32.5.94 - - [27/Dec/2017:00:27:27 +0900] "GET /s/image/favicon.png HTTP/1.1" 200 175287 "-" "Mozilla/5.0 (Windows NT 10.0; Win64; x64; rv:57.0) Gecko/20100101 Firefox/57.0"
180.32.5.94 - - [27/Dec/2017:00:27:36 +0900] "GET /about HTTP/1.1" 200 5397 "https://webrepo.nal.ie.u-ryukyu.ac.jp/" "Mozilla/5.0 (Windows NT 10.0; Win64; x64; rv:57.0) Gecko/20100101 Firefox/57.0"
180.32.5.94 - - [27/Dec/2017:00:27:40 +0900] "GET /r/mypage HTTP/1.1" 303 0 "https://webrepo.nal.ie.u-ryukyu.ac.jp/about" "Mozilla/5.0 (Windows NT 10.0; Win64; x64; rv:57.0) Gecko/20100101 Firefox/57.0"
180.32.5.94 - - [27/Dec/2017:00:27:41 +0900] "GET /signin_select HTTP/1.1" 303 0 "https://webrepo.nal.ie.u-ryukyu.ac.jp/about" "Mozilla/5.0 (Windows NT 10.0; Win64; x64; rv:57.0) Gecko/20100101 Firefox/57.0"
180.32.5.94 - - [27/Dec/2017:00:27:41 +0900] "GET /google_OAuth HTTP/1.1" 303 0 "https://webrepo.nal.ie.u-ryukyu.ac.jp/about" "Mozilla/5.0 (Windows NT 10.0; Win64; x64; rv:57.0) Gecko/20100101 Firefox/57.0"
209.126.136.7 - - [27/Dec/2017:01:12:46 +0900] "GET / HTTP/1.1" 200 6557 "-" "Mozilla/5.0 (Windows NT 10.0; Win64; x64) AppleWebKit/537.36 (KHTML, like Gecko) Chrome/57.0.2987.133 Safari/537.36"
66.249.64.80 - - [27/Dec/2017:01:16:39 +0900] "GET /r/recommend_eval/21/21 HTTP/1.1" 405 32 "-" "Mozilla/5.0 (compatible; Googlebot/2.1; +http://www.google.com/bot.html)"
169.229.3.91 - - [27/Dec/2017:01:47:10 +0900] "GET / HTTP/1.1" 200 6557 "-" "Mozilla/5.0 zgrab/0.x"
66.249.64.78 - - [27/Dec/2017:02:32:01 +0900] "GET /r/recommend_eval/15/15 HTTP/1.1" 405 32 "-" "Mozilla/5.0 (compatible; Googlebot/2.1; +http://www.google.com/bot.html)"
158.85.81.120 - - [27/Dec/2017:02:57:09 +0900] "GET / HTTP/1.1" 200 6557 "-" "-"
66.249.77.23 - - [27/Dec/2017:03:47:47 +0900] "GET /r/recommend_eval/32/32 HTTP/1.1" 405 32 "-" "Mozilla/5.0 (compatible; Googlebot/2.1; +http://www.google.com/bot.html)"
66.249.77.21 - - [27/Dec/2017:05:03:37 +0900] "GET /robots.txt HTTP/1.1" 404 23 "-" "Mozilla/5.0 (compatible; Googlebot/2.1; +http://www.google.com/bot.html)"
66.249.77.23 - - [27/Dec/2017:05:03:37 +0900] "GET /r/input_comment/32/32/0 HTTP/1.1" 303 0 "-" "Mozilla/5.0 (compatible; Googlebot/2.1; +http://www.google.com/bot.html)"
66.249.77.22 - - [27/Dec/2017:05:03:38 +0900] "GET /signin_select HTTP/1.1" 303 0 "-" "Mozilla/5.0 (compatible; Googlebot/2.1; +http://www.google.com/bot.html)"
66.249.77.21 - - [27/Dec/2017:05:03:38 +0900] "GET /google_OAuth HTTP/1.1" 303 0 "-" "Mozilla/5.0 (compatible; Googlebot/2.1; +http://www.google.com/bot.html)"
213.204.50.45 - - [27/Dec/2017:05:27:10 +0900] "GET / HTTP/1.1" 200 6557 "-" "curl/7.43.0"
66.249.77.22 - - [27/Dec/2017:06:19:21 +0900] "GET /r/input_comment/15/15/0 HTTP/1.1" 303 0 "-" "Mozilla/5.0 (compatible; Googlebot/2.1; +http://www.google.com/bot.html)"
66.249.77.21 - - [27/Dec/2017:06:19:22 +0900] "GET /signin_select HTTP/1.1" 303 0 "-" "Mozilla/5.0 (compatible; Googlebot/2.1; +http://www.google.com/bot.html)"
66.249.77.21 - - [27/Dec/2017:06:19:23 +0900] "GET /google_OAuth HTTP/1.1" 303 0 "-" "Mozilla/5.0 (compatible; Googlebot/2.1; +http://www.google.com/bot.html)"
66.249.77.22 - - [27/Dec/2017:07:35:13 +0900] "GET /r/input_evaluation/33 HTTP/1.1" 303 0 "-" "Mozilla/5.0 (compatible; Googlebot/2.1; +http://www.google.com/bot.html)"
66.249.77.23 - - [27/Dec/2017:07:35:14 +0900] "GET /signin_select HTTP/1.1" 303 0 "-" "Mozilla/5.0 (compatible; Googlebot/2.1; +http://www.google.com/bot.html)"
66.249.77.23 - - [27/Dec/2017:07:35:15 +0900] "GET /google_OAuth HTTP/1.1" 303 0 "-" "Mozilla/5.0 (compatible; Googlebot/2.1; +http://www.google.com/bot.html)"
66.249.77.21 - - [27/Dec/2017:08:50:56 +0900] "GET /r/input_evaluation/41 HTTP/1.1" 303 0 "-" "Mozilla/5.0 (compatible; Googlebot/2.1; +http://www.google.com/bot.html)"
66.249.77.23 - - [27/Dec/2017:08:50:57 +0900] "GET /signin_select HTTP/1.1" 303 0 "-" "Mozilla/5.0 (compatible; Googlebot/2.1; +http://www.google.com/bot.html)"
66.249.77.22 - - [27/Dec/2017:08:50:57 +0900] "GET /google_OAuth HTTP/1.1" 303 0 "-" "Mozilla/5.0 (compatible; Googlebot/2.1; +http://www.google.com/bot.html)"
66.249.77.21 - - [27/Dec/2017:10:06:42 +0900] "GET /r/input_evaluation/17 HTTP/1.1" 303 0 "-" "Mozilla/5.0 (compatible; Googlebot/2.1; +http://www.google.com/bot.html)"
66.249.77.21 - - [27/Dec/2017:10:06:43 +0900] "GET /signin_select HTTP/1.1" 303 0 "-" "Mozilla/5.0 (compatible; Googlebot/2.1; +http://www.google.com/bot.html)"
66.249.77.23 - - [27/Dec/2017:10:06:44 +0900] "GET /google_OAuth HTTP/1.1" 303 0 "-" "Mozilla/5.0 (compatible; Googlebot/2.1; +http://www.google.com/bot.html)"
66.249.77.23 - - [27/Dec/2017:11:22:29 +0900] "GET /r/input_evaluation/16 HTTP/1.1" 303 0 "-" "Mozilla/5.0 (compatible; Googlebot/2.1; +http://www.google.com/bot.html)"
66.249.77.23 - - [27/Dec/2017:11:22:30 +0900] "GET /signin_select HTTP/1.1" 303 0 "-" "Mozilla/5.0 (compatible; Googlebot/2.1; +http://www.google.com/bot.html)"
66.249.77.21 - - [27/Dec/2017:11:22:31 +0900] "GET /google_OAuth HTTP/1.1" 303 0 "-" "Mozilla/5.0 (compatible; Googlebot/2.1; +http://www.google.com/bot.html)"
66.249.77.23 - - [27/Dec/2017:12:12:28 +0900] "GET /preview_evaluation/32 HTTP/1.1" 200 10496 "-" "Mozilla/5.0 (compatible; Googlebot/2.1; +http://www.google.com/bot.html)"
66.249.77.23 - - [27/Dec/2017:12:12:30 +0900] "GET /preview_evaluation/32 HTTP/1.1" 200 10489 "-" "Mozilla/5.0 (compatible; Googlebot/2.1; +http://www.google.com/bot.html)"
45.55.4.252 - - [27/Dec/2017:12:34:48 +0900] "GET / HTTP/1.1" 200 6557 "-" "Mozilla/5.0 zgrab/0.x"
66.249.77.22 - - [27/Dec/2017:12:38:16 +0900] "GET /r/input_evaluation/39 HTTP/1.1" 303 0 "-" "Mozilla/5.0 (compatible; Googlebot/2.1; +http://www.google.com/bot.html)"
66.249.77.23 - - [27/Dec/2017:12:38:17 +0900] "GET /signin_select HTTP/1.1" 303 0 "-" "Mozilla/5.0 (compatible; Googlebot/2.1; +http://www.google.com/bot.html)"
66.249.77.23 - - [27/Dec/2017:12:38:18 +0900] "GET /google_OAuth HTTP/1.1" 303 0 "-" "Mozilla/5.0 (compatible; Googlebot/2.1; +http://www.google.com/bot.html)"
66.249.77.22 - - [27/Dec/2017:13:54:03 +0900] "GET /r/edit_page_cate/32 HTTP/1.1" 303 0 "-" "Mozilla/5.0 (compatible; Googlebot/2.1; +http://www.google.com/bot.html)"
66.249.77.21 - - [27/Dec/2017:13:54:04 +0900] "GET /signin_select HTTP/1.1" 303 0 "-" "Mozilla/5.0 (compatible; Googlebot/2.1; +http://www.google.com/bot.html)"
66.249.77.23 - - [27/Dec/2017:13:54:05 +0900] "GET /google_OAuth HTTP/1.1" 303 0 "-" "Mozilla/5.0 (compatible; Googlebot/2.1; +http://www.google.com/bot.html)"
157.55.39.171 - - [27/Dec/2017:14:00:43 +0900] "GET / HTTP/1.1" 200 6557 "-" "Mozilla/5.0 (iPhone; CPU iPhone OS 7_0 like Mac OS X) AppleWebKit/537.51.1 (KHTML, like Gecko) Version/7.0 Mobile/11A465 Safari/9537.53 (compatible; bingbot/2.0; +http://www.bing.com/bingbot.htm)"
66.249.77.21 - - [27/Dec/2017:15:10:10 +0900] "GET /r/edit_page_cate/15 HTTP/1.1" 303 0 "-" "Mozilla/5.0 (compatible; Googlebot/2.1; +http://www.google.com/bot.html)"
66.249.77.21 - - [27/Dec/2017:15:10:11 +0900] "GET /signin_select HTTP/1.1" 303 0 "-" "Mozilla/5.0 (compatible; Googlebot/2.1; +http://www.google.com/bot.html)"
66.249.77.23 - - [27/Dec/2017:15:10:11 +0900] "GET /google_OAuth HTTP/1.1" 303 0 "-" "Mozilla/5.0 (compatible; Googlebot/2.1; +http://www.google.com/bot.html)"
180.32.5.94 - - [27/Dec/2017:15:52:00 +0900] "GET /r/input_evaluation HTTP/1.1" 303 0 "https://webrepo.nal.ie.u-ryukyu.ac.jp/" "Mozilla/5.0 (Windows NT 10.0; Win64; x64) AppleWebKit/537.36 (KHTML, like Gecko) Chrome/63.0.3239.84 Safari/537.36"
180.32.5.94 - - [27/Dec/2017:15:52:00 +0900] "GET /signin_select HTTP/1.1" 303 0 "https://webrepo.nal.ie.u-ryukyu.ac.jp/" "Mozilla/5.0 (Windows NT 10.0; Win64; x64) AppleWebKit/537.36 (KHTML, like Gecko) Chrome/63.0.3239.84 Safari/537.36"
180.32.5.94 - - [27/Dec/2017:15:52:00 +0900] "GET /google_OAuth HTTP/1.1" 303 0 "https://webrepo.nal.ie.u-ryukyu.ac.jp/" "Mozilla/5.0 (Windows NT 10.0; Win64; x64) AppleWebKit/537.36 (KHTML, like Gecko) Chrome/63.0.3239.84 Safari/537.36"
180.32.5.94 - - [27/Dec/2017:15:52:02 +0900] "GET /oauth2callback_google?state=DlQqMeAeJPsK1vbz&code=4/HvegH5XU-ou8x1B3_a9sXMyzwA26OtSWyj4_-0ULQF0 HTTP/1.1" 303 0 "https://webrepo.nal.ie.u-ryukyu.ac.jp/" "Mozilla/5.0 (Windows NT 10.0; Win64; x64) AppleWebKit/537.36 (KHTML, like Gecko) Chrome/63.0.3239.84 Safari/537.36"
180.32.5.94 - - [27/Dec/2017:15:52:03 +0900] "GET /oauth2callback_google?state=DlQqMeAeJPsK1vbz&code=4/pAWuRRL-WhJ3pOdq-JPoHkgHBgjPY02gY8pyDSuAx1Y HTTP/1.1" 303 0 "https://webrepo.nal.ie.u-ryukyu.ac.jp/" "Mozilla/5.0 (Windows NT 10.0; Win64; x64) AppleWebKit/537.36 (KHTML, like Gecko) Chrome/63.0.3239.84 Safari/537.36"
180.32.5.94 - - [27/Dec/2017:15:52:03 +0900] "GET / HTTP/1.1" 200 6557 "https://webrepo.nal.ie.u-ryukyu.ac.jp/" "Mozilla/5.0 (Windows NT 10.0; Win64; x64) AppleWebKit/537.36 (KHTML, like Gecko) Chrome/63.0.3239.84 Safari/537.36"
180.32.5.94 - - [27/Dec/2017:15:52:03 +0900] "GET /s/image/favicon.png HTTP/1.1" 200 175287 "https://webrepo.nal.ie.u-ryukyu.ac.jp/" "Mozilla/5.0 (Windows NT 10.0; Win64; x64) AppleWebKit/537.36 (KHTML, like Gecko) Chrome/63.0.3239.84 Safari/537.36"
66.249.77.22 - - [27/Dec/2017:16:25:38 +0900] "GET /r/edit_page_cate/21 HTTP/1.1" 303 0 "-" "Mozilla/5.0 (compatible; Googlebot/2.1; +http://www.google.com/bot.html)"
66.249.77.22 - - [27/Dec/2017:16:25:39 +0900] "GET /signin_select HTTP/1.1" 303 0 "-" "Mozilla/5.0 (compatible; Googlebot/2.1; +http://www.google.com/bot.html)"
66.249.77.22 - - [27/Dec/2017:16:25:39 +0900] "GET /google_OAuth HTTP/1.1" 303 0 "-" "Mozilla/5.0 (compatible; Googlebot/2.1; +http://www.google.com/bot.html)"
66.249.79.132 - - [27/Dec/2017:16:42:19 +0900] "GET /.well-known/assetlinks.json HTTP/1.1" 404 23 "-" "Mozilla/5.0 (compatible; Googlebot/2.1; +http://www.google.com/bot.html)"
66.249.79.134 - - [27/Dec/2017:17:41:27 +0900] "GET /robots.txt HTTP/1.1" 404 23 "-" "Mozilla/5.0 (compatible; Googlebot/2.1; +http://www.google.com/bot.html)"
66.249.77.22 - - [27/Dec/2017:17:41:27 +0900] "GET /r/input_evaluation/21 HTTP/1.1" 303 0 "-" "Mozilla/5.0 (compatible; Googlebot/2.1; +http://www.google.com/bot.html)"
66.249.77.22 - - [27/Dec/2017:17:41:28 +0900] "GET /signin_select HTTP/1.1" 303 0 "-" "Mozilla/5.0 (compatible; Googlebot/2.1; +http://www.google.com/bot.html)"
66.249.77.22 - - [27/Dec/2017:17:41:29 +0900] "GET /google_OAuth HTTP/1.1" 303 0 "-" "Mozilla/5.0 (compatible; Googlebot/2.1; +http://www.google.com/bot.html)"
157.55.39.171 - - [27/Dec/2017:18:30:05 +0900] "GET /robots.txt HTTP/1.1" 404 23 "-" "Mozilla/5.0 (compatible; bingbot/2.0; +http://www.bing.com/bingbot.htm)"
66.249.77.22 - - [27/Dec/2017:20:25:39 +0900] "GET /.well-known/apple-app-site-association HTTP/1.1" 404 23 "-" "Mozilla/5.0 (compatible; Googlebot/2.1; +http://www.google.com/bot.html)"
63.246.129.199 - - [27/Dec/2017:22:15:55 +0900] "HEAD /var/log/system.log HTTP/1.1" 404 0 "http://133.13.50.82:80/var/log/system.log" "Mozilla/5.0 (Macintosh; Intel Mac OS X 10_13_2) AppleWebKit/604.4.7 (KHTML, like Gecko) Version/11.0.2 Safari/604.4.7"
138.246.253.19 - - [27/Dec/2017:22:32:44 +0900] "HEAD / HTTP/1.1" 400 0 "-" "-"
184.105.247.195 - - [27/Dec/2017:22:54:55 +0900] "GET / HTTP/1.1" 200 6557 "-" "-"
46.229.164.102 - - [28/Dec/2017:03:28:29 +0900] "GET /robots.txt HTTP/1.1" 404 23 "-" "Mozilla/5.0 (compatible; SemrushBot/1.2~bl; +http://www.semrush.com/bot.html)"
66.249.77.23 - - [28/Dec/2017:04:12:50 +0900] "GET /apple-app-site-association HTTP/1.1" 404 23 "-" "Mozilla/5.0 (compatible; Googlebot/2.1; +http://www.google.com/bot.html)"
139.162.113.204 - - [28/Dec/2017:12:26:40 +0900] "GET / HTTP/1.1" 200 6557 "-" "Mozilla/5.0 (Windows NT 10.0; WOW64) AppleWebKit/537.36 (KHTML, like Gecko) Chrome/50.0.2661.102 Safari/537.36"
223.105.4.250 - - [28/Dec/2017:12:42:48 +0900] "GET http://112.124.127.162:83/index.php HTTP/1.1" 400 666 "-" "Mozilla/5.0 (Windows NT 6.1; WOW64) AppleWebKit/537.36 (KHTML, like Gecko) Chrome/47.0.2526.73 Safari/537.36 OPR/34.0.2036.25"
141.212.122.32 - - [28/Dec/2017:14:04:41 +0900] "GET / HTTP/1.1" 200 6551 "http://133.13.50.82:80/" "Mozilla/5.0 zgrab/0.x"
184.105.247.194 - - [28/Dec/2017:21:26:57 +0900] "GET / HTTP/1.1" 200 6551 "-" "-"
151.217.178.37 - - [28/Dec/2017:22:09:47 +0900] "GET / HTTP/1.1" 200 6557 "-" "Mozilla/5.0 (X11; Linux x86_64) AppleWebKit/537.36 (KHTML, like Gecko) Chrome/62.0.3202.62 Safari/537.36"
46.229.164.102 - - [28/Dec/2017:23:26:07 +0900] "GET /robots.txt HTTP/1.1" 404 23 "-" "Mozilla/5.0 (compatible; SemrushBot/1.2~bl; +http://www.semrush.com/bot.html)"
138.246.253.19 - - [29/Dec/2017:06:12:18 +0900] "HEAD / HTTP/1.1" 405 0 "-" "Mozilla/5.0 (Windows NT 6.1; Win64; x64) AppleWebKit/537.36 (KHTML, like Gecko) Chrome/40.0.2214.85 Safari/537.36"
164.52.6.150 - - [29/Dec/2017:08:07:55 +0900] "GET / HTTP/1.1" 200 6551 "-" "Mozilla/5.0 (Windows NT 6.1; WOW64; rv:52.0) Gecko/20100101 Firefox/52.0"
5.8.10.202 - - [29/Dec/2017:12:24:05 +0900] "GET / HTTP/1.1" 400 166 "-" "-"
107.6.171.130 - - [29/Dec/2017:14:50:21 +0900] "GET / HTTP/1.1" 200 6557 "-" "Mozilla/5.0 zgrab/0.x"
46.229.164.102 - - [29/Dec/2017:16:15:22 +0900] "GET /robots.txt HTTP/1.1" 404 23 "-" "Mozilla/5.0 (compatible; SemrushBot/1.2~bl; +http://www.semrush.com/bot.html)"
111.107.177.25 - - [29/Dec/2017:16:29:21 +0900] "GET / HTTP/1.1" 200 6557 "-" "Mozilla/5.0 (Macintosh; Intel Mac OS X 10.12; rv:57.0) Gecko/20100101 Firefox/57.0"
207.46.13.73 - - [29/Dec/2017:18:37:48 +0900] "GET /robots.txt HTTP/1.1" 404 23 "-" "Mozilla/5.0 (compatible; bingbot/2.0; +http://www.bing.com/bingbot.htm)"
185.35.63.76 - - [29/Dec/2017:20:55:56 +0900] "GET / HTTP/1.1" 200 6557 "-" "rs"
184.105.139.67 - - [29/Dec/2017:22:35:26 +0900] "GET / HTTP/1.1" 200 6557 "-" "-"
172.104.130.222 - - [29/Dec/2017:23:22:04 +0900] "GET / HTTP/1.1" 200 6557 "http://133.13.50.82:80/" "Mozilla/5.0 zgrab/0.x"
66.249.65.198 - - [30/Dec/2017:00:40:24 +0900] "GET /robots.txt HTTP/1.1" 404 23 "-" "Mozilla/5.0 (compatible; Googlebot/2.1; +http://www.google.com/bot.html)"
66.249.65.194 - - [30/Dec/2017:00:40:25 +0900] "GET /r/input_evaluation/15 HTTP/1.1" 303 0 "-" "Mozilla/5.0 (compatible; Googlebot/2.1; +http://www.google.com/bot.html)"
66.249.65.194 - - [30/Dec/2017:00:40:26 +0900] "GET /signin_select HTTP/1.1" 303 0 "-" "Mozilla/5.0 (compatible; Googlebot/2.1; +http://www.google.com/bot.html)"
66.249.65.194 - - [30/Dec/2017:00:40:26 +0900] "GET /google_OAuth HTTP/1.1" 303 0 "-" "Mozilla/5.0 (compatible; Googlebot/2.1; +http://www.google.com/bot.html)"
66.249.65.198 - - [30/Dec/2017:00:42:26 +0900] "GET /r/input_evaluation/32 HTTP/1.1" 303 0 "-" "Mozilla/5.0 (compatible; Googlebot/2.1; +http://www.google.com/bot.html)"
66.249.65.198 - - [30/Dec/2017:00:42:27 +0900] "GET /signin_select HTTP/1.1" 303 0 "-" "Mozilla/5.0 (compatible; Googlebot/2.1; +http://www.google.com/bot.html)"
66.249.65.198 - - [30/Dec/2017:00:42:27 +0900] "GET /google_OAuth HTTP/1.1" 303 0 "-" "Mozilla/5.0 (compatible; Googlebot/2.1; +http://www.google.com/bot.html)"
66.249.65.194 - - [30/Dec/2017:00:44:19 +0900] "GET /r/input_comment/21/21/0 HTTP/1.1" 303 0 "-" "Mozilla/5.0 (compatible; Googlebot/2.1; +http://www.google.com/bot.html)"
66.249.65.196 - - [30/Dec/2017:00:44:19 +0900] "GET /signin_select HTTP/1.1" 303 0 "-" "Mozilla/5.0 (compatible; Googlebot/2.1; +http://www.google.com/bot.html)"
66.249.65.196 - - [30/Dec/2017:00:44:20 +0900] "GET /google_OAuth HTTP/1.1" 303 0 "-" "Mozilla/5.0 (compatible; Googlebot/2.1; +http://www.google.com/bot.html)"
106.132.84.247 - - [30/Dec/2017:01:33:06 +0900] "GET / HTTP/1.1" 200 6557 "http://m.facebook.com" "Mozilla/5.0 (iPhone; CPU iPhone OS 11_2_1 like Mac OS X) AppleWebKit/604.4.7 (KHTML, like Gecko) Mobile/15C153 [FBAN/FBIOS;FBAV/153.0.0.53.87;FBBV/84268146;FBDV/iPhone10,3;FBMD/iPhone;FBSN/iOS;FBSV/11.2.1;FBSS/3;FBCR/KDDI;FBID/phone;FBLC/ja_JP;FBOP/5;FBRV/85066623]"
184.154.189.90 - - [30/Dec/2017:02:43:56 +0900] "GET / HTTP/1.1" 200 6557 "-" "Mozilla/5.0 zgrab/0.x"
46.229.164.102 - - [30/Dec/2017:03:58:06 +0900] "GET /robots.txt HTTP/1.1" 404 23 "-" "Mozilla/5.0 (compatible; SemrushBot/1.2~bl; +http://www.semrush.com/bot.html)"
85.93.20.252 - - [30/Dec/2017:04:42:14 +0900] "SSH-2.0-libssh2_1.7.0" 400 166 "-" "-"
71.6.146.186 - - [30/Dec/2017:05:07:04 +0900] "GET / HTTP/1.1" 200 6557 "-" "Mozilla/5.0 (X11; Linux x86_64) AppleWebKit/537.36 (KHTML, like Gecko) Chrome/34.0.1847.137 Safari/537.36"
71.6.146.186 - - [30/Dec/2017:05:07:08 +0900] "" 400 0 "-" "-"
71.6.146.186 - - [30/Dec/2017:05:07:08 +0900] "" 400 0 "-" "-"
71.6.146.186 - - [30/Dec/2017:05:07:11 +0900] "" 400 0 "-" "-"
71.6.146.186 - - [30/Dec/2017:05:07:15 +0900] "quit" 400 166 "-" "-"
61.240.145.3 - - [30/Dec/2017:06:02:39 +0900] "GET /bins.sh HTTP/1.1" 404 23 "-" "Mozilla/4.0 (compatible; MSIE 5.5; Windows NT)"
157.55.39.30 - - [30/Dec/2017:06:31:31 +0900] "GET / HTTP/1.1" 200 6557 "-" "Mozilla/5.0 (compatible; bingbot/2.0; +http://www.bing.com/bingbot.htm)"
157.55.39.30 - - [30/Dec/2017:09:50:48 +0900] "GET /page_list HTTP/1.1" 200 8192 "-" "Mozilla/5.0 (iPhone; CPU iPhone OS 7_0 like Mac OS X) AppleWebKit/537.51.1 (KHTML, like Gecko) Version/7.0 Mobile/11A465 Safari/9537.53 (compatible; bingbot/2.0; +http://www.bing.com/bingbot.htm)"
199.30.25.28 - - [30/Dec/2017:11:00:26 +0900] "GET / HTTP/1.1" 200 6557 "-" "Mozilla/5.0 (Windows NT 6.1; WOW64) AppleWebKit/534+ (KHTML, like Gecko) BingPreview/1.0b"
157.55.39.118 - - [30/Dec/2017:11:00:53 +0900] "GET /robots.txt HTTP/1.1" 404 23 "-" "Mozilla/5.0 (compatible; bingbot/2.0; +http://www.bing.com/bingbot.htm)"
157.55.39.30 - - [30/Dec/2017:11:01:26 +0900] "GET /robots.txt HTTP/1.1" 404 23 "-" "Mozilla/5.0 (compatible; bingbot/2.0; +http://www.bing.com/bingbot.htm)"
157.55.39.30 - - [30/Dec/2017:11:11:04 +0900] "GET /robots.txt HTTP/1.1" 404 23 "-" "Mozilla/5.0 (compatible; bingbot/2.0; +http://www.bing.com/bingbot.htm)"
169.54.233.125 - - [30/Dec/2017:13:49:41 +0900] "GET / HTTP/1.1" 200 6557 "-" "-"
46.229.164.102 - - [30/Dec/2017:14:33:25 +0900] "GET /robots.txt HTTP/1.1" 404 23 "-" "Mozilla/5.0 (compatible; SemrushBot/1.2~bl; +http://www.semrush.com/bot.html)"
139.162.78.135 - - [30/Dec/2017:16:45:17 +0900] "GET / HTTP/1.1" 200 6557 "-" "Mozilla/5.0 (Windows NT 10.0; WOW64) AppleWebKit/537.36 (KHTML, like Gecko) Chrome/45.0.2454.101 Safari/537.36"
108.178.61.58 - - [30/Dec/2017:17:49:48 +0900] "GET / HTTP/1.1" 200 6557 "http://133.13.50.82:80/" "Mozilla/5.0 zgrab/0.x"
104.236.131.31 - - [30/Dec/2017:17:55:09 +0900] "GET / HTTP/1.1" 200 6557 "-" "Mozilla/5.0 zgrab/0.x"
139.162.106.181 - - [30/Dec/2017:21:50:12 +0900] "GET / HTTP/1.1" 200 6557 "-" "Mozilla/5.0 (Windows NT 10.0; WOW64) AppleWebKit/537.36 (KHTML, like Gecko) Chrome/50.0.2661.102 Safari/537.36"
46.229.164.99 - - [31/Dec/2017:03:44:32 +0900] "GET /robots.txt HTTP/1.1" 404 23 "-" "Mozilla/5.0 (compatible; SemrushBot/1.2~bl; +http://www.semrush.com/bot.html)"
157.55.39.12 - - [31/Dec/2017:12:54:35 +0900] "GET /robots.txt HTTP/1.1" 404 23 "-" "Mozilla/5.0 (compatible; bingbot/2.0; +http://www.bing.com/bingbot.htm)"
66.249.77.23 - - [31/Dec/2017:15:57:32 +0900] "GET /robots.txt HTTP/1.1" 404 23 "-" "Mozilla/5.0 (compatible; Googlebot/2.1; +http://www.google.com/bot.html)"
66.249.77.21 - - [31/Dec/2017:15:57:33 +0900] "GET /.well-known/assetlinks.json HTTP/1.1" 404 23 "-" "Mozilla/5.0 (compatible; Googlebot/2.1; +http://www.google.com/bot.html)"
66.249.77.23 - - [31/Dec/2017:17:48:49 +0900] "GET /.well-known/apple-app-site-association HTTP/1.1" 404 23 "-" "Mozilla/5.0 (compatible; Googlebot/2.1; +http://www.google.com/bot.html)"
66.249.77.23 - - [31/Dec/2017:18:04:08 +0900] "GET /apple-app-site-association HTTP/1.1" 404 23 "-" "Mozilla/5.0 (compatible; Googlebot/2.1; +http://www.google.com/bot.html)"
66.249.77.22 - - [31/Dec/2017:19:51:03 +0900] "GET /robots.txt HTTP/1.1" 404 23 "-" "Mozilla/5.0 (compatible; Googlebot/2.1; +http://www.google.com/bot.html)"
66.249.77.22 - - [31/Dec/2017:19:51:04 +0900] "GET / HTTP/1.1" 200 6557 "-" "Mozilla/5.0 (Linux; Android 6.0.1; Nexus 5X Build/MMB29P) AppleWebKit/537.36 (KHTML, like Gecko) Chrome/41.0.2272.96 Mobile Safari/537.36 (compatible; Googlebot/2.1; +http://www.google.com/bot.html)"
126.245.16.252 - - [31/Dec/2017:22:03:46 +0900] "GET / HTTP/1.1" 200 6551 "http://m.facebook.com" "Mozilla/5.0 (iPhone; CPU iPhone OS 11_1_2 like Mac OS X) AppleWebKit/604.3.5 (KHTML, like Gecko) Mobile/15B202 [FBAN/FBIOS;FBAV/153.0.0.53.87;FBBV/84268146;FBDV/iPhone8,1;FBMD/iPhone;FBSN/iOS;FBSV/11.1.2;FBSS/2;FBCR/&#12477-&#12501-&#12488-&#12496-&#12531-&#12463-;FBID/phone;FBLC/ja_JP;FBOP/5;FBRV/85066623]"
74.82.47.5 - - [31/Dec/2017:22:36:51 +0900] "GET / HTTP/1.1" 200 6557 "-" "-"
66.249.77.22 - - [31/Dec/2017:23:39:23 +0900] "GET / HTTP/1.1" 200 6551 "-" "Mozilla/5.0 (compatible; Googlebot/2.1; +http://www.google.com/bot.html)"
66.249.79.132 - - [01/Jan/2018:00:40:20 +0900] "GET / HTTP/1.1" 200 6557 "-" "Mozilla/5.0 (compatible; Googlebot/2.1; +http://www.google.com/bot.html)"
66.249.77.22 - - [01/Jan/2018:01:46:29 +0900] "GET / HTTP/1.1" 200 6551 "-" "Mozilla/5.0 (Linux; Android 6.0.1; Nexus 5X Build/MMB29P) AppleWebKit/537.36 (KHTML, like Gecko) Chrome/41.0.2272.96 Mobile Safari/537.36 (compatible; Googlebot/2.1; +http://www.google.com/bot.html)"
66.249.77.22 - - [01/Jan/2018:02:42:18 +0900] "GET / HTTP/1.1" 200 6551 "-" "Mozilla/5.0 (compatible; Googlebot/2.1; +http://www.google.com/bot.html)"
139.162.106.181 - - [01/Jan/2018:03:32:19 +0900] "GET / HTTP/1.1" 200 6557 "-" "Mozilla/5.0 (Windows NT 10.0; WOW64) AppleWebKit/537.36 (KHTML, like Gecko) Chrome/50.0.2661.102 Safari/537.36"
66.249.77.21 - - [01/Jan/2018:04:29:34 +0900] "GET /robots.txt HTTP/1.1" 404 23 "-" "Mozilla/5.0 (compatible; Googlebot/2.1; +http://www.google.com/bot.html)"
